Archive member included because of file (symbol)

c:/altera/13.0sp1/nios2eds/bin/gnu/h-i686-mingw32/bin/../lib/gcc/nios2-elf/4.1.2/mno-hw-mul\libgcc.a(lib2-mul.o)
                              obj/default/bai61.o (__mulsi3)
../bai61_bsp/\libhal_bsp.a(alt_load.o)
                              ../bai61_bsp//obj/HAL/src/crt0.o (alt_load)
../bai61_bsp/\libhal_bsp.a(alt_main.o)
                              ../bai61_bsp//obj/HAL/src/crt0.o (alt_main)
../bai61_bsp/\libhal_bsp.a(alt_sys_init.o)
                              ../bai61_bsp/\libhal_bsp.a(alt_main.o) (alt_irq_init)
../bai61_bsp/\libhal_bsp.a(altera_avalon_jtag_uart_fd.o)
                              ../bai61_bsp/\libhal_bsp.a(alt_sys_init.o) (altera_avalon_jtag_uart_read_fd)
../bai61_bsp/\libhal_bsp.a(altera_avalon_jtag_uart_init.o)
                              ../bai61_bsp/\libhal_bsp.a(alt_sys_init.o) (altera_avalon_jtag_uart_init)
../bai61_bsp/\libhal_bsp.a(altera_avalon_jtag_uart_ioctl.o)
                              ../bai61_bsp/\libhal_bsp.a(altera_avalon_jtag_uart_fd.o) (altera_avalon_jtag_uart_ioctl)
../bai61_bsp/\libhal_bsp.a(altera_avalon_jtag_uart_read.o)
                              ../bai61_bsp/\libhal_bsp.a(altera_avalon_jtag_uart_fd.o) (altera_avalon_jtag_uart_read)
../bai61_bsp/\libhal_bsp.a(altera_avalon_jtag_uart_write.o)
                              ../bai61_bsp/\libhal_bsp.a(altera_avalon_jtag_uart_fd.o) (altera_avalon_jtag_uart_write)
../bai61_bsp/\libhal_bsp.a(altera_avalon_uart_fd.o)
                              ../bai61_bsp/\libhal_bsp.a(alt_sys_init.o) (altera_avalon_uart_read_fd)
../bai61_bsp/\libhal_bsp.a(altera_avalon_uart_init.o)
                              ../bai61_bsp/\libhal_bsp.a(alt_sys_init.o) (altera_avalon_uart_init)
../bai61_bsp/\libhal_bsp.a(altera_avalon_uart_read.o)
                              ../bai61_bsp/\libhal_bsp.a(altera_avalon_uart_fd.o) (altera_avalon_uart_read)
../bai61_bsp/\libhal_bsp.a(altera_avalon_uart_write.o)
                              ../bai61_bsp/\libhal_bsp.a(altera_avalon_uart_fd.o) (altera_avalon_uart_write)
../bai61_bsp/\libhal_bsp.a(alt_alarm_start.o)
                              ../bai61_bsp/\libhal_bsp.a(altera_avalon_jtag_uart_init.o) (alt_alarm_start)
../bai61_bsp/\libhal_bsp.a(alt_close.o)
                              ../bai61_bsp/\libhal_bsp.a(alt_main.o) (close)
../bai61_bsp/\libhal_bsp.a(alt_dcache_flush_all.o)
                              ../bai61_bsp/\libhal_bsp.a(alt_load.o) (alt_dcache_flush_all)
../bai61_bsp/\libhal_bsp.a(alt_dev.o)
                              ../bai61_bsp/\libhal_bsp.a(alt_sys_init.o) (alt_dev_list)
../bai61_bsp/\libhal_bsp.a(alt_dev_llist_insert.o)
                              ../bai61_bsp/\libhal_bsp.a(alt_sys_init.o) (alt_dev_llist_insert)
../bai61_bsp/\libhal_bsp.a(alt_do_ctors.o)
                              ../bai61_bsp/\libhal_bsp.a(alt_main.o) (_do_ctors)
../bai61_bsp/\libhal_bsp.a(alt_do_dtors.o)
                              ../bai61_bsp/\libhal_bsp.a(alt_main.o) (_do_dtors)
../bai61_bsp/\libhal_bsp.a(alt_errno.o)
                              ../bai61_bsp/\libhal_bsp.a(altera_avalon_uart_read.o) (alt_errno)
../bai61_bsp/\libhal_bsp.a(alt_icache_flush_all.o)
                              ../bai61_bsp/\libhal_bsp.a(alt_load.o) (alt_icache_flush_all)
../bai61_bsp/\libhal_bsp.a(alt_iic.o)
                              ../bai61_bsp/\libhal_bsp.a(altera_avalon_jtag_uart_init.o) (alt_ic_isr_register)
../bai61_bsp/\libhal_bsp.a(alt_iic_isr_register.o)
                              ../bai61_bsp/\libhal_bsp.a(alt_iic.o) (alt_iic_isr_register)
../bai61_bsp/\libhal_bsp.a(alt_io_redirect.o)
                              ../bai61_bsp/\libhal_bsp.a(alt_main.o) (alt_io_redirect)
../bai61_bsp/\libhal_bsp.a(alt_irq_entry.o)
                              ../bai61_bsp/\libhal_bsp.a(alt_iic_isr_register.o) (alt_irq_entry)
../bai61_bsp/\libhal_bsp.a(alt_irq_handler.o)
                              ../bai61_bsp/\libhal_bsp.a(alt_iic_isr_register.o) (alt_irq_handler)
../bai61_bsp/\libhal_bsp.a(alt_irq_vars.o)
                              ../bai61_bsp/\libhal_bsp.a(alt_iic.o) (alt_irq_active)
../bai61_bsp/\libhal_bsp.a(alt_open.o)
                              ../bai61_bsp/\libhal_bsp.a(alt_io_redirect.o) (open)
../bai61_bsp/\libhal_bsp.a(alt_release_fd.o)
                              ../bai61_bsp/\libhal_bsp.a(alt_close.o) (alt_release_fd)
../bai61_bsp/\libhal_bsp.a(alt_tick.o)
                              ../bai61_bsp/\libhal_bsp.a(altera_avalon_jtag_uart_init.o) (_alt_tick_rate)
../bai61_bsp/\libhal_bsp.a(altera_nios2_qsys_irq.o)
                              ../bai61_bsp/\libhal_bsp.a(alt_sys_init.o) (altera_nios2_qsys_irq_init)
../bai61_bsp/\libhal_bsp.a(alt_exception_entry.o)
                              ../bai61_bsp/\libhal_bsp.a(alt_irq_entry.o) (alt_exception)
../bai61_bsp/\libhal_bsp.a(alt_find_dev.o)
                              ../bai61_bsp/\libhal_bsp.a(alt_open.o) (alt_find_dev)
../bai61_bsp/\libhal_bsp.a(alt_find_file.o)
                              ../bai61_bsp/\libhal_bsp.a(alt_open.o) (alt_find_file)
../bai61_bsp/\libhal_bsp.a(alt_get_fd.o)
                              ../bai61_bsp/\libhal_bsp.a(alt_open.o) (alt_get_fd)
c:/altera/13.0sp1/nios2eds/bin/gnu/h-i686-mingw32/bin/../lib/gcc/nios2-elf/4.1.2/../../../../nios2-elf/lib/mno-hw-mul\libc.a(lib_a-atexit.o)
                              ../bai61_bsp/\libhal_bsp.a(alt_main.o) (atexit)
c:/altera/13.0sp1/nios2eds/bin/gnu/h-i686-mingw32/bin/../lib/gcc/nios2-elf/4.1.2/../../../../nios2-elf/lib/mno-hw-mul\libc.a(lib_a-exit.o)
                              ../bai61_bsp/\libhal_bsp.a(alt_main.o) (exit)
c:/altera/13.0sp1/nios2eds/bin/gnu/h-i686-mingw32/bin/../lib/gcc/nios2-elf/4.1.2/../../../../nios2-elf/lib/mno-hw-mul\libc.a(lib_a-impure.o)
                              c:/altera/13.0sp1/nios2eds/bin/gnu/h-i686-mingw32/bin/../lib/gcc/nios2-elf/4.1.2/../../../../nios2-elf/lib/mno-hw-mul\libc.a(lib_a-exit.o) (_global_impure_ptr)
c:/altera/13.0sp1/nios2eds/bin/gnu/h-i686-mingw32/bin/../lib/gcc/nios2-elf/4.1.2/../../../../nios2-elf/lib/mno-hw-mul\libc.a(lib_a-int_errno.o)
                              ../bai61_bsp/\libhal_bsp.a(altera_avalon_uart_read.o) (errno)
c:/altera/13.0sp1/nios2eds/bin/gnu/h-i686-mingw32/bin/../lib/gcc/nios2-elf/4.1.2/../../../../nios2-elf/lib/mno-hw-mul\libc.a(lib_a-memcmp.o)
                              ../bai61_bsp/\libhal_bsp.a(alt_find_dev.o) (memcmp)
c:/altera/13.0sp1/nios2eds/bin/gnu/h-i686-mingw32/bin/../lib/gcc/nios2-elf/4.1.2/../../../../nios2-elf/lib/mno-hw-mul\libc.a(lib_a-memcpy.o)
                              ../bai61_bsp/\libhal_bsp.a(altera_avalon_jtag_uart_read.o) (memcpy)
c:/altera/13.0sp1/nios2eds/bin/gnu/h-i686-mingw32/bin/../lib/gcc/nios2-elf/4.1.2/../../../../nios2-elf/lib/mno-hw-mul\libc.a(lib_a-strlen.o)
                              ../bai61_bsp/\libhal_bsp.a(alt_find_dev.o) (strlen)
c:/altera/13.0sp1/nios2eds/bin/gnu/h-i686-mingw32/bin/../lib/gcc/nios2-elf/4.1.2/../../../../nios2-elf/lib/mno-hw-mul\libc.a(lib_a-__atexit.o)
                              c:/altera/13.0sp1/nios2eds/bin/gnu/h-i686-mingw32/bin/../lib/gcc/nios2-elf/4.1.2/../../../../nios2-elf/lib/mno-hw-mul\libc.a(lib_a-atexit.o) (__register_exitproc)
c:/altera/13.0sp1/nios2eds/bin/gnu/h-i686-mingw32/bin/../lib/gcc/nios2-elf/4.1.2/../../../../nios2-elf/lib/mno-hw-mul\libc.a(lib_a-__call_atexit.o)
                              c:/altera/13.0sp1/nios2eds/bin/gnu/h-i686-mingw32/bin/../lib/gcc/nios2-elf/4.1.2/../../../../nios2-elf/lib/mno-hw-mul\libc.a(lib_a-exit.o) (__call_exitprocs)
../bai61_bsp/\libhal_bsp.a(alt_exit.o)
                              c:/altera/13.0sp1/nios2eds/bin/gnu/h-i686-mingw32/bin/../lib/gcc/nios2-elf/4.1.2/../../../../nios2-elf/lib/mno-hw-mul\libc.a(lib_a-exit.o) (_exit)

Allocating common symbols
Common symbol       size              file

alt_irq             0x100             ../bai61_bsp/\libhal_bsp.a(alt_irq_handler.o)
errno               0x4               c:/altera/13.0sp1/nios2eds/bin/gnu/h-i686-mingw32/bin/../lib/gcc/nios2-elf/4.1.2/../../../../nios2-elf/lib/mno-hw-mul\libc.a(lib_a-int_errno.o)
_atexit0            0x190             c:/altera/13.0sp1/nios2eds/bin/gnu/h-i686-mingw32/bin/../lib/gcc/nios2-elf/4.1.2/../../../../nios2-elf/lib/mno-hw-mul\libc.a(lib_a-atexit.o)

Memory Configuration

Name             Origin             Length             Attributes
reset            0x00008000         0x00000020
onchip_memory2_0 0x00008020         0x00007fe0
*default*        0x00000000         0xffffffff

Linker script and memory map

LOAD ../bai61_bsp//obj/HAL/src/crt0.o
LOAD obj/default/bai61.o
LOAD c:/altera/13.0sp1/nios2eds/bin/gnu/h-i686-mingw32/bin/../lib/gcc/nios2-elf/4.1.2/../../../../nios2-elf/lib/mno-hw-mul\libstdc++.a
LOAD c:/altera/13.0sp1/nios2eds/bin/gnu/h-i686-mingw32/bin/../lib/gcc/nios2-elf/4.1.2/../../../../nios2-elf/lib/mno-hw-mul\libm.a
LOAD c:/altera/13.0sp1/nios2eds/bin/gnu/h-i686-mingw32/bin/../lib/gcc/nios2-elf/4.1.2/mno-hw-mul\libgcc.a
START GROUP
LOAD c:/altera/13.0sp1/nios2eds/bin/gnu/h-i686-mingw32/bin/../lib/gcc/nios2-elf/4.1.2/../../../../nios2-elf/lib/mno-hw-mul\libc.a
LOAD c:/altera/13.0sp1/nios2eds/bin/gnu/h-i686-mingw32/bin/../lib/gcc/nios2-elf/4.1.2/mno-hw-mul\libgcc.a
LOAD ../bai61_bsp/\libhal_bsp.a
END GROUP
LOAD c:/altera/13.0sp1/nios2eds/bin/gnu/h-i686-mingw32/bin/../lib/gcc/nios2-elf/4.1.2/mno-hw-mul\libgcc.a
                0x00008000                __alt_mem_onchip_memory2_0 = 0x8000

.entry          0x00008000       0x20
 *(.entry)
 .entry         0x00008000       0x20 ../bai61_bsp//obj/HAL/src/crt0.o
                0x00008000                __reset

.exceptions     0x00008020      0x194
                0x00008020                PROVIDE (__ram_exceptions_start, ABSOLUTE (.))
                0x00008020                . = ALIGN (0x20)
 *(.irq)
 *(.exceptions.entry.label)
 .exceptions.entry.label
                0x00008020        0x0 ../bai61_bsp/\libhal_bsp.a(alt_irq_entry.o)
                0x00008020                alt_irq_entry
 .exceptions.entry.label
                0x00008020        0x0 ../bai61_bsp/\libhal_bsp.a(alt_exception_entry.o)
                0x00008020                alt_exception
 *(.exceptions.entry.user)
 *(.exceptions.entry)
 .exceptions.entry
                0x00008020       0x54 ../bai61_bsp/\libhal_bsp.a(alt_exception_entry.o)
 *(.exceptions.irqtest.user)
 *(.exceptions.irqtest)
 .exceptions.irqtest
                0x00008074       0x10 ../bai61_bsp/\libhal_bsp.a(alt_irq_entry.o)
 *(.exceptions.irqhandler.user)
 *(.exceptions.irqhandler)
 .exceptions.irqhandler
                0x00008084        0x4 ../bai61_bsp/\libhal_bsp.a(alt_irq_entry.o)
 *(.exceptions.irqreturn.user)
 *(.exceptions.irqreturn)
 .exceptions.irqreturn
                0x00008088        0x4 ../bai61_bsp/\libhal_bsp.a(alt_irq_entry.o)
 *(.exceptions.notirq.label)
 .exceptions.notirq.label
                0x0000808c        0x0 ../bai61_bsp/\libhal_bsp.a(alt_irq_entry.o)
 *(.exceptions.notirq.user)
 *(.exceptions.notirq)
 .exceptions.notirq
                0x0000808c        0x8 ../bai61_bsp/\libhal_bsp.a(alt_exception_entry.o)
 *(.exceptions.soft.user)
 *(.exceptions.soft)
 *(.exceptions.unknown.user)
 *(.exceptions.unknown)
 .exceptions.unknown
                0x00008094        0x4 ../bai61_bsp/\libhal_bsp.a(alt_exception_entry.o)
 *(.exceptions.exit.label)
 .exceptions.exit.label
                0x00008098        0x0 ../bai61_bsp/\libhal_bsp.a(alt_irq_entry.o)
 .exceptions.exit.label
                0x00008098        0x0 ../bai61_bsp/\libhal_bsp.a(alt_exception_entry.o)
 *(.exceptions.exit.user)
 *(.exceptions.exit)
 .exceptions.exit
                0x00008098       0x54 ../bai61_bsp/\libhal_bsp.a(alt_exception_entry.o)
 *(.exceptions)
 .exceptions    0x000080ec       0xc8 ../bai61_bsp/\libhal_bsp.a(alt_irq_handler.o)
                0x000080ec                alt_irq_handler
                0x000081b4                PROVIDE (__ram_exceptions_end, ABSOLUTE (.))
                0x00008020                PROVIDE (__flash_exceptions_start, LOADADDR (.exceptions))

.text           0x000081b4     0x3004
                0x000081b4                PROVIDE (stext, ABSOLUTE (.))
 *(.interp)
 *(.hash)
 *(.dynsym)
 *(.dynstr)
 *(.gnu.version)
 *(.gnu.version_d)
 *(.gnu.version_r)
 *(.rel.init)
 *(.rela.init)
 *(.rel.text .rel.text.* .rel.gnu.linkonce.t.*)
 *(.rela.text .rela.text.* .rela.gnu.linkonce.t.*)
 *(.rel.fini)
 *(.rela.fini)
 *(.rel.rodata .rel.rodata.* .rel.gnu.linkonce.r.*)
 *(.rela.rodata .rela.rodata.* .rela.gnu.linkonce.r.*)
 *(.rel.data .rel.data.* .rel.gnu.linkonce.d.*)
 *(.rela.data .rela.data.* .rela.gnu.linkonce.d.*)
 *(.rel.tdata .rel.tdata.* .rel.gnu.linkonce.td.*)
 *(.rela.tdata .rela.tdata.* .rela.gnu.linkonce.td.*)
 *(.rel.tbss .rel.tbss.* .rel.gnu.linkonce.tb.*)
 *(.rela.tbss .rela.tbss.* .rela.gnu.linkonce.tb.*)
 *(.rel.ctors)
 *(.rela.ctors)
 *(.rel.dtors)
 *(.rela.dtors)
 *(.rel.got)
 *(.rela.got)
 *(.rel.sdata .rel.sdata.* .rel.gnu.linkonce.s.*)
 *(.rela.sdata .rela.sdata.* .rela.gnu.linkonce.s.*)
 *(.rel.sbss .rel.sbss.* .rel.gnu.linkonce.sb.*)
 *(.rela.sbss .rela.sbss.* .rela.gnu.linkonce.sb.*)
 *(.rel.sdata2 .rel.sdata2.* .rel.gnu.linkonce.s2.*)
 *(.rela.sdata2 .rela.sdata2.* .rela.gnu.linkonce.s2.*)
 *(.rel.sbss2 .rel.sbss2.* .rel.gnu.linkonce.sb2.*)
 *(.rela.sbss2 .rela.sbss2.* .rela.gnu.linkonce.sb2.*)
 *(.rel.bss .rel.bss.* .rel.gnu.linkonce.b.*)
 *(.rela.bss .rela.bss.* .rela.gnu.linkonce.b.*)
 *(.rel.plt)
 *(.rela.plt)
 *(.rel.dyn)
 *(.init)
 *(.plt)
 *(.text .stub .text.* .gnu.linkonce.t.*)
 .text          0x000081b4       0x3c ../bai61_bsp//obj/HAL/src/crt0.o
                0x000081b4                _start
 .text          0x000081f0      0x338 obj/default/bai61.o
                0x000081f0                delay
                0x00008244                main
 .text          0x00008528       0x38 c:/altera/13.0sp1/nios2eds/bin/gnu/h-i686-mingw32/bin/../lib/gcc/nios2-elf/4.1.2/mno-hw-mul\libgcc.a(lib2-mul.o)
                0x00008528                __mulsi3
 .text          0x00008560       0xec ../bai61_bsp/\libhal_bsp.a(alt_load.o)
                0x00008560                alt_load
 .text          0x0000864c       0x6c ../bai61_bsp/\libhal_bsp.a(alt_main.o)
                0x0000864c                alt_main
 .text          0x000086b8       0xd0 ../bai61_bsp/\libhal_bsp.a(alt_sys_init.o)
                0x000086b8                alt_irq_init
                0x000086ec                alt_sys_init
 .text          0x00008788      0x148 ../bai61_bsp/\libhal_bsp.a(altera_avalon_jtag_uart_fd.o)
                0x00008788                altera_avalon_jtag_uart_read_fd
                0x000087e0                altera_avalon_jtag_uart_write_fd
                0x00008838                altera_avalon_jtag_uart_close_fd
                0x00008880                altera_avalon_jtag_uart_ioctl_fd
 .text          0x000088d0      0x40c ../bai61_bsp/\libhal_bsp.a(altera_avalon_jtag_uart_init.o)
                0x000088d0                altera_avalon_jtag_uart_init
                0x00008c68                altera_avalon_jtag_uart_close
 .text          0x00008cdc       0xf4 ../bai61_bsp/\libhal_bsp.a(altera_avalon_jtag_uart_ioctl.o)
                0x00008cdc                altera_avalon_jtag_uart_ioctl
 .text          0x00008dd0      0x224 ../bai61_bsp/\libhal_bsp.a(altera_avalon_jtag_uart_read.o)
                0x00008dd0                altera_avalon_jtag_uart_read
 .text          0x00008ff4      0x240 ../bai61_bsp/\libhal_bsp.a(altera_avalon_jtag_uart_write.o)
                0x00008ff4                altera_avalon_jtag_uart_write
 .text          0x00009234       0xf8 ../bai61_bsp/\libhal_bsp.a(altera_avalon_uart_fd.o)
                0x00009234                altera_avalon_uart_read_fd
                0x0000928c                altera_avalon_uart_write_fd
                0x000092e4                altera_avalon_uart_close_fd
 .text          0x0000932c      0x400 ../bai61_bsp/\libhal_bsp.a(altera_avalon_uart_init.o)
                0x0000932c                altera_avalon_uart_init
                0x000096cc                altera_avalon_uart_close
 .text          0x0000972c      0x290 ../bai61_bsp/\libhal_bsp.a(altera_avalon_uart_read.o)
                0x0000972c                altera_avalon_uart_read
 .text          0x000099bc      0x228 ../bai61_bsp/\libhal_bsp.a(altera_avalon_uart_write.o)
                0x000099bc                altera_avalon_uart_write
 .text          0x00009be4      0x154 ../bai61_bsp/\libhal_bsp.a(alt_alarm_start.o)
                0x00009be4                alt_alarm_start
 .text          0x00009d38      0x160 ../bai61_bsp/\libhal_bsp.a(alt_close.o)
                0x00009d38                close
 .text          0x00009e98       0x1c ../bai61_bsp/\libhal_bsp.a(alt_dcache_flush_all.o)
                0x00009e98                alt_dcache_flush_all
 .text          0x00009eb4       0x2c ../bai61_bsp/\libhal_bsp.a(alt_dev.o)
 .text          0x00009ee0      0x114 ../bai61_bsp/\libhal_bsp.a(alt_dev_llist_insert.o)
                0x00009ee0                alt_dev_llist_insert
 .text          0x00009ff4       0x64 ../bai61_bsp/\libhal_bsp.a(alt_do_ctors.o)
                0x00009ff4                _do_ctors
 .text          0x0000a058       0x64 ../bai61_bsp/\libhal_bsp.a(alt_do_dtors.o)
                0x0000a058                _do_dtors
 .text          0x0000a0bc        0x0 ../bai61_bsp/\libhal_bsp.a(alt_errno.o)
 .text          0x0000a0bc       0x1c ../bai61_bsp/\libhal_bsp.a(alt_icache_flush_all.o)
                0x0000a0bc                alt_icache_flush_all
 .text          0x0000a0d8      0x1d4 ../bai61_bsp/\libhal_bsp.a(alt_iic.o)
                0x0000a0d8                alt_ic_isr_register
                0x0000a128                alt_ic_irq_enable
                0x0000a1c4                alt_ic_irq_disable
                0x0000a264                alt_ic_irq_enabled
 .text          0x0000a2ac       0xf8 ../bai61_bsp/\libhal_bsp.a(alt_iic_isr_register.o)
                0x0000a2ac                alt_iic_isr_register
 .text          0x0000a3a4      0x150 ../bai61_bsp/\libhal_bsp.a(alt_io_redirect.o)
                0x0000a47c                alt_io_redirect
 .text          0x0000a4f4        0x0 ../bai61_bsp/\libhal_bsp.a(alt_irq_entry.o)
 .text          0x0000a4f4        0x0 ../bai61_bsp/\libhal_bsp.a(alt_irq_handler.o)
 .text          0x0000a4f4        0x0 ../bai61_bsp/\libhal_bsp.a(alt_irq_vars.o)
 .text          0x0000a4f4      0x2e4 ../bai61_bsp/\libhal_bsp.a(alt_open.o)
                0x0000a5ec                open
 .text          0x0000a7d8       0x78 ../bai61_bsp/\libhal_bsp.a(alt_release_fd.o)
                0x0000a7d8                alt_release_fd
 .text          0x0000a850      0x1a4 ../bai61_bsp/\libhal_bsp.a(alt_tick.o)
                0x0000a850                alt_alarm_stop
                0x0000a8e8                alt_tick
 .text          0x0000a9f4       0x20 ../bai61_bsp/\libhal_bsp.a(altera_nios2_qsys_irq.o)
                0x0000a9f4                altera_nios2_qsys_irq_init
 .text          0x0000aa14        0x0 ../bai61_bsp/\libhal_bsp.a(alt_exception_entry.o)
 .text          0x0000aa14       0x94 ../bai61_bsp/\libhal_bsp.a(alt_find_dev.o)
                0x0000aa14                alt_find_dev
 .text          0x0000aaa8      0x120 ../bai61_bsp/\libhal_bsp.a(alt_find_file.o)
                0x0000aaa8                alt_find_file
 .text          0x0000abc8       0xd0 ../bai61_bsp/\libhal_bsp.a(alt_get_fd.o)
                0x0000abc8                alt_get_fd
 .text          0x0000ac98       0x14 c:/altera/13.0sp1/nios2eds/bin/gnu/h-i686-mingw32/bin/../lib/gcc/nios2-elf/4.1.2/../../../../nios2-elf/lib/mno-hw-mul\libc.a(lib_a-atexit.o)
                0x0000ac98                atexit
 .text          0x0000acac       0x38 c:/altera/13.0sp1/nios2eds/bin/gnu/h-i686-mingw32/bin/../lib/gcc/nios2-elf/4.1.2/../../../../nios2-elf/lib/mno-hw-mul\libc.a(lib_a-exit.o)
                0x0000acac                exit
 .text          0x0000ace4        0x0 c:/altera/13.0sp1/nios2eds/bin/gnu/h-i686-mingw32/bin/../lib/gcc/nios2-elf/4.1.2/../../../../nios2-elf/lib/mno-hw-mul\libc.a(lib_a-impure.o)
 .text          0x0000ace4        0x0 c:/altera/13.0sp1/nios2eds/bin/gnu/h-i686-mingw32/bin/../lib/gcc/nios2-elf/4.1.2/../../../../nios2-elf/lib/mno-hw-mul\libc.a(lib_a-int_errno.o)
 .text          0x0000ace4       0x74 c:/altera/13.0sp1/nios2eds/bin/gnu/h-i686-mingw32/bin/../lib/gcc/nios2-elf/4.1.2/../../../../nios2-elf/lib/mno-hw-mul\libc.a(lib_a-memcmp.o)
                0x0000ace4                memcmp
 .text          0x0000ad58       0xa0 c:/altera/13.0sp1/nios2eds/bin/gnu/h-i686-mingw32/bin/../lib/gcc/nios2-elf/4.1.2/../../../../nios2-elf/lib/mno-hw-mul\libc.a(lib_a-memcpy.o)
                0x0000ad58                memcpy
 .text          0x0000adf8       0x74 c:/altera/13.0sp1/nios2eds/bin/gnu/h-i686-mingw32/bin/../lib/gcc/nios2-elf/4.1.2/../../../../nios2-elf/lib/mno-hw-mul\libc.a(lib_a-strlen.o)
                0x0000adf8                strlen
 .text          0x0000ae6c      0x134 c:/altera/13.0sp1/nios2eds/bin/gnu/h-i686-mingw32/bin/../lib/gcc/nios2-elf/4.1.2/../../../../nios2-elf/lib/mno-hw-mul\libc.a(lib_a-__atexit.o)
                0x0000ae6c                __register_exitproc
 .text          0x0000afa0      0x1b4 c:/altera/13.0sp1/nios2eds/bin/gnu/h-i686-mingw32/bin/../lib/gcc/nios2-elf/4.1.2/../../../../nios2-elf/lib/mno-hw-mul\libc.a(lib_a-__call_atexit.o)
                0x0000afa4                __call_exitprocs
 .text          0x0000b154       0x60 ../bai61_bsp/\libhal_bsp.a(alt_exit.o)
                0x0000b194                _exit
 *(.gnu.warning.*)
 *(.fini)
                0x0000b1b4                PROVIDE (__etext, ABSOLUTE (.))
                0x0000b1b4                PROVIDE (_etext, ABSOLUTE (.))
                0x0000b1b4                PROVIDE (etext, ABSOLUTE (.))
 *(.eh_frame_hdr)
                0x0000b1b4                . = ALIGN (0x4)
                0x0000b1b4                PROVIDE (__preinit_array_start, ABSOLUTE (.))
 *(.preinit_array)
                0x0000b1b4                PROVIDE (__preinit_array_end, ABSOLUTE (.))
                0x0000b1b4                PROVIDE (__init_array_start, ABSOLUTE (.))
 *(.init_array)
                0x0000b1b4                PROVIDE (__init_array_end, ABSOLUTE (.))
                0x0000b1b4                PROVIDE (__fini_array_start, ABSOLUTE (.))
 *(.fini_array)
                0x0000b1b4                PROVIDE (__fini_array_end, ABSOLUTE (.))
 *(.eh_frame)
 *(.gcc_except_table)
 *(.dynamic)
                0x0000b1b4                PROVIDE (__CTOR_LIST__, ABSOLUTE (.))
 *(.ctors)
 *(SORT(.ctors.*))
 .ctors.65535   0x0000b1b4        0x4 c:/altera/13.0sp1/nios2eds/bin/gnu/h-i686-mingw32/bin/../lib/gcc/nios2-elf/4.1.2/../../../../nios2-elf/lib/mno-hw-mul\libc.a(lib_a-__call_atexit.o)
                0x0000b1b8                PROVIDE (__CTOR_END__, ABSOLUTE (.))
                0x0000b1b8                PROVIDE (__DTOR_LIST__, ABSOLUTE (.))
 *(.dtors)
 *(SORT(.dtors.*))
                0x0000b1b8                PROVIDE (__DTOR_END__, ABSOLUTE (.))
 *(.jcr)
                0x0000b1b8                . = ALIGN (0x4)

.rodata         0x0000b1b8       0x44
                0x0000b1b8                PROVIDE (__ram_rodata_start, ABSOLUTE (.))
                0x0000b1b8                . = ALIGN (0x4)
 *(.rodata .rodata.* .gnu.linkonce.r.*)
 .rodata        0x0000b1b8       0x14 ../bai61_bsp/\libhal_bsp.a(alt_main.o)
 .rodata        0x0000b1cc       0x20 ../bai61_bsp/\libhal_bsp.a(alt_sys_init.o)
 .rodata        0x0000b1ec        0xc ../bai61_bsp/\libhal_bsp.a(alt_dev.o)
 .rodata.str1.4
                0x0000b1f8        0x4 c:/altera/13.0sp1/nios2eds/bin/gnu/h-i686-mingw32/bin/../lib/gcc/nios2-elf/4.1.2/../../../../nios2-elf/lib/mno-hw-mul\libc.a(lib_a-impure.o)
 *(.rodata1)
                0x0000b1fc                . = ALIGN (0x4)
                0x0000b1fc                PROVIDE (__ram_rodata_end, ABSOLUTE (.))
                0x0000b1b8                PROVIDE (__flash_rodata_start, LOADADDR (.rodata))

.rwdata         0x0000b1fc     0x16f8 load address 0x0000c8f4
                0x0000b1fc                PROVIDE (__ram_rwdata_start, ABSOLUTE (.))
                0x0000b1fc                . = ALIGN (0x4)
 *(.got.plt)
 *(.got)
 *(.data1)
 *(.data .data.* .gnu.linkonce.d.*)
 .data          0x0000b1fc        0x0 ../bai61_bsp//obj/HAL/src/crt0.o
 .data          0x0000b1fc        0x0 obj/default/bai61.o
 .data          0x0000b1fc        0x0 c:/altera/13.0sp1/nios2eds/bin/gnu/h-i686-mingw32/bin/../lib/gcc/nios2-elf/4.1.2/mno-hw-mul\libgcc.a(lib2-mul.o)
 .data          0x0000b1fc        0x0 ../bai61_bsp/\libhal_bsp.a(alt_load.o)
 .data          0x0000b1fc        0x0 ../bai61_bsp/\libhal_bsp.a(alt_main.o)
 .data          0x0000b1fc     0x1124 ../bai61_bsp/\libhal_bsp.a(alt_sys_init.o)
 .data          0x0000c320        0x0 ../bai61_bsp/\libhal_bsp.a(altera_avalon_jtag_uart_fd.o)
 .data          0x0000c320        0x0 ../bai61_bsp/\libhal_bsp.a(altera_avalon_jtag_uart_init.o)
 .data          0x0000c320        0x0 ../bai61_bsp/\libhal_bsp.a(altera_avalon_jtag_uart_ioctl.o)
 .data          0x0000c320        0x0 ../bai61_bsp/\libhal_bsp.a(altera_avalon_jtag_uart_read.o)
 .data          0x0000c320        0x0 ../bai61_bsp/\libhal_bsp.a(altera_avalon_jtag_uart_write.o)
 .data          0x0000c320        0x0 ../bai61_bsp/\libhal_bsp.a(altera_avalon_uart_fd.o)
 .data          0x0000c320        0x0 ../bai61_bsp/\libhal_bsp.a(altera_avalon_uart_init.o)
 .data          0x0000c320        0x0 ../bai61_bsp/\libhal_bsp.a(altera_avalon_uart_read.o)
 .data          0x0000c320        0x0 ../bai61_bsp/\libhal_bsp.a(altera_avalon_uart_write.o)
 .data          0x0000c320        0x0 ../bai61_bsp/\libhal_bsp.a(alt_alarm_start.o)
 .data          0x0000c320        0x0 ../bai61_bsp/\libhal_bsp.a(alt_close.o)
 .data          0x0000c320        0x0 ../bai61_bsp/\libhal_bsp.a(alt_dcache_flush_all.o)
 .data          0x0000c320      0x1a8 ../bai61_bsp/\libhal_bsp.a(alt_dev.o)
                0x0000c320                alt_dev_null
                0x0000c348                alt_fd_list
 .data          0x0000c4c8        0x0 ../bai61_bsp/\libhal_bsp.a(alt_dev_llist_insert.o)
 .data          0x0000c4c8        0x0 ../bai61_bsp/\libhal_bsp.a(alt_do_ctors.o)
 .data          0x0000c4c8        0x0 ../bai61_bsp/\libhal_bsp.a(alt_do_dtors.o)
 .data          0x0000c4c8        0x0 ../bai61_bsp/\libhal_bsp.a(alt_errno.o)
 .data          0x0000c4c8        0x0 ../bai61_bsp/\libhal_bsp.a(alt_icache_flush_all.o)
 .data          0x0000c4c8        0x0 ../bai61_bsp/\libhal_bsp.a(alt_iic.o)
 .data          0x0000c4c8        0x0 ../bai61_bsp/\libhal_bsp.a(alt_iic_isr_register.o)
 .data          0x0000c4c8        0x0 ../bai61_bsp/\libhal_bsp.a(alt_io_redirect.o)
 .data          0x0000c4c8        0x0 ../bai61_bsp/\libhal_bsp.a(alt_irq_entry.o)
 .data          0x0000c4c8        0x0 ../bai61_bsp/\libhal_bsp.a(alt_irq_handler.o)
 .data          0x0000c4c8        0x0 ../bai61_bsp/\libhal_bsp.a(alt_irq_vars.o)
 .data          0x0000c4c8        0x0 ../bai61_bsp/\libhal_bsp.a(alt_open.o)
 .data          0x0000c4c8        0x0 ../bai61_bsp/\libhal_bsp.a(alt_release_fd.o)
 .data          0x0000c4c8        0x0 ../bai61_bsp/\libhal_bsp.a(alt_tick.o)
 .data          0x0000c4c8        0x0 ../bai61_bsp/\libhal_bsp.a(altera_nios2_qsys_irq.o)
 .data          0x0000c4c8        0x0 ../bai61_bsp/\libhal_bsp.a(alt_exception_entry.o)
 .data          0x0000c4c8        0x0 ../bai61_bsp/\libhal_bsp.a(alt_find_dev.o)
 .data          0x0000c4c8        0x0 ../bai61_bsp/\libhal_bsp.a(alt_find_file.o)
 .data          0x0000c4c8        0x0 ../bai61_bsp/\libhal_bsp.a(alt_get_fd.o)
 .data          0x0000c4c8        0x0 c:/altera/13.0sp1/nios2eds/bin/gnu/h-i686-mingw32/bin/../lib/gcc/nios2-elf/4.1.2/../../../../nios2-elf/lib/mno-hw-mul\libc.a(lib_a-atexit.o)
 .data          0x0000c4c8        0x0 c:/altera/13.0sp1/nios2eds/bin/gnu/h-i686-mingw32/bin/../lib/gcc/nios2-elf/4.1.2/../../../../nios2-elf/lib/mno-hw-mul\libc.a(lib_a-exit.o)
 .data          0x0000c4c8      0x400 c:/altera/13.0sp1/nios2eds/bin/gnu/h-i686-mingw32/bin/../lib/gcc/nios2-elf/4.1.2/../../../../nios2-elf/lib/mno-hw-mul\libc.a(lib_a-impure.o)
 .data          0x0000c8c8        0x0 c:/altera/13.0sp1/nios2eds/bin/gnu/h-i686-mingw32/bin/../lib/gcc/nios2-elf/4.1.2/../../../../nios2-elf/lib/mno-hw-mul\libc.a(lib_a-int_errno.o)
 .data          0x0000c8c8        0x0 c:/altera/13.0sp1/nios2eds/bin/gnu/h-i686-mingw32/bin/../lib/gcc/nios2-elf/4.1.2/../../../../nios2-elf/lib/mno-hw-mul\libc.a(lib_a-memcmp.o)
 .data          0x0000c8c8        0x0 c:/altera/13.0sp1/nios2eds/bin/gnu/h-i686-mingw32/bin/../lib/gcc/nios2-elf/4.1.2/../../../../nios2-elf/lib/mno-hw-mul\libc.a(lib_a-memcpy.o)
 .data          0x0000c8c8        0x0 c:/altera/13.0sp1/nios2eds/bin/gnu/h-i686-mingw32/bin/../lib/gcc/nios2-elf/4.1.2/../../../../nios2-elf/lib/mno-hw-mul\libc.a(lib_a-strlen.o)
 .data          0x0000c8c8        0x0 c:/altera/13.0sp1/nios2eds/bin/gnu/h-i686-mingw32/bin/../lib/gcc/nios2-elf/4.1.2/../../../../nios2-elf/lib/mno-hw-mul\libc.a(lib_a-__atexit.o)
 .data          0x0000c8c8        0x0 c:/altera/13.0sp1/nios2eds/bin/gnu/h-i686-mingw32/bin/../lib/gcc/nios2-elf/4.1.2/../../../../nios2-elf/lib/mno-hw-mul\libc.a(lib_a-__call_atexit.o)
 .data          0x0000c8c8        0x0 ../bai61_bsp/\libhal_bsp.a(alt_exit.o)
                0x000148c8                _gp = ABSOLUTE ((. + 0x8000))
                0x000148c8                PROVIDE (gp, _gp)
 *(.rwdata .rwdata.*)
 *(.sdata .sdata.* .gnu.linkonce.s.*)
 .sdata         0x0000c8c8       0x14 ../bai61_bsp/\libhal_bsp.a(alt_dev.o)
                0x0000c8c8                alt_fs_list
                0x0000c8d0                alt_dev_list
                0x0000c8d8                alt_max_fd
 .sdata         0x0000c8dc        0x4 ../bai61_bsp/\libhal_bsp.a(alt_errno.o)
                0x0000c8dc                alt_errno
 .sdata         0x0000c8e0        0x4 ../bai61_bsp/\libhal_bsp.a(alt_irq_vars.o)
                0x0000c8e0                alt_priority_mask
 .sdata         0x0000c8e4        0x8 ../bai61_bsp/\libhal_bsp.a(alt_tick.o)
                0x0000c8e4                alt_alarm_list
 .sdata         0x0000c8ec        0x8 c:/altera/13.0sp1/nios2eds/bin/gnu/h-i686-mingw32/bin/../lib/gcc/nios2-elf/4.1.2/../../../../nios2-elf/lib/mno-hw-mul\libc.a(lib_a-impure.o)
                0x0000c8ec                _impure_ptr
                0x0000c8f0                _global_impure_ptr
 *(.sdata2 .sdata2.* .gnu.linkonce.s2.*)
                0x0000c8f4                . = ALIGN (0x4)
                0x0000c8f4                _edata = ABSOLUTE (.)
                0x0000c8f4                PROVIDE (edata, ABSOLUTE (.))
                0x0000c8f4                PROVIDE (__ram_rwdata_end, ABSOLUTE (.))
                0x0000c8f4                PROVIDE (__flash_rwdata_start, LOADADDR (.rwdata))

.bss            0x0000dfec      0x2ac
                0x0000dfec                __bss_start = ABSOLUTE (.)
                0x0000dfec                PROVIDE (__sbss_start, ABSOLUTE (.))
                0x0000dfec                PROVIDE (___sbss_start, ABSOLUTE (.))
 *(.dynsbss)
 *(.sbss .sbss.* .gnu.linkonce.sb.*)
 .sbss          0x0000dfec        0xc ../bai61_bsp/\libhal_bsp.a(alt_main.o)
                0x0000dfec                alt_argc
                0x0000dff0                alt_argv
                0x0000dff4                alt_envp
 .sbss          0x0000dff8        0x4 ../bai61_bsp/\libhal_bsp.a(alt_irq_vars.o)
                0x0000dff8                alt_irq_active
 .sbss          0x0000dffc        0x8 ../bai61_bsp/\libhal_bsp.a(alt_tick.o)
                0x0000dffc                _alt_tick_rate
                0x0000e000                _alt_nticks
 .sbss          0x0000e004        0x4 c:/altera/13.0sp1/nios2eds/bin/gnu/h-i686-mingw32/bin/../lib/gcc/nios2-elf/4.1.2/../../../../nios2-elf/lib/mno-hw-mul\libc.a(lib_a-int_errno.o)
                0x0000e004                errno
 *(.sbss2 .sbss2.* .gnu.linkonce.sb2.*)
 *(.scommon)
                0x0000e008                PROVIDE (__sbss_end, ABSOLUTE (.))
                0x0000e008                PROVIDE (___sbss_end, ABSOLUTE (.))
 *(.dynbss)
 *(.bss .bss.* .gnu.linkonce.b.*)
 .bss           0x0000e008        0x0 ../bai61_bsp//obj/HAL/src/crt0.o
 .bss           0x0000e008        0x0 obj/default/bai61.o
 .bss           0x0000e008        0x0 c:/altera/13.0sp1/nios2eds/bin/gnu/h-i686-mingw32/bin/../lib/gcc/nios2-elf/4.1.2/mno-hw-mul\libgcc.a(lib2-mul.o)
 .bss           0x0000e008        0x0 ../bai61_bsp/\libhal_bsp.a(alt_load.o)
 .bss           0x0000e008        0x0 ../bai61_bsp/\libhal_bsp.a(alt_main.o)
 .bss           0x0000e008        0x0 ../bai61_bsp/\libhal_bsp.a(alt_sys_init.o)
 .bss           0x0000e008        0x0 ../bai61_bsp/\libhal_bsp.a(altera_avalon_jtag_uart_fd.o)
 .bss           0x0000e008        0x0 ../bai61_bsp/\libhal_bsp.a(altera_avalon_jtag_uart_init.o)
 .bss           0x0000e008        0x0 ../bai61_bsp/\libhal_bsp.a(altera_avalon_jtag_uart_ioctl.o)
 .bss           0x0000e008        0x0 ../bai61_bsp/\libhal_bsp.a(altera_avalon_jtag_uart_read.o)
 .bss           0x0000e008        0x0 ../bai61_bsp/\libhal_bsp.a(altera_avalon_jtag_uart_write.o)
 .bss           0x0000e008        0x0 ../bai61_bsp/\libhal_bsp.a(altera_avalon_uart_fd.o)
 .bss           0x0000e008        0x0 ../bai61_bsp/\libhal_bsp.a(altera_avalon_uart_init.o)
 .bss           0x0000e008        0x0 ../bai61_bsp/\libhal_bsp.a(altera_avalon_uart_read.o)
 .bss           0x0000e008        0x0 ../bai61_bsp/\libhal_bsp.a(altera_avalon_uart_write.o)
 .bss           0x0000e008        0x0 ../bai61_bsp/\libhal_bsp.a(alt_alarm_start.o)
 .bss           0x0000e008        0x0 ../bai61_bsp/\libhal_bsp.a(alt_close.o)
 .bss           0x0000e008        0x0 ../bai61_bsp/\libhal_bsp.a(alt_dcache_flush_all.o)
 .bss           0x0000e008        0x0 ../bai61_bsp/\libhal_bsp.a(alt_dev.o)
 .bss           0x0000e008        0x0 ../bai61_bsp/\libhal_bsp.a(alt_dev_llist_insert.o)
 .bss           0x0000e008        0x0 ../bai61_bsp/\libhal_bsp.a(alt_do_ctors.o)
 .bss           0x0000e008        0x0 ../bai61_bsp/\libhal_bsp.a(alt_do_dtors.o)
 .bss           0x0000e008        0x0 ../bai61_bsp/\libhal_bsp.a(alt_errno.o)
 .bss           0x0000e008        0x0 ../bai61_bsp/\libhal_bsp.a(alt_icache_flush_all.o)
 .bss           0x0000e008        0x0 ../bai61_bsp/\libhal_bsp.a(alt_iic.o)
 .bss           0x0000e008        0x0 ../bai61_bsp/\libhal_bsp.a(alt_iic_isr_register.o)
 .bss           0x0000e008        0x0 ../bai61_bsp/\libhal_bsp.a(alt_io_redirect.o)
 .bss           0x0000e008        0x0 ../bai61_bsp/\libhal_bsp.a(alt_irq_entry.o)
 .bss           0x0000e008        0x0 ../bai61_bsp/\libhal_bsp.a(alt_irq_handler.o)
 .bss           0x0000e008        0x0 ../bai61_bsp/\libhal_bsp.a(alt_irq_vars.o)
 .bss           0x0000e008        0x0 ../bai61_bsp/\libhal_bsp.a(alt_open.o)
 .bss           0x0000e008        0x0 ../bai61_bsp/\libhal_bsp.a(alt_release_fd.o)
 .bss           0x0000e008        0x0 ../bai61_bsp/\libhal_bsp.a(alt_tick.o)
 .bss           0x0000e008        0x0 ../bai61_bsp/\libhal_bsp.a(altera_nios2_qsys_irq.o)
 .bss           0x0000e008        0x0 ../bai61_bsp/\libhal_bsp.a(alt_exception_entry.o)
 .bss           0x0000e008        0x0 ../bai61_bsp/\libhal_bsp.a(alt_find_dev.o)
 .bss           0x0000e008        0x0 ../bai61_bsp/\libhal_bsp.a(alt_find_file.o)
 .bss           0x0000e008        0x0 ../bai61_bsp/\libhal_bsp.a(alt_get_fd.o)
 .bss           0x0000e008        0x0 c:/altera/13.0sp1/nios2eds/bin/gnu/h-i686-mingw32/bin/../lib/gcc/nios2-elf/4.1.2/../../../../nios2-elf/lib/mno-hw-mul\libc.a(lib_a-atexit.o)
 .bss           0x0000e008        0x0 c:/altera/13.0sp1/nios2eds/bin/gnu/h-i686-mingw32/bin/../lib/gcc/nios2-elf/4.1.2/../../../../nios2-elf/lib/mno-hw-mul\libc.a(lib_a-exit.o)
 .bss           0x0000e008        0x0 c:/altera/13.0sp1/nios2eds/bin/gnu/h-i686-mingw32/bin/../lib/gcc/nios2-elf/4.1.2/../../../../nios2-elf/lib/mno-hw-mul\libc.a(lib_a-impure.o)
 .bss           0x0000e008        0x0 c:/altera/13.0sp1/nios2eds/bin/gnu/h-i686-mingw32/bin/../lib/gcc/nios2-elf/4.1.2/../../../../nios2-elf/lib/mno-hw-mul\libc.a(lib_a-int_errno.o)
 .bss           0x0000e008        0x0 c:/altera/13.0sp1/nios2eds/bin/gnu/h-i686-mingw32/bin/../lib/gcc/nios2-elf/4.1.2/../../../../nios2-elf/lib/mno-hw-mul\libc.a(lib_a-memcmp.o)
 .bss           0x0000e008        0x0 c:/altera/13.0sp1/nios2eds/bin/gnu/h-i686-mingw32/bin/../lib/gcc/nios2-elf/4.1.2/../../../../nios2-elf/lib/mno-hw-mul\libc.a(lib_a-memcpy.o)
 .bss           0x0000e008        0x0 c:/altera/13.0sp1/nios2eds/bin/gnu/h-i686-mingw32/bin/../lib/gcc/nios2-elf/4.1.2/../../../../nios2-elf/lib/mno-hw-mul\libc.a(lib_a-strlen.o)
 .bss           0x0000e008        0x0 c:/altera/13.0sp1/nios2eds/bin/gnu/h-i686-mingw32/bin/../lib/gcc/nios2-elf/4.1.2/../../../../nios2-elf/lib/mno-hw-mul\libc.a(lib_a-__atexit.o)
 .bss           0x0000e008        0x0 c:/altera/13.0sp1/nios2eds/bin/gnu/h-i686-mingw32/bin/../lib/gcc/nios2-elf/4.1.2/../../../../nios2-elf/lib/mno-hw-mul\libc.a(lib_a-__call_atexit.o)
 .bss           0x0000e008        0x0 ../bai61_bsp/\libhal_bsp.a(alt_exit.o)
 *(COMMON)
 COMMON         0x0000e008      0x100 ../bai61_bsp/\libhal_bsp.a(alt_irq_handler.o)
                0x0000e008                alt_irq
 COMMON         0x0000e108      0x190 c:/altera/13.0sp1/nios2eds/bin/gnu/h-i686-mingw32/bin/../lib/gcc/nios2-elf/4.1.2/../../../../nios2-elf/lib/mno-hw-mul\libc.a(lib_a-atexit.o)
                0x0000e108                _atexit0
                0x0000e298                . = ALIGN (0x4)
                0x0000e298                __bss_end = ABSOLUTE (.)

.onchip_memory2_0
                0x0000e298        0x0
                0x0000e298                PROVIDE (_alt_partition_onchip_memory2_0_start, ABSOLUTE (.))
 *(.onchip_memory2_0. onchip_memory2_0.*)
                0x0000e298                . = ALIGN (0x4)
                0x0000e298                PROVIDE (_alt_partition_onchip_memory2_0_end, ABSOLUTE (.))
                0x0000e298                _end = ABSOLUTE (.)
                0x0000e298                end = ABSOLUTE (.)
                0x0000e298                __alt_stack_base = ABSOLUTE (.)
                0x0000e298                PROVIDE (_alt_partition_onchip_memory2_0_load_addr, LOADADDR (.onchip_memory2_0))

.stab
 *(.stab)

.stabstr
 *(.stabstr)

.stab.excl
 *(.stab.excl)

.stab.exclstr
 *(.stab.exclstr)

.stab.index
 *(.stab.index)

.stab.indexstr
 *(.stab.indexstr)

.comment        0x00000000       0x26
 *(.comment)
 .comment       0x00000000       0x26 obj/default/bai61.o
                                 0x27 (size before relaxing)
 .comment       0x00000000       0x27 c:/altera/13.0sp1/nios2eds/bin/gnu/h-i686-mingw32/bin/../lib/gcc/nios2-elf/4.1.2/mno-hw-mul\libgcc.a(lib2-mul.o)
 .comment       0x00000000       0x27 ../bai61_bsp/\libhal_bsp.a(alt_load.o)
 .comment       0x00000000       0x27 ../bai61_bsp/\libhal_bsp.a(alt_main.o)
 .comment       0x00000000       0x27 ../bai61_bsp/\libhal_bsp.a(alt_sys_init.o)
 .comment       0x00000000       0x27 ../bai61_bsp/\libhal_bsp.a(altera_avalon_jtag_uart_fd.o)
 .comment       0x00000000       0x27 ../bai61_bsp/\libhal_bsp.a(altera_avalon_jtag_uart_init.o)
 .comment       0x00000000       0x27 ../bai61_bsp/\libhal_bsp.a(altera_avalon_jtag_uart_ioctl.o)
 .comment       0x00000000       0x27 ../bai61_bsp/\libhal_bsp.a(altera_avalon_jtag_uart_read.o)
 .comment       0x00000000       0x27 ../bai61_bsp/\libhal_bsp.a(altera_avalon_jtag_uart_write.o)
 .comment       0x00000000       0x27 ../bai61_bsp/\libhal_bsp.a(altera_avalon_uart_fd.o)
 .comment       0x00000000       0x27 ../bai61_bsp/\libhal_bsp.a(altera_avalon_uart_init.o)
 .comment       0x00000000       0x27 ../bai61_bsp/\libhal_bsp.a(altera_avalon_uart_read.o)
 .comment       0x00000000       0x27 ../bai61_bsp/\libhal_bsp.a(altera_avalon_uart_write.o)
 .comment       0x00000000       0x27 ../bai61_bsp/\libhal_bsp.a(alt_alarm_start.o)
 .comment       0x00000000       0x27 ../bai61_bsp/\libhal_bsp.a(alt_close.o)
 .comment       0x00000000       0x27 ../bai61_bsp/\libhal_bsp.a(alt_dcache_flush_all.o)
 .comment       0x00000000       0x27 ../bai61_bsp/\libhal_bsp.a(alt_dev.o)
 .comment       0x00000000       0x27 ../bai61_bsp/\libhal_bsp.a(alt_dev_llist_insert.o)
 .comment       0x00000000       0x27 ../bai61_bsp/\libhal_bsp.a(alt_do_ctors.o)
 .comment       0x00000000       0x27 ../bai61_bsp/\libhal_bsp.a(alt_do_dtors.o)
 .comment       0x00000000       0x27 ../bai61_bsp/\libhal_bsp.a(alt_errno.o)
 .comment       0x00000000       0x27 ../bai61_bsp/\libhal_bsp.a(alt_icache_flush_all.o)
 .comment       0x00000000       0x27 ../bai61_bsp/\libhal_bsp.a(alt_iic.o)
 .comment       0x00000000       0x27 ../bai61_bsp/\libhal_bsp.a(alt_iic_isr_register.o)
 .comment       0x00000000       0x27 ../bai61_bsp/\libhal_bsp.a(alt_io_redirect.o)
 .comment       0x00000000       0x27 ../bai61_bsp/\libhal_bsp.a(alt_irq_handler.o)
 .comment       0x00000000       0x27 ../bai61_bsp/\libhal_bsp.a(alt_irq_vars.o)
 .comment       0x00000000       0x27 ../bai61_bsp/\libhal_bsp.a(alt_open.o)
 .comment       0x00000000       0x27 ../bai61_bsp/\libhal_bsp.a(alt_release_fd.o)
 .comment       0x00000000       0x27 ../bai61_bsp/\libhal_bsp.a(alt_tick.o)
 .comment       0x00000000       0x27 ../bai61_bsp/\libhal_bsp.a(altera_nios2_qsys_irq.o)
 .comment       0x00000000       0x27 ../bai61_bsp/\libhal_bsp.a(alt_find_dev.o)
 .comment       0x00000000       0x27 ../bai61_bsp/\libhal_bsp.a(alt_find_file.o)
 .comment       0x00000000       0x27 ../bai61_bsp/\libhal_bsp.a(alt_get_fd.o)
 .comment       0x00000000       0x27 c:/altera/13.0sp1/nios2eds/bin/gnu/h-i686-mingw32/bin/../lib/gcc/nios2-elf/4.1.2/../../../../nios2-elf/lib/mno-hw-mul\libc.a(lib_a-atexit.o)
 .comment       0x00000000       0x27 c:/altera/13.0sp1/nios2eds/bin/gnu/h-i686-mingw32/bin/../lib/gcc/nios2-elf/4.1.2/../../../../nios2-elf/lib/mno-hw-mul\libc.a(lib_a-exit.o)
 .comment       0x00000000       0x27 c:/altera/13.0sp1/nios2eds/bin/gnu/h-i686-mingw32/bin/../lib/gcc/nios2-elf/4.1.2/../../../../nios2-elf/lib/mno-hw-mul\libc.a(lib_a-impure.o)
 .comment       0x00000000       0x27 c:/altera/13.0sp1/nios2eds/bin/gnu/h-i686-mingw32/bin/../lib/gcc/nios2-elf/4.1.2/../../../../nios2-elf/lib/mno-hw-mul\libc.a(lib_a-int_errno.o)
 .comment       0x00000000       0x27 c:/altera/13.0sp1/nios2eds/bin/gnu/h-i686-mingw32/bin/../lib/gcc/nios2-elf/4.1.2/../../../../nios2-elf/lib/mno-hw-mul\libc.a(lib_a-memcmp.o)
 .comment       0x00000000       0x27 c:/altera/13.0sp1/nios2eds/bin/gnu/h-i686-mingw32/bin/../lib/gcc/nios2-elf/4.1.2/../../../../nios2-elf/lib/mno-hw-mul\libc.a(lib_a-memcpy.o)
 .comment       0x00000000       0x27 c:/altera/13.0sp1/nios2eds/bin/gnu/h-i686-mingw32/bin/../lib/gcc/nios2-elf/4.1.2/../../../../nios2-elf/lib/mno-hw-mul\libc.a(lib_a-strlen.o)
 .comment       0x00000000       0x27 c:/altera/13.0sp1/nios2eds/bin/gnu/h-i686-mingw32/bin/../lib/gcc/nios2-elf/4.1.2/../../../../nios2-elf/lib/mno-hw-mul\libc.a(lib_a-__atexit.o)
 .comment       0x00000000       0x27 c:/altera/13.0sp1/nios2eds/bin/gnu/h-i686-mingw32/bin/../lib/gcc/nios2-elf/4.1.2/../../../../nios2-elf/lib/mno-hw-mul\libc.a(lib_a-__call_atexit.o)
 .comment       0x00000000       0x27 ../bai61_bsp/\libhal_bsp.a(alt_exit.o)

.debug
 *(.debug)

.line
 *(.line)

.debug_srcinfo
 *(.debug_srcinfo)

.debug_sfnames
 *(.debug_sfnames)

.debug_aranges  0x00000000      0x5b8
 *(.debug_aranges)
 .debug_aranges
                0x00000000       0x28 ../bai61_bsp//obj/HAL/src/crt0.o
 .debug_aranges
                0x00000028       0x20 obj/default/bai61.o
 .debug_aranges
                0x00000048       0x20 c:/altera/13.0sp1/nios2eds/bin/gnu/h-i686-mingw32/bin/../lib/gcc/nios2-elf/4.1.2/mno-hw-mul\libgcc.a(lib2-mul.o)
 .debug_aranges
                0x00000068       0x20 ../bai61_bsp/\libhal_bsp.a(alt_load.o)
 .debug_aranges
                0x00000088       0x20 ../bai61_bsp/\libhal_bsp.a(alt_main.o)
 .debug_aranges
                0x000000a8       0x20 ../bai61_bsp/\libhal_bsp.a(alt_sys_init.o)
 .debug_aranges
                0x000000c8       0x20 ../bai61_bsp/\libhal_bsp.a(altera_avalon_jtag_uart_fd.o)
 .debug_aranges
                0x000000e8       0x20 ../bai61_bsp/\libhal_bsp.a(altera_avalon_jtag_uart_init.o)
 .debug_aranges
                0x00000108       0x20 ../bai61_bsp/\libhal_bsp.a(altera_avalon_jtag_uart_ioctl.o)
 .debug_aranges
                0x00000128       0x20 ../bai61_bsp/\libhal_bsp.a(altera_avalon_jtag_uart_read.o)
 .debug_aranges
                0x00000148       0x20 ../bai61_bsp/\libhal_bsp.a(altera_avalon_jtag_uart_write.o)
 .debug_aranges
                0x00000168       0x20 ../bai61_bsp/\libhal_bsp.a(altera_avalon_uart_fd.o)
 .debug_aranges
                0x00000188       0x20 ../bai61_bsp/\libhal_bsp.a(altera_avalon_uart_init.o)
 .debug_aranges
                0x000001a8       0x20 ../bai61_bsp/\libhal_bsp.a(altera_avalon_uart_read.o)
 .debug_aranges
                0x000001c8       0x20 ../bai61_bsp/\libhal_bsp.a(altera_avalon_uart_write.o)
 .debug_aranges
                0x000001e8       0x20 ../bai61_bsp/\libhal_bsp.a(alt_alarm_start.o)
 .debug_aranges
                0x00000208       0x20 ../bai61_bsp/\libhal_bsp.a(alt_close.o)
 .debug_aranges
                0x00000228       0x20 ../bai61_bsp/\libhal_bsp.a(alt_dcache_flush_all.o)
 .debug_aranges
                0x00000248       0x20 ../bai61_bsp/\libhal_bsp.a(alt_dev.o)
 .debug_aranges
                0x00000268       0x20 ../bai61_bsp/\libhal_bsp.a(alt_dev_llist_insert.o)
 .debug_aranges
                0x00000288       0x20 ../bai61_bsp/\libhal_bsp.a(alt_do_ctors.o)
 .debug_aranges
                0x000002a8       0x20 ../bai61_bsp/\libhal_bsp.a(alt_do_dtors.o)
 .debug_aranges
                0x000002c8       0x20 ../bai61_bsp/\libhal_bsp.a(alt_icache_flush_all.o)
 .debug_aranges
                0x000002e8       0x20 ../bai61_bsp/\libhal_bsp.a(alt_iic.o)
 .debug_aranges
                0x00000308       0x20 ../bai61_bsp/\libhal_bsp.a(alt_iic_isr_register.o)
 .debug_aranges
                0x00000328       0x20 ../bai61_bsp/\libhal_bsp.a(alt_io_redirect.o)
 .debug_aranges
                0x00000348       0x30 ../bai61_bsp/\libhal_bsp.a(alt_irq_entry.o)
 .debug_aranges
                0x00000378       0x28 ../bai61_bsp/\libhal_bsp.a(alt_irq_handler.o)
 .debug_aranges
                0x000003a0       0x20 ../bai61_bsp/\libhal_bsp.a(alt_open.o)
 .debug_aranges
                0x000003c0       0x20 ../bai61_bsp/\libhal_bsp.a(alt_release_fd.o)
 .debug_aranges
                0x000003e0       0x20 ../bai61_bsp/\libhal_bsp.a(alt_tick.o)
 .debug_aranges
                0x00000400       0x20 ../bai61_bsp/\libhal_bsp.a(altera_nios2_qsys_irq.o)
 .debug_aranges
                0x00000420       0x38 ../bai61_bsp/\libhal_bsp.a(alt_exception_entry.o)
 .debug_aranges
                0x00000458       0x20 ../bai61_bsp/\libhal_bsp.a(alt_find_dev.o)
 .debug_aranges
                0x00000478       0x20 ../bai61_bsp/\libhal_bsp.a(alt_find_file.o)
 .debug_aranges
                0x00000498       0x20 ../bai61_bsp/\libhal_bsp.a(alt_get_fd.o)
 .debug_aranges
                0x000004b8       0x20 c:/altera/13.0sp1/nios2eds/bin/gnu/h-i686-mingw32/bin/../lib/gcc/nios2-elf/4.1.2/../../../../nios2-elf/lib/mno-hw-mul\libc.a(lib_a-atexit.o)
 .debug_aranges
                0x000004d8       0x20 c:/altera/13.0sp1/nios2eds/bin/gnu/h-i686-mingw32/bin/../lib/gcc/nios2-elf/4.1.2/../../../../nios2-elf/lib/mno-hw-mul\libc.a(lib_a-exit.o)
 .debug_aranges
                0x000004f8       0x20 c:/altera/13.0sp1/nios2eds/bin/gnu/h-i686-mingw32/bin/../lib/gcc/nios2-elf/4.1.2/../../../../nios2-elf/lib/mno-hw-mul\libc.a(lib_a-memcmp.o)
 .debug_aranges
                0x00000518       0x20 c:/altera/13.0sp1/nios2eds/bin/gnu/h-i686-mingw32/bin/../lib/gcc/nios2-elf/4.1.2/../../../../nios2-elf/lib/mno-hw-mul\libc.a(lib_a-memcpy.o)
 .debug_aranges
                0x00000538       0x20 c:/altera/13.0sp1/nios2eds/bin/gnu/h-i686-mingw32/bin/../lib/gcc/nios2-elf/4.1.2/../../../../nios2-elf/lib/mno-hw-mul\libc.a(lib_a-strlen.o)
 .debug_aranges
                0x00000558       0x20 c:/altera/13.0sp1/nios2eds/bin/gnu/h-i686-mingw32/bin/../lib/gcc/nios2-elf/4.1.2/../../../../nios2-elf/lib/mno-hw-mul\libc.a(lib_a-__atexit.o)
 .debug_aranges
                0x00000578       0x20 c:/altera/13.0sp1/nios2eds/bin/gnu/h-i686-mingw32/bin/../lib/gcc/nios2-elf/4.1.2/../../../../nios2-elf/lib/mno-hw-mul\libc.a(lib_a-__call_atexit.o)
 .debug_aranges
                0x00000598       0x20 ../bai61_bsp/\libhal_bsp.a(alt_exit.o)

.debug_pubnames
                0x00000000      0x8dc
 *(.debug_pubnames)
 .debug_pubnames
                0x00000000       0x25 obj/default/bai61.o
 .debug_pubnames
                0x00000025       0x1f c:/altera/13.0sp1/nios2eds/bin/gnu/h-i686-mingw32/bin/../lib/gcc/nios2-elf/4.1.2/mno-hw-mul\libgcc.a(lib2-mul.o)
 .debug_pubnames
                0x00000044       0x1f ../bai61_bsp/\libhal_bsp.a(alt_load.o)
 .debug_pubnames
                0x00000063       0x46 ../bai61_bsp/\libhal_bsp.a(alt_main.o)
 .debug_pubnames
                0x000000a9       0x34 ../bai61_bsp/\libhal_bsp.a(alt_sys_init.o)
 .debug_pubnames
                0x000000dd       0xa5 ../bai61_bsp/\libhal_bsp.a(altera_avalon_jtag_uart_fd.o)
 .debug_pubnames
                0x00000182       0x55 ../bai61_bsp/\libhal_bsp.a(altera_avalon_jtag_uart_init.o)
 .debug_pubnames
                0x000001d7       0x34 ../bai61_bsp/\libhal_bsp.a(altera_avalon_jtag_uart_ioctl.o)
 .debug_pubnames
                0x0000020b       0x33 ../bai61_bsp/\libhal_bsp.a(altera_avalon_jtag_uart_read.o)
 .debug_pubnames
                0x0000023e       0x34 ../bai61_bsp/\libhal_bsp.a(altera_avalon_jtag_uart_write.o)
 .debug_pubnames
                0x00000272       0x71 ../bai61_bsp/\libhal_bsp.a(altera_avalon_uart_fd.o)
 .debug_pubnames
                0x000002e3       0x4b ../bai61_bsp/\libhal_bsp.a(altera_avalon_uart_init.o)
 .debug_pubnames
                0x0000032e       0x2e ../bai61_bsp/\libhal_bsp.a(altera_avalon_uart_read.o)
 .debug_pubnames
                0x0000035c       0x2f ../bai61_bsp/\libhal_bsp.a(altera_avalon_uart_write.o)
 .debug_pubnames
                0x0000038b       0x26 ../bai61_bsp/\libhal_bsp.a(alt_alarm_start.o)
 .debug_pubnames
                0x000003b1       0x1c ../bai61_bsp/\libhal_bsp.a(alt_close.o)
 .debug_pubnames
                0x000003cd       0x2b ../bai61_bsp/\libhal_bsp.a(alt_dcache_flush_all.o)
 .debug_pubnames
                0x000003f8       0x63 ../bai61_bsp/\libhal_bsp.a(alt_dev.o)
 .debug_pubnames
                0x0000045b       0x2b ../bai61_bsp/\libhal_bsp.a(alt_dev_llist_insert.o)
 .debug_pubnames
                0x00000486       0x20 ../bai61_bsp/\libhal_bsp.a(alt_do_ctors.o)
 .debug_pubnames
                0x000004a6       0x20 ../bai61_bsp/\libhal_bsp.a(alt_do_dtors.o)
 .debug_pubnames
                0x000004c6       0x20 ../bai61_bsp/\libhal_bsp.a(alt_errno.o)
 .debug_pubnames
                0x000004e6       0x2b ../bai61_bsp/\libhal_bsp.a(alt_icache_flush_all.o)
 .debug_pubnames
                0x00000511       0x6e ../bai61_bsp/\libhal_bsp.a(alt_iic.o)
 .debug_pubnames
                0x0000057f       0x2b ../bai61_bsp/\libhal_bsp.a(alt_iic_isr_register.o)
 .debug_pubnames
                0x000005aa       0x26 ../bai61_bsp/\libhal_bsp.a(alt_io_redirect.o)
 .debug_pubnames
                0x000005d0       0x32 ../bai61_bsp/\libhal_bsp.a(alt_irq_handler.o)
 .debug_pubnames
                0x00000602       0x3b ../bai61_bsp/\libhal_bsp.a(alt_irq_vars.o)
 .debug_pubnames
                0x0000063d       0x1b ../bai61_bsp/\libhal_bsp.a(alt_open.o)
 .debug_pubnames
                0x00000658       0x25 ../bai61_bsp/\libhal_bsp.a(alt_release_fd.o)
 .debug_pubnames
                0x0000067d       0x68 ../bai61_bsp/\libhal_bsp.a(alt_tick.o)
 .debug_pubnames
                0x000006e5       0x31 ../bai61_bsp/\libhal_bsp.a(altera_nios2_qsys_irq.o)
 .debug_pubnames
                0x00000716       0x23 ../bai61_bsp/\libhal_bsp.a(alt_find_dev.o)
 .debug_pubnames
                0x00000739       0x24 ../bai61_bsp/\libhal_bsp.a(alt_find_file.o)
 .debug_pubnames
                0x0000075d       0x21 ../bai61_bsp/\libhal_bsp.a(alt_get_fd.o)
 .debug_pubnames
                0x0000077e       0x2a c:/altera/13.0sp1/nios2eds/bin/gnu/h-i686-mingw32/bin/../lib/gcc/nios2-elf/4.1.2/../../../../nios2-elf/lib/mno-hw-mul\libc.a(lib_a-atexit.o)
 .debug_pubnames
                0x000007a8       0x1b c:/altera/13.0sp1/nios2eds/bin/gnu/h-i686-mingw32/bin/../lib/gcc/nios2-elf/4.1.2/../../../../nios2-elf/lib/mno-hw-mul\libc.a(lib_a-exit.o)
 .debug_pubnames
                0x000007c3       0x39 c:/altera/13.0sp1/nios2eds/bin/gnu/h-i686-mingw32/bin/../lib/gcc/nios2-elf/4.1.2/../../../../nios2-elf/lib/mno-hw-mul\libc.a(lib_a-impure.o)
 .debug_pubnames
                0x000007fc       0x1c c:/altera/13.0sp1/nios2eds/bin/gnu/h-i686-mingw32/bin/../lib/gcc/nios2-elf/4.1.2/../../../../nios2-elf/lib/mno-hw-mul\libc.a(lib_a-int_errno.o)
 .debug_pubnames
                0x00000818       0x1d c:/altera/13.0sp1/nios2eds/bin/gnu/h-i686-mingw32/bin/../lib/gcc/nios2-elf/4.1.2/../../../../nios2-elf/lib/mno-hw-mul\libc.a(lib_a-memcmp.o)
 .debug_pubnames
                0x00000835       0x1d c:/altera/13.0sp1/nios2eds/bin/gnu/h-i686-mingw32/bin/../lib/gcc/nios2-elf/4.1.2/../../../../nios2-elf/lib/mno-hw-mul\libc.a(lib_a-memcpy.o)
 .debug_pubnames
                0x00000852       0x1d c:/altera/13.0sp1/nios2eds/bin/gnu/h-i686-mingw32/bin/../lib/gcc/nios2-elf/4.1.2/../../../../nios2-elf/lib/mno-hw-mul\libc.a(lib_a-strlen.o)
 .debug_pubnames
                0x0000086f       0x2a c:/altera/13.0sp1/nios2eds/bin/gnu/h-i686-mingw32/bin/../lib/gcc/nios2-elf/4.1.2/../../../../nios2-elf/lib/mno-hw-mul\libc.a(lib_a-__atexit.o)
 .debug_pubnames
                0x00000899       0x27 c:/altera/13.0sp1/nios2eds/bin/gnu/h-i686-mingw32/bin/../lib/gcc/nios2-elf/4.1.2/../../../../nios2-elf/lib/mno-hw-mul\libc.a(lib_a-__call_atexit.o)
 .debug_pubnames
                0x000008c0       0x1c ../bai61_bsp/\libhal_bsp.a(alt_exit.o)

.debug_info     0x00000000     0xafc5
 *(.debug_info .gnu.linkonce.wi.*)
 .debug_info    0x00000000       0x56 ../bai61_bsp//obj/HAL/src/crt0.o
 .debug_info    0x00000056      0x284 obj/default/bai61.o
 .debug_info    0x000002da       0xf3 c:/altera/13.0sp1/nios2eds/bin/gnu/h-i686-mingw32/bin/../lib/gcc/nios2-elf/4.1.2/mno-hw-mul\libgcc.a(lib2-mul.o)
 .debug_info    0x000003cd      0x268 ../bai61_bsp/\libhal_bsp.a(alt_load.o)
 .debug_info    0x00000635      0x200 ../bai61_bsp/\libhal_bsp.a(alt_main.o)
 .debug_info    0x00000835      0x811 ../bai61_bsp/\libhal_bsp.a(alt_sys_init.o)
 .debug_info    0x00001046      0x7b4 ../bai61_bsp/\libhal_bsp.a(altera_avalon_jtag_uart_fd.o)
 .debug_info    0x000017fa      0x5dc ../bai61_bsp/\libhal_bsp.a(altera_avalon_jtag_uart_init.o)
 .debug_info    0x00001dd6      0x41e ../bai61_bsp/\libhal_bsp.a(altera_avalon_jtag_uart_ioctl.o)
 .debug_info    0x000021f4      0x521 ../bai61_bsp/\libhal_bsp.a(altera_avalon_jtag_uart_read.o)
 .debug_info    0x00002715      0x519 ../bai61_bsp/\libhal_bsp.a(altera_avalon_jtag_uart_write.o)
 .debug_info    0x00002c2e      0x617 ../bai61_bsp/\libhal_bsp.a(altera_avalon_uart_fd.o)
 .debug_info    0x00003245      0x4e9 ../bai61_bsp/\libhal_bsp.a(altera_avalon_uart_init.o)
 .debug_info    0x0000372e      0x49d ../bai61_bsp/\libhal_bsp.a(altera_avalon_uart_read.o)
 .debug_info    0x00003bcb      0x49b ../bai61_bsp/\libhal_bsp.a(altera_avalon_uart_write.o)
 .debug_info    0x00004066      0x41d ../bai61_bsp/\libhal_bsp.a(alt_alarm_start.o)
 .debug_info    0x00004483      0x442 ../bai61_bsp/\libhal_bsp.a(alt_close.o)
 .debug_info    0x000048c5      0x137 ../bai61_bsp/\libhal_bsp.a(alt_dcache_flush_all.o)
 .debug_info    0x000049fc      0x65a ../bai61_bsp/\libhal_bsp.a(alt_dev.o)
 .debug_info    0x00005056      0x292 ../bai61_bsp/\libhal_bsp.a(alt_dev_llist_insert.o)
 .debug_info    0x000052e8       0xea ../bai61_bsp/\libhal_bsp.a(alt_do_ctors.o)
 .debug_info    0x000053d2       0xe9 ../bai61_bsp/\libhal_bsp.a(alt_do_dtors.o)
 .debug_info    0x000054bb      0x13f ../bai61_bsp/\libhal_bsp.a(alt_errno.o)
 .debug_info    0x000055fa      0x137 ../bai61_bsp/\libhal_bsp.a(alt_icache_flush_all.o)
 .debug_info    0x00005731      0x46e ../bai61_bsp/\libhal_bsp.a(alt_iic.o)
 .debug_info    0x00005b9f      0x2ef ../bai61_bsp/\libhal_bsp.a(alt_iic_isr_register.o)
 .debug_info    0x00005e8e      0x670 ../bai61_bsp/\libhal_bsp.a(alt_io_redirect.o)
 .debug_info    0x000064fe       0x5f ../bai61_bsp/\libhal_bsp.a(alt_irq_entry.o)
 .debug_info    0x0000655d      0x250 ../bai61_bsp/\libhal_bsp.a(alt_irq_handler.o)
 .debug_info    0x000067ad      0x142 ../bai61_bsp/\libhal_bsp.a(alt_irq_vars.o)
 .debug_info    0x000068ef      0x500 ../bai61_bsp/\libhal_bsp.a(alt_open.o)
 .debug_info    0x00006def      0x3cd ../bai61_bsp/\libhal_bsp.a(alt_release_fd.o)
 .debug_info    0x000071bc      0x3d9 ../bai61_bsp/\libhal_bsp.a(alt_tick.o)
 .debug_info    0x00007595      0x13e ../bai61_bsp/\libhal_bsp.a(altera_nios2_qsys_irq.o)
 .debug_info    0x000076d3       0x65 ../bai61_bsp/\libhal_bsp.a(alt_exception_entry.o)
 .debug_info    0x00007738      0x3f3 ../bai61_bsp/\libhal_bsp.a(alt_find_dev.o)
 .debug_info    0x00007b2b      0x3fa ../bai61_bsp/\libhal_bsp.a(alt_find_file.o)
 .debug_info    0x00007f25      0x43b ../bai61_bsp/\libhal_bsp.a(alt_get_fd.o)
 .debug_info    0x00008360      0x181 c:/altera/13.0sp1/nios2eds/bin/gnu/h-i686-mingw32/bin/../lib/gcc/nios2-elf/4.1.2/../../../../nios2-elf/lib/mno-hw-mul\libc.a(lib_a-atexit.o)
 .debug_info    0x000084e1      0x93f c:/altera/13.0sp1/nios2eds/bin/gnu/h-i686-mingw32/bin/../lib/gcc/nios2-elf/4.1.2/../../../../nios2-elf/lib/mno-hw-mul\libc.a(lib_a-exit.o)
 .debug_info    0x00008e20      0x93d c:/altera/13.0sp1/nios2eds/bin/gnu/h-i686-mingw32/bin/../lib/gcc/nios2-elf/4.1.2/../../../../nios2-elf/lib/mno-hw-mul\libc.a(lib_a-impure.o)
 .debug_info    0x0000975d       0x8c c:/altera/13.0sp1/nios2eds/bin/gnu/h-i686-mingw32/bin/../lib/gcc/nios2-elf/4.1.2/../../../../nios2-elf/lib/mno-hw-mul\libc.a(lib_a-int_errno.o)
 .debug_info    0x000097e9      0x115 c:/altera/13.0sp1/nios2eds/bin/gnu/h-i686-mingw32/bin/../lib/gcc/nios2-elf/4.1.2/../../../../nios2-elf/lib/mno-hw-mul\libc.a(lib_a-memcmp.o)
 .debug_info    0x000098fe      0x106 c:/altera/13.0sp1/nios2eds/bin/gnu/h-i686-mingw32/bin/../lib/gcc/nios2-elf/4.1.2/../../../../nios2-elf/lib/mno-hw-mul\libc.a(lib_a-memcpy.o)
 .debug_info    0x00009a04       0xdb c:/altera/13.0sp1/nios2eds/bin/gnu/h-i686-mingw32/bin/../lib/gcc/nios2-elf/4.1.2/../../../../nios2-elf/lib/mno-hw-mul\libc.a(lib_a-strlen.o)
 .debug_info    0x00009adf      0x99c c:/altera/13.0sp1/nios2eds/bin/gnu/h-i686-mingw32/bin/../lib/gcc/nios2-elf/4.1.2/../../../../nios2-elf/lib/mno-hw-mul\libc.a(lib_a-__atexit.o)
 .debug_info    0x0000a47b      0x9e2 c:/altera/13.0sp1/nios2eds/bin/gnu/h-i686-mingw32/bin/../lib/gcc/nios2-elf/4.1.2/../../../../nios2-elf/lib/mno-hw-mul\libc.a(lib_a-__call_atexit.o)
 .debug_info    0x0000ae5d      0x168 ../bai61_bsp/\libhal_bsp.a(alt_exit.o)

.debug_abbrev   0x00000000     0x29a5
 *(.debug_abbrev)
 .debug_abbrev  0x00000000       0x12 ../bai61_bsp//obj/HAL/src/crt0.o
 .debug_abbrev  0x00000012       0xaa obj/default/bai61.o
 .debug_abbrev  0x000000bc       0x7b c:/altera/13.0sp1/nios2eds/bin/gnu/h-i686-mingw32/bin/../lib/gcc/nios2-elf/4.1.2/mno-hw-mul\libgcc.a(lib2-mul.o)
 .debug_abbrev  0x00000137       0x88 ../bai61_bsp/\libhal_bsp.a(alt_load.o)
 .debug_abbrev  0x000001bf       0xb7 ../bai61_bsp/\libhal_bsp.a(alt_main.o)
 .debug_abbrev  0x00000276      0x14b ../bai61_bsp/\libhal_bsp.a(alt_sys_init.o)
 .debug_abbrev  0x000003c1       0xf7 ../bai61_bsp/\libhal_bsp.a(altera_avalon_jtag_uart_fd.o)
 .debug_abbrev  0x000004b8      0x17c ../bai61_bsp/\libhal_bsp.a(altera_avalon_jtag_uart_init.o)
 .debug_abbrev  0x00000634       0xf0 ../bai61_bsp/\libhal_bsp.a(altera_avalon_jtag_uart_ioctl.o)
 .debug_abbrev  0x00000724      0x191 ../bai61_bsp/\libhal_bsp.a(altera_avalon_jtag_uart_read.o)
 .debug_abbrev  0x000008b5      0x18d ../bai61_bsp/\libhal_bsp.a(altera_avalon_jtag_uart_write.o)
 .debug_abbrev  0x00000a42       0xe8 ../bai61_bsp/\libhal_bsp.a(altera_avalon_uart_fd.o)
 .debug_abbrev  0x00000b2a      0x148 ../bai61_bsp/\libhal_bsp.a(altera_avalon_uart_init.o)
 .debug_abbrev  0x00000c72      0x174 ../bai61_bsp/\libhal_bsp.a(altera_avalon_uart_read.o)
 .debug_abbrev  0x00000de6      0x17b ../bai61_bsp/\libhal_bsp.a(altera_avalon_uart_write.o)
 .debug_abbrev  0x00000f61      0x172 ../bai61_bsp/\libhal_bsp.a(alt_alarm_start.o)
 .debug_abbrev  0x000010d3       0xfb ../bai61_bsp/\libhal_bsp.a(alt_close.o)
 .debug_abbrev  0x000011ce       0x3f ../bai61_bsp/\libhal_bsp.a(alt_dcache_flush_all.o)
 .debug_abbrev  0x0000120d       0xc7 ../bai61_bsp/\libhal_bsp.a(alt_dev.o)
 .debug_abbrev  0x000012d4       0xf6 ../bai61_bsp/\libhal_bsp.a(alt_dev_llist_insert.o)
 .debug_abbrev  0x000013ca       0x76 ../bai61_bsp/\libhal_bsp.a(alt_do_ctors.o)
 .debug_abbrev  0x00001440       0x76 ../bai61_bsp/\libhal_bsp.a(alt_do_dtors.o)
 .debug_abbrev  0x000014b6       0x5e ../bai61_bsp/\libhal_bsp.a(alt_errno.o)
 .debug_abbrev  0x00001514       0x3f ../bai61_bsp/\libhal_bsp.a(alt_icache_flush_all.o)
 .debug_abbrev  0x00001553      0x134 ../bai61_bsp/\libhal_bsp.a(alt_iic.o)
 .debug_abbrev  0x00001687      0x14e ../bai61_bsp/\libhal_bsp.a(alt_iic_isr_register.o)
 .debug_abbrev  0x000017d5       0xf0 ../bai61_bsp/\libhal_bsp.a(alt_io_redirect.o)
 .debug_abbrev  0x000018c5       0x12 ../bai61_bsp/\libhal_bsp.a(alt_irq_entry.o)
 .debug_abbrev  0x000018d7      0x10c ../bai61_bsp/\libhal_bsp.a(alt_irq_handler.o)
 .debug_abbrev  0x000019e3       0x44 ../bai61_bsp/\libhal_bsp.a(alt_irq_vars.o)
 .debug_abbrev  0x00001a27      0x112 ../bai61_bsp/\libhal_bsp.a(alt_open.o)
 .debug_abbrev  0x00001b39       0xc1 ../bai61_bsp/\libhal_bsp.a(alt_release_fd.o)
 .debug_abbrev  0x00001bfa      0x150 ../bai61_bsp/\libhal_bsp.a(alt_tick.o)
 .debug_abbrev  0x00001d4a       0x3f ../bai61_bsp/\libhal_bsp.a(altera_nios2_qsys_irq.o)
 .debug_abbrev  0x00001d89       0x12 ../bai61_bsp/\libhal_bsp.a(alt_exception_entry.o)
 .debug_abbrev  0x00001d9b       0xcf ../bai61_bsp/\libhal_bsp.a(alt_find_dev.o)
 .debug_abbrev  0x00001e6a       0xcf ../bai61_bsp/\libhal_bsp.a(alt_find_file.o)
 .debug_abbrev  0x00001f39       0xfb ../bai61_bsp/\libhal_bsp.a(alt_get_fd.o)
 .debug_abbrev  0x00002034       0xb7 c:/altera/13.0sp1/nios2eds/bin/gnu/h-i686-mingw32/bin/../lib/gcc/nios2-elf/4.1.2/../../../../nios2-elf/lib/mno-hw-mul\libc.a(lib_a-atexit.o)
 .debug_abbrev  0x000020eb      0x16e c:/altera/13.0sp1/nios2eds/bin/gnu/h-i686-mingw32/bin/../lib/gcc/nios2-elf/4.1.2/../../../../nios2-elf/lib/mno-hw-mul\libc.a(lib_a-exit.o)
 .debug_abbrev  0x00002259      0x157 c:/altera/13.0sp1/nios2eds/bin/gnu/h-i686-mingw32/bin/../lib/gcc/nios2-elf/4.1.2/../../../../nios2-elf/lib/mno-hw-mul\libc.a(lib_a-impure.o)
 .debug_abbrev  0x000023b0       0x3b c:/altera/13.0sp1/nios2eds/bin/gnu/h-i686-mingw32/bin/../lib/gcc/nios2-elf/4.1.2/../../../../nios2-elf/lib/mno-hw-mul\libc.a(lib_a-int_errno.o)
 .debug_abbrev  0x000023eb       0x7c c:/altera/13.0sp1/nios2eds/bin/gnu/h-i686-mingw32/bin/../lib/gcc/nios2-elf/4.1.2/../../../../nios2-elf/lib/mno-hw-mul\libc.a(lib_a-memcmp.o)
 .debug_abbrev  0x00002467       0xb5 c:/altera/13.0sp1/nios2eds/bin/gnu/h-i686-mingw32/bin/../lib/gcc/nios2-elf/4.1.2/../../../../nios2-elf/lib/mno-hw-mul\libc.a(lib_a-memcpy.o)
 .debug_abbrev  0x0000251c       0x8b c:/altera/13.0sp1/nios2eds/bin/gnu/h-i686-mingw32/bin/../lib/gcc/nios2-elf/4.1.2/../../../../nios2-elf/lib/mno-hw-mul\libc.a(lib_a-strlen.o)
 .debug_abbrev  0x000025a7      0x1ae c:/altera/13.0sp1/nios2eds/bin/gnu/h-i686-mingw32/bin/../lib/gcc/nios2-elf/4.1.2/../../../../nios2-elf/lib/mno-hw-mul\libc.a(lib_a-__atexit.o)
 .debug_abbrev  0x00002755      0x1de c:/altera/13.0sp1/nios2eds/bin/gnu/h-i686-mingw32/bin/../lib/gcc/nios2-elf/4.1.2/../../../../nios2-elf/lib/mno-hw-mul\libc.a(lib_a-__call_atexit.o)
 .debug_abbrev  0x00002933       0x72 ../bai61_bsp/\libhal_bsp.a(alt_exit.o)

.debug_line     0x00000000     0x7063
 *(.debug_line)
 .debug_line    0x00000000       0x66 ../bai61_bsp//obj/HAL/src/crt0.o
 .debug_line    0x00000066      0x375 obj/default/bai61.o
 .debug_line    0x000003db      0x11a c:/altera/13.0sp1/nios2eds/bin/gnu/h-i686-mingw32/bin/../lib/gcc/nios2-elf/4.1.2/mno-hw-mul\libgcc.a(lib2-mul.o)
 .debug_line    0x000004f5      0x217 ../bai61_bsp/\libhal_bsp.a(alt_load.o)
 .debug_line    0x0000070c      0x2ca ../bai61_bsp/\libhal_bsp.a(alt_main.o)
 .debug_line    0x000009d6      0x2ee ../bai61_bsp/\libhal_bsp.a(alt_sys_init.o)
 .debug_line    0x00000cc4      0x217 ../bai61_bsp/\libhal_bsp.a(altera_avalon_jtag_uart_fd.o)
 .debug_line    0x00000edb      0x4ab ../bai61_bsp/\libhal_bsp.a(altera_avalon_jtag_uart_init.o)
 .debug_line    0x00001386      0x317 ../bai61_bsp/\libhal_bsp.a(altera_avalon_jtag_uart_ioctl.o)
 .debug_line    0x0000169d      0x3f7 ../bai61_bsp/\libhal_bsp.a(altera_avalon_jtag_uart_read.o)
 .debug_line    0x00001a94      0x405 ../bai61_bsp/\libhal_bsp.a(altera_avalon_jtag_uart_write.o)
 .debug_line    0x00001e99      0x1d2 ../bai61_bsp/\libhal_bsp.a(altera_avalon_uart_fd.o)
 .debug_line    0x0000206b      0x492 ../bai61_bsp/\libhal_bsp.a(altera_avalon_uart_init.o)
 .debug_line    0x000024fd      0x404 ../bai61_bsp/\libhal_bsp.a(altera_avalon_uart_read.o)
 .debug_line    0x00002901      0x3e5 ../bai61_bsp/\libhal_bsp.a(altera_avalon_uart_write.o)
 .debug_line    0x00002ce6      0x2dc ../bai61_bsp/\libhal_bsp.a(alt_alarm_start.o)
 .debug_line    0x00002fc2      0x299 ../bai61_bsp/\libhal_bsp.a(alt_close.o)
 .debug_line    0x0000325b      0x1b5 ../bai61_bsp/\libhal_bsp.a(alt_dcache_flush_all.o)
 .debug_line    0x00003410      0x254 ../bai61_bsp/\libhal_bsp.a(alt_dev.o)
 .debug_line    0x00003664      0x25a ../bai61_bsp/\libhal_bsp.a(alt_dev_llist_insert.o)
 .debug_line    0x000038be       0x83 ../bai61_bsp/\libhal_bsp.a(alt_do_ctors.o)
 .debug_line    0x00003941       0x83 ../bai61_bsp/\libhal_bsp.a(alt_do_dtors.o)
 .debug_line    0x000039c4      0x1aa ../bai61_bsp/\libhal_bsp.a(alt_errno.o)
 .debug_line    0x00003b6e      0x1b5 ../bai61_bsp/\libhal_bsp.a(alt_icache_flush_all.o)
 .debug_line    0x00003d23      0x2c8 ../bai61_bsp/\libhal_bsp.a(alt_iic.o)
 .debug_line    0x00003feb      0x249 ../bai61_bsp/\libhal_bsp.a(alt_iic_isr_register.o)
 .debug_line    0x00004234      0x2b4 ../bai61_bsp/\libhal_bsp.a(alt_io_redirect.o)
 .debug_line    0x000044e8       0x6b ../bai61_bsp/\libhal_bsp.a(alt_irq_entry.o)
 .debug_line    0x00004553      0x248 ../bai61_bsp/\libhal_bsp.a(alt_irq_handler.o)
 .debug_line    0x0000479b       0x72 ../bai61_bsp/\libhal_bsp.a(alt_irq_vars.o)
 .debug_line    0x0000480d      0x2ff ../bai61_bsp/\libhal_bsp.a(alt_open.o)
 .debug_line    0x00004b0c       0xed ../bai61_bsp/\libhal_bsp.a(alt_release_fd.o)
 .debug_line    0x00004bf9      0x2dc ../bai61_bsp/\libhal_bsp.a(alt_tick.o)
 .debug_line    0x00004ed5      0x1ce ../bai61_bsp/\libhal_bsp.a(altera_nios2_qsys_irq.o)
 .debug_line    0x000050a3       0xab ../bai61_bsp/\libhal_bsp.a(alt_exception_entry.o)
 .debug_line    0x0000514e      0x26b ../bai61_bsp/\libhal_bsp.a(alt_find_dev.o)
 .debug_line    0x000053b9      0x27c ../bai61_bsp/\libhal_bsp.a(alt_find_file.o)
 .debug_line    0x00005635      0x297 ../bai61_bsp/\libhal_bsp.a(alt_get_fd.o)
 .debug_line    0x000058cc      0x203 c:/altera/13.0sp1/nios2eds/bin/gnu/h-i686-mingw32/bin/../lib/gcc/nios2-elf/4.1.2/../../../../nios2-elf/lib/mno-hw-mul\libc.a(lib_a-atexit.o)
 .debug_line    0x00005acf      0x23b c:/altera/13.0sp1/nios2eds/bin/gnu/h-i686-mingw32/bin/../lib/gcc/nios2-elf/4.1.2/../../../../nios2-elf/lib/mno-hw-mul\libc.a(lib_a-exit.o)
 .debug_line    0x00005d0a      0x230 c:/altera/13.0sp1/nios2eds/bin/gnu/h-i686-mingw32/bin/../lib/gcc/nios2-elf/4.1.2/../../../../nios2-elf/lib/mno-hw-mul\libc.a(lib_a-impure.o)
 .debug_line    0x00005f3a      0x1e2 c:/altera/13.0sp1/nios2eds/bin/gnu/h-i686-mingw32/bin/../lib/gcc/nios2-elf/4.1.2/../../../../nios2-elf/lib/mno-hw-mul\libc.a(lib_a-int_errno.o)
 .debug_line    0x0000611c      0x2a2 c:/altera/13.0sp1/nios2eds/bin/gnu/h-i686-mingw32/bin/../lib/gcc/nios2-elf/4.1.2/../../../../nios2-elf/lib/mno-hw-mul\libc.a(lib_a-memcmp.o)
 .debug_line    0x000063be      0x1af c:/altera/13.0sp1/nios2eds/bin/gnu/h-i686-mingw32/bin/../lib/gcc/nios2-elf/4.1.2/../../../../nios2-elf/lib/mno-hw-mul\libc.a(lib_a-memcpy.o)
 .debug_line    0x0000656d      0x270 c:/altera/13.0sp1/nios2eds/bin/gnu/h-i686-mingw32/bin/../lib/gcc/nios2-elf/4.1.2/../../../../nios2-elf/lib/mno-hw-mul\libc.a(lib_a-strlen.o)
 .debug_line    0x000067dd      0x316 c:/altera/13.0sp1/nios2eds/bin/gnu/h-i686-mingw32/bin/../lib/gcc/nios2-elf/4.1.2/../../../../nios2-elf/lib/mno-hw-mul\libc.a(lib_a-__atexit.o)
 .debug_line    0x00006af3      0x36a c:/altera/13.0sp1/nios2eds/bin/gnu/h-i686-mingw32/bin/../lib/gcc/nios2-elf/4.1.2/../../../../nios2-elf/lib/mno-hw-mul\libc.a(lib_a-__call_atexit.o)
 .debug_line    0x00006e5d      0x206 ../bai61_bsp/\libhal_bsp.a(alt_exit.o)

.debug_frame    0x00000000      0xa14
 *(.debug_frame)
 .debug_frame   0x00000000       0x48 obj/default/bai61.o
 .debug_frame   0x00000048       0x20 c:/altera/13.0sp1/nios2eds/bin/gnu/h-i686-mingw32/bin/../lib/gcc/nios2-elf/4.1.2/mno-hw-mul\libgcc.a(lib2-mul.o)
 .debug_frame   0x00000068       0x48 ../bai61_bsp/\libhal_bsp.a(alt_load.o)
 .debug_frame   0x000000b0       0x2c ../bai61_bsp/\libhal_bsp.a(alt_main.o)
 .debug_frame   0x000000dc       0x64 ../bai61_bsp/\libhal_bsp.a(alt_sys_init.o)
 .debug_frame   0x00000140       0x80 ../bai61_bsp/\libhal_bsp.a(altera_avalon_jtag_uart_fd.o)
 .debug_frame   0x000001c0       0x80 ../bai61_bsp/\libhal_bsp.a(altera_avalon_jtag_uart_init.o)
 .debug_frame   0x00000240       0x2c ../bai61_bsp/\libhal_bsp.a(altera_avalon_jtag_uart_ioctl.o)
 .debug_frame   0x0000026c       0x2c ../bai61_bsp/\libhal_bsp.a(altera_avalon_jtag_uart_read.o)
 .debug_frame   0x00000298       0x2c ../bai61_bsp/\libhal_bsp.a(altera_avalon_jtag_uart_write.o)
 .debug_frame   0x000002c4       0x64 ../bai61_bsp/\libhal_bsp.a(altera_avalon_uart_fd.o)
 .debug_frame   0x00000328       0x9c ../bai61_bsp/\libhal_bsp.a(altera_avalon_uart_init.o)
 .debug_frame   0x000003c4       0x48 ../bai61_bsp/\libhal_bsp.a(altera_avalon_uart_read.o)
 .debug_frame   0x0000040c       0x48 ../bai61_bsp/\libhal_bsp.a(altera_avalon_uart_write.o)
 .debug_frame   0x00000454       0x2c ../bai61_bsp/\libhal_bsp.a(alt_alarm_start.o)
 .debug_frame   0x00000480       0x48 ../bai61_bsp/\libhal_bsp.a(alt_close.o)
 .debug_frame   0x000004c8       0x2c ../bai61_bsp/\libhal_bsp.a(alt_dcache_flush_all.o)
 .debug_frame   0x000004f4       0x2c ../bai61_bsp/\libhal_bsp.a(alt_dev.o)
 .debug_frame   0x00000520       0x48 ../bai61_bsp/\libhal_bsp.a(alt_dev_llist_insert.o)
 .debug_frame   0x00000568       0x2c ../bai61_bsp/\libhal_bsp.a(alt_do_ctors.o)
 .debug_frame   0x00000594       0x2c ../bai61_bsp/\libhal_bsp.a(alt_do_dtors.o)
 .debug_frame   0x000005c0       0x2c ../bai61_bsp/\libhal_bsp.a(alt_icache_flush_all.o)
 .debug_frame   0x000005ec       0x80 ../bai61_bsp/\libhal_bsp.a(alt_iic.o)
 .debug_frame   0x0000066c       0x2c ../bai61_bsp/\libhal_bsp.a(alt_iic_isr_register.o)
 .debug_frame   0x00000698       0x4c ../bai61_bsp/\libhal_bsp.a(alt_io_redirect.o)
 .debug_frame   0x000006e4       0x2c ../bai61_bsp/\libhal_bsp.a(alt_irq_handler.o)
 .debug_frame   0x00000710       0x68 ../bai61_bsp/\libhal_bsp.a(alt_open.o)
 .debug_frame   0x00000778       0x30 ../bai61_bsp/\libhal_bsp.a(alt_release_fd.o)
 .debug_frame   0x000007a8       0x48 ../bai61_bsp/\libhal_bsp.a(alt_tick.o)
 .debug_frame   0x000007f0       0x2c ../bai61_bsp/\libhal_bsp.a(altera_nios2_qsys_irq.o)
 .debug_frame   0x0000081c       0x2c ../bai61_bsp/\libhal_bsp.a(alt_find_dev.o)
 .debug_frame   0x00000848       0x2c ../bai61_bsp/\libhal_bsp.a(alt_find_file.o)
 .debug_frame   0x00000874       0x30 ../bai61_bsp/\libhal_bsp.a(alt_get_fd.o)
 .debug_frame   0x000008a4       0x20 c:/altera/13.0sp1/nios2eds/bin/gnu/h-i686-mingw32/bin/../lib/gcc/nios2-elf/4.1.2/../../../../nios2-elf/lib/mno-hw-mul\libc.a(lib_a-atexit.o)
 .debug_frame   0x000008c4       0x28 c:/altera/13.0sp1/nios2eds/bin/gnu/h-i686-mingw32/bin/../lib/gcc/nios2-elf/4.1.2/../../../../nios2-elf/lib/mno-hw-mul\libc.a(lib_a-exit.o)
 .debug_frame   0x000008ec       0x20 c:/altera/13.0sp1/nios2eds/bin/gnu/h-i686-mingw32/bin/../lib/gcc/nios2-elf/4.1.2/../../../../nios2-elf/lib/mno-hw-mul\libc.a(lib_a-memcmp.o)
 .debug_frame   0x0000090c       0x20 c:/altera/13.0sp1/nios2eds/bin/gnu/h-i686-mingw32/bin/../lib/gcc/nios2-elf/4.1.2/../../../../nios2-elf/lib/mno-hw-mul\libc.a(lib_a-memcpy.o)
 .debug_frame   0x0000092c       0x20 c:/altera/13.0sp1/nios2eds/bin/gnu/h-i686-mingw32/bin/../lib/gcc/nios2-elf/4.1.2/../../../../nios2-elf/lib/mno-hw-mul\libc.a(lib_a-strlen.o)
 .debug_frame   0x0000094c       0x34 c:/altera/13.0sp1/nios2eds/bin/gnu/h-i686-mingw32/bin/../lib/gcc/nios2-elf/4.1.2/../../../../nios2-elf/lib/mno-hw-mul\libc.a(lib_a-__atexit.o)
 .debug_frame   0x00000980       0x4c c:/altera/13.0sp1/nios2eds/bin/gnu/h-i686-mingw32/bin/../lib/gcc/nios2-elf/4.1.2/../../../../nios2-elf/lib/mno-hw-mul\libc.a(lib_a-__call_atexit.o)
 .debug_frame   0x000009cc       0x48 ../bai61_bsp/\libhal_bsp.a(alt_exit.o)

.debug_str      0x00000000      0xbfa
 *(.debug_str)
 .debug_str     0x00000000       0x12 obj/default/bai61.o
 .debug_str     0x00000012      0x128 c:/altera/13.0sp1/nios2eds/bin/gnu/h-i686-mingw32/bin/../lib/gcc/nios2-elf/4.1.2/mno-hw-mul\libgcc.a(lib2-mul.o)
                                0x175 (size before relaxing)
 .debug_str     0x0000013a       0x12 ../bai61_bsp/\libhal_bsp.a(alt_load.o)
 .debug_str     0x0000014c       0x12 ../bai61_bsp/\libhal_bsp.a(alt_main.o)
 .debug_str     0x0000015e       0x12 ../bai61_bsp/\libhal_bsp.a(alt_sys_init.o)
 .debug_str     0x00000170       0x12 ../bai61_bsp/\libhal_bsp.a(altera_avalon_jtag_uart_fd.o)
 .debug_str     0x00000182       0x1a ../bai61_bsp/\libhal_bsp.a(altera_avalon_jtag_uart_init.o)
 .debug_str     0x0000019c       0x12 ../bai61_bsp/\libhal_bsp.a(altera_avalon_jtag_uart_ioctl.o)
 .debug_str     0x000001ae       0x1a ../bai61_bsp/\libhal_bsp.a(altera_avalon_jtag_uart_read.o)
 .debug_str     0x000001c8       0x1a ../bai61_bsp/\libhal_bsp.a(altera_avalon_jtag_uart_write.o)
 .debug_str     0x000001e2       0x12 ../bai61_bsp/\libhal_bsp.a(altera_avalon_uart_fd.o)
 .debug_str     0x000001f4       0x19 ../bai61_bsp/\libhal_bsp.a(altera_avalon_uart_init.o)
 .debug_str     0x0000020d       0x1a ../bai61_bsp/\libhal_bsp.a(altera_avalon_uart_read.o)
 .debug_str     0x00000227       0x1a ../bai61_bsp/\libhal_bsp.a(altera_avalon_uart_write.o)
 .debug_str     0x00000241       0x23 ../bai61_bsp/\libhal_bsp.a(alt_alarm_start.o)
 .debug_str     0x00000264       0x12 ../bai61_bsp/\libhal_bsp.a(alt_close.o)
 .debug_str     0x00000276       0x12 ../bai61_bsp/\libhal_bsp.a(alt_dcache_flush_all.o)
 .debug_str     0x00000288       0x12 ../bai61_bsp/\libhal_bsp.a(alt_dev.o)
 .debug_str     0x0000029a       0x12 ../bai61_bsp/\libhal_bsp.a(alt_dev_llist_insert.o)
 .debug_str     0x000002ac       0x12 ../bai61_bsp/\libhal_bsp.a(alt_errno.o)
 .debug_str     0x000002be       0x12 ../bai61_bsp/\libhal_bsp.a(alt_icache_flush_all.o)
 .debug_str     0x000002d0       0x18 ../bai61_bsp/\libhal_bsp.a(alt_iic.o)
 .debug_str     0x000002e8       0x1a ../bai61_bsp/\libhal_bsp.a(alt_iic_isr_register.o)
 .debug_str     0x00000302       0x12 ../bai61_bsp/\libhal_bsp.a(alt_io_redirect.o)
 .debug_str     0x00000314       0x12 ../bai61_bsp/\libhal_bsp.a(alt_irq_handler.o)
 .debug_str     0x00000326       0x12 ../bai61_bsp/\libhal_bsp.a(alt_open.o)
 .debug_str     0x00000338       0x1a ../bai61_bsp/\libhal_bsp.a(alt_tick.o)
 .debug_str     0x00000352       0x12 ../bai61_bsp/\libhal_bsp.a(altera_nios2_qsys_irq.o)
 .debug_str     0x00000364       0x12 ../bai61_bsp/\libhal_bsp.a(alt_find_dev.o)
 .debug_str     0x00000376       0x12 ../bai61_bsp/\libhal_bsp.a(alt_find_file.o)
 .debug_str     0x00000388       0x12 ../bai61_bsp/\libhal_bsp.a(alt_get_fd.o)
 .debug_str     0x0000039a      0x12b c:/altera/13.0sp1/nios2eds/bin/gnu/h-i686-mingw32/bin/../lib/gcc/nios2-elf/4.1.2/../../../../nios2-elf/lib/mno-hw-mul\libc.a(lib_a-atexit.o)
                                0x1cd (size before relaxing)
 .debug_str     0x000004c5      0x387 c:/altera/13.0sp1/nios2eds/bin/gnu/h-i686-mingw32/bin/../lib/gcc/nios2-elf/4.1.2/../../../../nios2-elf/lib/mno-hw-mul\libc.a(lib_a-exit.o)
                                0x51a (size before relaxing)
 .debug_str     0x0000084c       0xdf c:/altera/13.0sp1/nios2eds/bin/gnu/h-i686-mingw32/bin/../lib/gcc/nios2-elf/4.1.2/../../../../nios2-elf/lib/mno-hw-mul\libc.a(lib_a-impure.o)
                                0x528 (size before relaxing)
 .debug_str     0x0000092b       0x40 c:/altera/13.0sp1/nios2eds/bin/gnu/h-i686-mingw32/bin/../lib/gcc/nios2-elf/4.1.2/../../../../nios2-elf/lib/mno-hw-mul\libc.a(lib_a-int_errno.o)
                                0x171 (size before relaxing)
 .debug_str     0x0000096b       0xe3 c:/altera/13.0sp1/nios2eds/bin/gnu/h-i686-mingw32/bin/../lib/gcc/nios2-elf/4.1.2/../../../../nios2-elf/lib/mno-hw-mul\libc.a(lib_a-memcmp.o)
                                0x178 (size before relaxing)
 .debug_str     0x00000a4e       0x6c c:/altera/13.0sp1/nios2eds/bin/gnu/h-i686-mingw32/bin/../lib/gcc/nios2-elf/4.1.2/../../../../nios2-elf/lib/mno-hw-mul\libc.a(lib_a-memcpy.o)
                                0x136 (size before relaxing)
 .debug_str     0x00000aba       0x52 c:/altera/13.0sp1/nios2eds/bin/gnu/h-i686-mingw32/bin/../lib/gcc/nios2-elf/4.1.2/../../../../nios2-elf/lib/mno-hw-mul\libc.a(lib_a-strlen.o)
                                0x18b (size before relaxing)
 .debug_str     0x00000b0c       0x54 c:/altera/13.0sp1/nios2eds/bin/gnu/h-i686-mingw32/bin/../lib/gcc/nios2-elf/4.1.2/../../../../nios2-elf/lib/mno-hw-mul\libc.a(lib_a-__atexit.o)
                                0x532 (size before relaxing)
 .debug_str     0x00000b60       0x7e c:/altera/13.0sp1/nios2eds/bin/gnu/h-i686-mingw32/bin/../lib/gcc/nios2-elf/4.1.2/../../../../nios2-elf/lib/mno-hw-mul\libc.a(lib_a-__call_atexit.o)
                                0x55c (size before relaxing)
 .debug_str     0x00000bde       0x1c ../bai61_bsp/\libhal_bsp.a(alt_exit.o)

.debug_loc      0x00000000      0xff0
 *(.debug_loc)
 .debug_loc     0x00000000       0x57 obj/default/bai61.o
 .debug_loc     0x00000057       0x4f c:/altera/13.0sp1/nios2eds/bin/gnu/h-i686-mingw32/bin/../lib/gcc/nios2-elf/4.1.2/mno-hw-mul\libgcc.a(lib2-mul.o)
 .debug_loc     0x000000a6       0x56 ../bai61_bsp/\libhal_bsp.a(alt_load.o)
 .debug_loc     0x000000fc       0x2b ../bai61_bsp/\libhal_bsp.a(alt_main.o)
 .debug_loc     0x00000127       0x81 ../bai61_bsp/\libhal_bsp.a(alt_sys_init.o)
 .debug_loc     0x000001a8       0xac ../bai61_bsp/\libhal_bsp.a(altera_avalon_jtag_uart_fd.o)
 .debug_loc     0x00000254       0xac ../bai61_bsp/\libhal_bsp.a(altera_avalon_jtag_uart_init.o)
 .debug_loc     0x00000300       0x2b ../bai61_bsp/\libhal_bsp.a(altera_avalon_jtag_uart_ioctl.o)
 .debug_loc     0x0000032b       0x2b ../bai61_bsp/\libhal_bsp.a(altera_avalon_jtag_uart_read.o)
 .debug_loc     0x00000356       0x2b ../bai61_bsp/\libhal_bsp.a(altera_avalon_jtag_uart_write.o)
 .debug_loc     0x00000381       0x81 ../bai61_bsp/\libhal_bsp.a(altera_avalon_uart_fd.o)
 .debug_loc     0x00000402       0xd7 ../bai61_bsp/\libhal_bsp.a(altera_avalon_uart_init.o)
 .debug_loc     0x000004d9       0x57 ../bai61_bsp/\libhal_bsp.a(altera_avalon_uart_read.o)
 .debug_loc     0x00000530       0x56 ../bai61_bsp/\libhal_bsp.a(altera_avalon_uart_write.o)
 .debug_loc     0x00000586       0x2b ../bai61_bsp/\libhal_bsp.a(alt_alarm_start.o)
 .debug_loc     0x000005b1       0x56 ../bai61_bsp/\libhal_bsp.a(alt_close.o)
 .debug_loc     0x00000607       0x2b ../bai61_bsp/\libhal_bsp.a(alt_dcache_flush_all.o)
 .debug_loc     0x00000632       0x2b ../bai61_bsp/\libhal_bsp.a(alt_dev.o)
 .debug_loc     0x0000065d       0x56 ../bai61_bsp/\libhal_bsp.a(alt_dev_llist_insert.o)
 .debug_loc     0x000006b3       0x2b ../bai61_bsp/\libhal_bsp.a(alt_do_ctors.o)
 .debug_loc     0x000006de       0x2b ../bai61_bsp/\libhal_bsp.a(alt_do_dtors.o)
 .debug_loc     0x00000709       0x2b ../bai61_bsp/\libhal_bsp.a(alt_icache_flush_all.o)
 .debug_loc     0x00000734       0xac ../bai61_bsp/\libhal_bsp.a(alt_iic.o)
 .debug_loc     0x000007e0       0x2b ../bai61_bsp/\libhal_bsp.a(alt_iic_isr_register.o)
 .debug_loc     0x0000080b       0x56 ../bai61_bsp/\libhal_bsp.a(alt_io_redirect.o)
 .debug_loc     0x00000861       0x2b ../bai61_bsp/\libhal_bsp.a(alt_irq_handler.o)
 .debug_loc     0x0000088c       0x81 ../bai61_bsp/\libhal_bsp.a(alt_open.o)
 .debug_loc     0x0000090d       0x2b ../bai61_bsp/\libhal_bsp.a(alt_release_fd.o)
 .debug_loc     0x00000938       0x56 ../bai61_bsp/\libhal_bsp.a(alt_tick.o)
 .debug_loc     0x0000098e       0x2b ../bai61_bsp/\libhal_bsp.a(altera_nios2_qsys_irq.o)
 .debug_loc     0x000009b9       0x2b ../bai61_bsp/\libhal_bsp.a(alt_find_dev.o)
 .debug_loc     0x000009e4       0x2b ../bai61_bsp/\libhal_bsp.a(alt_find_file.o)
 .debug_loc     0x00000a0f       0x2b ../bai61_bsp/\libhal_bsp.a(alt_get_fd.o)
 .debug_loc     0x00000a3a       0x1e c:/altera/13.0sp1/nios2eds/bin/gnu/h-i686-mingw32/bin/../lib/gcc/nios2-elf/4.1.2/../../../../nios2-elf/lib/mno-hw-mul\libc.a(lib_a-atexit.o)
 .debug_loc     0x00000a58       0x3d c:/altera/13.0sp1/nios2eds/bin/gnu/h-i686-mingw32/bin/../lib/gcc/nios2-elf/4.1.2/../../../../nios2-elf/lib/mno-hw-mul\libc.a(lib_a-exit.o)
 .debug_loc     0x00000a95      0x114 c:/altera/13.0sp1/nios2eds/bin/gnu/h-i686-mingw32/bin/../lib/gcc/nios2-elf/4.1.2/../../../../nios2-elf/lib/mno-hw-mul\libc.a(lib_a-memcmp.o)
 .debug_loc     0x00000ba9       0xca c:/altera/13.0sp1/nios2eds/bin/gnu/h-i686-mingw32/bin/../lib/gcc/nios2-elf/4.1.2/../../../../nios2-elf/lib/mno-hw-mul\libc.a(lib_a-memcpy.o)
 .debug_loc     0x00000c73       0x3c c:/altera/13.0sp1/nios2eds/bin/gnu/h-i686-mingw32/bin/../lib/gcc/nios2-elf/4.1.2/../../../../nios2-elf/lib/mno-hw-mul\libc.a(lib_a-strlen.o)
 .debug_loc     0x00000caf      0x120 c:/altera/13.0sp1/nios2eds/bin/gnu/h-i686-mingw32/bin/../lib/gcc/nios2-elf/4.1.2/../../../../nios2-elf/lib/mno-hw-mul\libc.a(lib_a-__atexit.o)
 .debug_loc     0x00000dcf      0x1cb c:/altera/13.0sp1/nios2eds/bin/gnu/h-i686-mingw32/bin/../lib/gcc/nios2-elf/4.1.2/../../../../nios2-elf/lib/mno-hw-mul\libc.a(lib_a-__call_atexit.o)
 .debug_loc     0x00000f9a       0x56 ../bai61_bsp/\libhal_bsp.a(alt_exit.o)

.debug_macinfo
 *(.debug_macinfo)

.debug_weaknames
 *(.debug_weaknames)

.debug_funcnames
 *(.debug_funcnames)

.debug_typenames
 *(.debug_typenames)

.debug_varnames
 *(.debug_varnames)

.debug_alt_sim_info
                0x00000000       0x10
 *(.debug_alt_sim_info)
 .debug_alt_sim_info
                0x00000000       0x10 ../bai61_bsp//obj/HAL/src/crt0.o
                0x00010000                __alt_data_end = 0x10000
                0x00010000                PROVIDE (__alt_stack_pointer, __alt_data_end)
                0x0000e298                PROVIDE (__alt_stack_limit, __alt_stack_base)
                0x0000e298                PROVIDE (__alt_heap_start, end)
                0x00010000                PROVIDE (__alt_heap_limit, 0x10000)
OUTPUT(bai61.elf elf32-littlenios2)

.debug_ranges   0x00000000       0x90
 .debug_ranges  0x00000000       0x20 ../bai61_bsp//obj/HAL/src/crt0.o
 .debug_ranges  0x00000020       0x28 ../bai61_bsp/\libhal_bsp.a(alt_irq_entry.o)
 .debug_ranges  0x00000048       0x30 ../bai61_bsp/\libhal_bsp.a(alt_exception_entry.o)
 .debug_ranges  0x00000078       0x18 c:/altera/13.0sp1/nios2eds/bin/gnu/h-i686-mingw32/bin/../lib/gcc/nios2-elf/4.1.2/../../../../nios2-elf/lib/mno-hw-mul\libc.a(lib_a-__call_atexit.o)
