Archive member included because of file (symbol)

c:/altera/13.0sp1/nios2eds/bin/gnu/h-i686-mingw32/bin/../lib/gcc/nios2-elf/4.1.2/mno-hw-mul\libgcc.a(lib2-divmod.o)
                              obj/default/bai52.o (__divsi3)
c:/altera/13.0sp1/nios2eds/bin/gnu/h-i686-mingw32/bin/../lib/gcc/nios2-elf/4.1.2/mno-hw-mul\libgcc.a(lib2-mul.o)
                              obj/default/bai52.o (__mulsi3)
../bai52_bsp/\libhal_bsp.a(alt_load.o)
                              ../bai52_bsp//obj/HAL/src/crt0.o (alt_load)
../bai52_bsp/\libhal_bsp.a(alt_main.o)
                              ../bai52_bsp//obj/HAL/src/crt0.o (alt_main)
../bai52_bsp/\libhal_bsp.a(alt_sys_init.o)
                              ../bai52_bsp/\libhal_bsp.a(alt_main.o) (alt_irq_init)
../bai52_bsp/\libhal_bsp.a(altera_avalon_jtag_uart_fd.o)
                              ../bai52_bsp/\libhal_bsp.a(alt_sys_init.o) (altera_avalon_jtag_uart_read_fd)
../bai52_bsp/\libhal_bsp.a(altera_avalon_jtag_uart_init.o)
                              ../bai52_bsp/\libhal_bsp.a(alt_sys_init.o) (altera_avalon_jtag_uart_init)
../bai52_bsp/\libhal_bsp.a(altera_avalon_jtag_uart_ioctl.o)
                              ../bai52_bsp/\libhal_bsp.a(altera_avalon_jtag_uart_fd.o) (altera_avalon_jtag_uart_ioctl)
../bai52_bsp/\libhal_bsp.a(altera_avalon_jtag_uart_read.o)
                              ../bai52_bsp/\libhal_bsp.a(altera_avalon_jtag_uart_fd.o) (altera_avalon_jtag_uart_read)
../bai52_bsp/\libhal_bsp.a(altera_avalon_jtag_uart_write.o)
                              ../bai52_bsp/\libhal_bsp.a(altera_avalon_jtag_uart_fd.o) (altera_avalon_jtag_uart_write)
../bai52_bsp/\libhal_bsp.a(alt_alarm_start.o)
                              ../bai52_bsp/\libhal_bsp.a(altera_avalon_jtag_uart_init.o) (alt_alarm_start)
../bai52_bsp/\libhal_bsp.a(alt_close.o)
                              ../bai52_bsp/\libhal_bsp.a(alt_main.o) (close)
../bai52_bsp/\libhal_bsp.a(alt_dcache_flush_all.o)
                              ../bai52_bsp/\libhal_bsp.a(alt_load.o) (alt_dcache_flush_all)
../bai52_bsp/\libhal_bsp.a(alt_dev.o)
                              ../bai52_bsp/\libhal_bsp.a(alt_sys_init.o) (alt_dev_list)
../bai52_bsp/\libhal_bsp.a(alt_dev_llist_insert.o)
                              ../bai52_bsp/\libhal_bsp.a(alt_sys_init.o) (alt_dev_llist_insert)
../bai52_bsp/\libhal_bsp.a(alt_do_ctors.o)
                              ../bai52_bsp/\libhal_bsp.a(alt_main.o) (_do_ctors)
../bai52_bsp/\libhal_bsp.a(alt_do_dtors.o)
                              ../bai52_bsp/\libhal_bsp.a(alt_main.o) (_do_dtors)
../bai52_bsp/\libhal_bsp.a(alt_errno.o)
                              ../bai52_bsp/\libhal_bsp.a(alt_close.o) (alt_errno)
../bai52_bsp/\libhal_bsp.a(alt_icache_flush_all.o)
                              ../bai52_bsp/\libhal_bsp.a(alt_load.o) (alt_icache_flush_all)
../bai52_bsp/\libhal_bsp.a(alt_iic.o)
                              ../bai52_bsp/\libhal_bsp.a(altera_avalon_jtag_uart_init.o) (alt_ic_isr_register)
../bai52_bsp/\libhal_bsp.a(alt_iic_isr_register.o)
                              ../bai52_bsp/\libhal_bsp.a(alt_iic.o) (alt_iic_isr_register)
../bai52_bsp/\libhal_bsp.a(alt_io_redirect.o)
                              ../bai52_bsp/\libhal_bsp.a(alt_main.o) (alt_io_redirect)
../bai52_bsp/\libhal_bsp.a(alt_irq_entry.o)
                              ../bai52_bsp/\libhal_bsp.a(alt_iic_isr_register.o) (alt_irq_entry)
../bai52_bsp/\libhal_bsp.a(alt_irq_handler.o)
                              ../bai52_bsp/\libhal_bsp.a(alt_iic_isr_register.o) (alt_irq_handler)
../bai52_bsp/\libhal_bsp.a(alt_irq_vars.o)
                              ../bai52_bsp/\libhal_bsp.a(alt_iic.o) (alt_irq_active)
../bai52_bsp/\libhal_bsp.a(alt_open.o)
                              ../bai52_bsp/\libhal_bsp.a(alt_io_redirect.o) (open)
../bai52_bsp/\libhal_bsp.a(alt_release_fd.o)
                              ../bai52_bsp/\libhal_bsp.a(alt_close.o) (alt_release_fd)
../bai52_bsp/\libhal_bsp.a(alt_tick.o)
                              ../bai52_bsp/\libhal_bsp.a(altera_avalon_jtag_uart_init.o) (_alt_tick_rate)
../bai52_bsp/\libhal_bsp.a(altera_nios2_qsys_irq.o)
                              ../bai52_bsp/\libhal_bsp.a(alt_sys_init.o) (altera_nios2_qsys_irq_init)
../bai52_bsp/\libhal_bsp.a(alt_exception_entry.o)
                              ../bai52_bsp/\libhal_bsp.a(alt_irq_entry.o) (alt_exception)
../bai52_bsp/\libhal_bsp.a(alt_find_dev.o)
                              ../bai52_bsp/\libhal_bsp.a(alt_open.o) (alt_find_dev)
../bai52_bsp/\libhal_bsp.a(alt_find_file.o)
                              ../bai52_bsp/\libhal_bsp.a(alt_open.o) (alt_find_file)
../bai52_bsp/\libhal_bsp.a(alt_get_fd.o)
                              ../bai52_bsp/\libhal_bsp.a(alt_open.o) (alt_get_fd)
c:/altera/13.0sp1/nios2eds/bin/gnu/h-i686-mingw32/bin/../lib/gcc/nios2-elf/4.1.2/../../../../nios2-elf/lib/mno-hw-mul\libc.a(lib_a-atexit.o)
                              ../bai52_bsp/\libhal_bsp.a(alt_main.o) (atexit)
c:/altera/13.0sp1/nios2eds/bin/gnu/h-i686-mingw32/bin/../lib/gcc/nios2-elf/4.1.2/../../../../nios2-elf/lib/mno-hw-mul\libc.a(lib_a-exit.o)
                              ../bai52_bsp/\libhal_bsp.a(alt_main.o) (exit)
c:/altera/13.0sp1/nios2eds/bin/gnu/h-i686-mingw32/bin/../lib/gcc/nios2-elf/4.1.2/../../../../nios2-elf/lib/mno-hw-mul\libc.a(lib_a-impure.o)
                              c:/altera/13.0sp1/nios2eds/bin/gnu/h-i686-mingw32/bin/../lib/gcc/nios2-elf/4.1.2/../../../../nios2-elf/lib/mno-hw-mul\libc.a(lib_a-exit.o) (_global_impure_ptr)
c:/altera/13.0sp1/nios2eds/bin/gnu/h-i686-mingw32/bin/../lib/gcc/nios2-elf/4.1.2/../../../../nios2-elf/lib/mno-hw-mul\libc.a(lib_a-int_errno.o)
                              ../bai52_bsp/\libhal_bsp.a(alt_close.o) (errno)
c:/altera/13.0sp1/nios2eds/bin/gnu/h-i686-mingw32/bin/../lib/gcc/nios2-elf/4.1.2/../../../../nios2-elf/lib/mno-hw-mul\libc.a(lib_a-memcmp.o)
                              ../bai52_bsp/\libhal_bsp.a(alt_find_dev.o) (memcmp)
c:/altera/13.0sp1/nios2eds/bin/gnu/h-i686-mingw32/bin/../lib/gcc/nios2-elf/4.1.2/../../../../nios2-elf/lib/mno-hw-mul\libc.a(lib_a-memcpy.o)
                              ../bai52_bsp/\libhal_bsp.a(altera_avalon_jtag_uart_read.o) (memcpy)
c:/altera/13.0sp1/nios2eds/bin/gnu/h-i686-mingw32/bin/../lib/gcc/nios2-elf/4.1.2/../../../../nios2-elf/lib/mno-hw-mul\libc.a(lib_a-strlen.o)
                              ../bai52_bsp/\libhal_bsp.a(alt_find_dev.o) (strlen)
c:/altera/13.0sp1/nios2eds/bin/gnu/h-i686-mingw32/bin/../lib/gcc/nios2-elf/4.1.2/../../../../nios2-elf/lib/mno-hw-mul\libc.a(lib_a-__atexit.o)
                              c:/altera/13.0sp1/nios2eds/bin/gnu/h-i686-mingw32/bin/../lib/gcc/nios2-elf/4.1.2/../../../../nios2-elf/lib/mno-hw-mul\libc.a(lib_a-atexit.o) (__register_exitproc)
c:/altera/13.0sp1/nios2eds/bin/gnu/h-i686-mingw32/bin/../lib/gcc/nios2-elf/4.1.2/../../../../nios2-elf/lib/mno-hw-mul\libc.a(lib_a-__call_atexit.o)
                              c:/altera/13.0sp1/nios2eds/bin/gnu/h-i686-mingw32/bin/../lib/gcc/nios2-elf/4.1.2/../../../../nios2-elf/lib/mno-hw-mul\libc.a(lib_a-exit.o) (__call_exitprocs)
../bai52_bsp/\libhal_bsp.a(alt_exit.o)
                              c:/altera/13.0sp1/nios2eds/bin/gnu/h-i686-mingw32/bin/../lib/gcc/nios2-elf/4.1.2/../../../../nios2-elf/lib/mno-hw-mul\libc.a(lib_a-exit.o) (_exit)

Allocating common symbols
Common symbol       size              file

alt_irq             0x100             ../bai52_bsp/\libhal_bsp.a(alt_irq_handler.o)
errno               0x4               c:/altera/13.0sp1/nios2eds/bin/gnu/h-i686-mingw32/bin/../lib/gcc/nios2-elf/4.1.2/../../../../nios2-elf/lib/mno-hw-mul\libc.a(lib_a-int_errno.o)
_atexit0            0x190             c:/altera/13.0sp1/nios2eds/bin/gnu/h-i686-mingw32/bin/../lib/gcc/nios2-elf/4.1.2/../../../../nios2-elf/lib/mno-hw-mul\libc.a(lib_a-atexit.o)

Memory Configuration

Name             Origin             Length             Attributes
reset            0x00008000         0x00000020
onchip_memory2_0 0x00008020         0x00007fe0
*default*        0x00000000         0xffffffff

Linker script and memory map

LOAD ../bai52_bsp//obj/HAL/src/crt0.o
LOAD obj/default/bai52.o
LOAD c:/altera/13.0sp1/nios2eds/bin/gnu/h-i686-mingw32/bin/../lib/gcc/nios2-elf/4.1.2/../../../../nios2-elf/lib/mno-hw-mul\libstdc++.a
LOAD c:/altera/13.0sp1/nios2eds/bin/gnu/h-i686-mingw32/bin/../lib/gcc/nios2-elf/4.1.2/../../../../nios2-elf/lib/mno-hw-mul\libm.a
LOAD c:/altera/13.0sp1/nios2eds/bin/gnu/h-i686-mingw32/bin/../lib/gcc/nios2-elf/4.1.2/mno-hw-mul\libgcc.a
START GROUP
LOAD c:/altera/13.0sp1/nios2eds/bin/gnu/h-i686-mingw32/bin/../lib/gcc/nios2-elf/4.1.2/../../../../nios2-elf/lib/mno-hw-mul\libc.a
LOAD c:/altera/13.0sp1/nios2eds/bin/gnu/h-i686-mingw32/bin/../lib/gcc/nios2-elf/4.1.2/mno-hw-mul\libgcc.a
LOAD ../bai52_bsp/\libhal_bsp.a
END GROUP
LOAD c:/altera/13.0sp1/nios2eds/bin/gnu/h-i686-mingw32/bin/../lib/gcc/nios2-elf/4.1.2/mno-hw-mul\libgcc.a
                0x00008000                __alt_mem_onchip_memory2_0 = 0x8000

.entry          0x00008000       0x20
 *(.entry)
 .entry         0x00008000       0x20 ../bai52_bsp//obj/HAL/src/crt0.o
                0x00008000                __reset

.exceptions     0x00008020      0x194
                0x00008020                PROVIDE (__ram_exceptions_start, ABSOLUTE (.))
                0x00008020                . = ALIGN (0x20)
 *(.irq)
 *(.exceptions.entry.label)
 .exceptions.entry.label
                0x00008020        0x0 ../bai52_bsp/\libhal_bsp.a(alt_irq_entry.o)
                0x00008020                alt_irq_entry
 .exceptions.entry.label
                0x00008020        0x0 ../bai52_bsp/\libhal_bsp.a(alt_exception_entry.o)
                0x00008020                alt_exception
 *(.exceptions.entry.user)
 *(.exceptions.entry)
 .exceptions.entry
                0x00008020       0x54 ../bai52_bsp/\libhal_bsp.a(alt_exception_entry.o)
 *(.exceptions.irqtest.user)
 *(.exceptions.irqtest)
 .exceptions.irqtest
                0x00008074       0x10 ../bai52_bsp/\libhal_bsp.a(alt_irq_entry.o)
 *(.exceptions.irqhandler.user)
 *(.exceptions.irqhandler)
 .exceptions.irqhandler
                0x00008084        0x4 ../bai52_bsp/\libhal_bsp.a(alt_irq_entry.o)
 *(.exceptions.irqreturn.user)
 *(.exceptions.irqreturn)
 .exceptions.irqreturn
                0x00008088        0x4 ../bai52_bsp/\libhal_bsp.a(alt_irq_entry.o)
 *(.exceptions.notirq.label)
 .exceptions.notirq.label
                0x0000808c        0x0 ../bai52_bsp/\libhal_bsp.a(alt_irq_entry.o)
 *(.exceptions.notirq.user)
 *(.exceptions.notirq)
 .exceptions.notirq
                0x0000808c        0x8 ../bai52_bsp/\libhal_bsp.a(alt_exception_entry.o)
 *(.exceptions.soft.user)
 *(.exceptions.soft)
 *(.exceptions.unknown.user)
 *(.exceptions.unknown)
 .exceptions.unknown
                0x00008094        0x4 ../bai52_bsp/\libhal_bsp.a(alt_exception_entry.o)
 *(.exceptions.exit.label)
 .exceptions.exit.label
                0x00008098        0x0 ../bai52_bsp/\libhal_bsp.a(alt_irq_entry.o)
 .exceptions.exit.label
                0x00008098        0x0 ../bai52_bsp/\libhal_bsp.a(alt_exception_entry.o)
 *(.exceptions.exit.user)
 *(.exceptions.exit)
 .exceptions.exit
                0x00008098       0x54 ../bai52_bsp/\libhal_bsp.a(alt_exception_entry.o)
 *(.exceptions)
 .exceptions    0x000080ec       0xc8 ../bai52_bsp/\libhal_bsp.a(alt_irq_handler.o)
                0x000080ec                alt_irq_handler
                0x000081b4                PROVIDE (__ram_exceptions_end, ABSOLUTE (.))
                0x00008020                PROVIDE (__flash_exceptions_start, LOADADDR (.exceptions))

.text           0x000081b4     0x27a0
                0x000081b4                PROVIDE (stext, ABSOLUTE (.))
 *(.interp)
 *(.hash)
 *(.dynsym)
 *(.dynstr)
 *(.gnu.version)
 *(.gnu.version_d)
 *(.gnu.version_r)
 *(.rel.init)
 *(.rela.init)
 *(.rel.text .rel.text.* .rel.gnu.linkonce.t.*)
 *(.rela.text .rela.text.* .rela.gnu.linkonce.t.*)
 *(.rel.fini)
 *(.rela.fini)
 *(.rel.rodata .rel.rodata.* .rel.gnu.linkonce.r.*)
 *(.rela.rodata .rela.rodata.* .rela.gnu.linkonce.r.*)
 *(.rel.data .rel.data.* .rel.gnu.linkonce.d.*)
 *(.rela.data .rela.data.* .rela.gnu.linkonce.d.*)
 *(.rel.tdata .rel.tdata.* .rel.gnu.linkonce.td.*)
 *(.rela.tdata .rela.tdata.* .rela.gnu.linkonce.td.*)
 *(.rel.tbss .rel.tbss.* .rel.gnu.linkonce.tb.*)
 *(.rela.tbss .rela.tbss.* .rela.gnu.linkonce.tb.*)
 *(.rel.ctors)
 *(.rela.ctors)
 *(.rel.dtors)
 *(.rela.dtors)
 *(.rel.got)
 *(.rela.got)
 *(.rel.sdata .rel.sdata.* .rel.gnu.linkonce.s.*)
 *(.rela.sdata .rela.sdata.* .rela.gnu.linkonce.s.*)
 *(.rel.sbss .rel.sbss.* .rel.gnu.linkonce.sb.*)
 *(.rela.sbss .rela.sbss.* .rela.gnu.linkonce.sb.*)
 *(.rel.sdata2 .rel.sdata2.* .rel.gnu.linkonce.s2.*)
 *(.rela.sdata2 .rela.sdata2.* .rela.gnu.linkonce.s2.*)
 *(.rel.sbss2 .rel.sbss2.* .rel.gnu.linkonce.sb2.*)
 *(.rela.sbss2 .rela.sbss2.* .rela.gnu.linkonce.sb2.*)
 *(.rel.bss .rel.bss.* .rel.gnu.linkonce.b.*)
 *(.rela.bss .rela.bss.* .rela.gnu.linkonce.b.*)
 *(.rel.plt)
 *(.rela.plt)
 *(.rel.dyn)
 *(.init)
 *(.plt)
 *(.text .stub .text.* .gnu.linkonce.t.*)
 .text          0x000081b4       0x3c ../bai52_bsp//obj/HAL/src/crt0.o
                0x000081b4                _start
 .text          0x000081f0      0x358 obj/default/bai52.o
                0x000081f0                delay
                0x00008244                command
                0x000082c4                lcd_data
                0x00008348                lcd_string
                0x000083d0                lcd_init
                0x0000842c                main
 .text          0x00008548      0x14c c:/altera/13.0sp1/nios2eds/bin/gnu/h-i686-mingw32/bin/../lib/gcc/nios2-elf/4.1.2/mno-hw-mul\libgcc.a(lib2-divmod.o)
                0x000085c4                __divsi3
                0x00008624                __modsi3
                0x00008684                __udivsi3
                0x0000868c                __umodsi3
 .text          0x00008694       0x38 c:/altera/13.0sp1/nios2eds/bin/gnu/h-i686-mingw32/bin/../lib/gcc/nios2-elf/4.1.2/mno-hw-mul\libgcc.a(lib2-mul.o)
                0x00008694                __mulsi3
 .text          0x000086cc       0xec ../bai52_bsp/\libhal_bsp.a(alt_load.o)
                0x000086cc                alt_load
 .text          0x000087b8       0x6c ../bai52_bsp/\libhal_bsp.a(alt_main.o)
                0x000087b8                alt_main
 .text          0x00008824       0xb0 ../bai52_bsp/\libhal_bsp.a(alt_sys_init.o)
                0x00008824                alt_irq_init
                0x00008858                alt_sys_init
 .text          0x000088d4      0x148 ../bai52_bsp/\libhal_bsp.a(altera_avalon_jtag_uart_fd.o)
                0x000088d4                altera_avalon_jtag_uart_read_fd
                0x0000892c                altera_avalon_jtag_uart_write_fd
                0x00008984                altera_avalon_jtag_uart_close_fd
                0x000089cc                altera_avalon_jtag_uart_ioctl_fd
 .text          0x00008a1c      0x40c ../bai52_bsp/\libhal_bsp.a(altera_avalon_jtag_uart_init.o)
                0x00008a1c                altera_avalon_jtag_uart_init
                0x00008db4                altera_avalon_jtag_uart_close
 .text          0x00008e28       0xf4 ../bai52_bsp/\libhal_bsp.a(altera_avalon_jtag_uart_ioctl.o)
                0x00008e28                altera_avalon_jtag_uart_ioctl
 .text          0x00008f1c      0x224 ../bai52_bsp/\libhal_bsp.a(altera_avalon_jtag_uart_read.o)
                0x00008f1c                altera_avalon_jtag_uart_read
 .text          0x00009140      0x240 ../bai52_bsp/\libhal_bsp.a(altera_avalon_jtag_uart_write.o)
                0x00009140                altera_avalon_jtag_uart_write
 .text          0x00009380      0x154 ../bai52_bsp/\libhal_bsp.a(alt_alarm_start.o)
                0x00009380                alt_alarm_start
 .text          0x000094d4      0x160 ../bai52_bsp/\libhal_bsp.a(alt_close.o)
                0x000094d4                close
 .text          0x00009634       0x1c ../bai52_bsp/\libhal_bsp.a(alt_dcache_flush_all.o)
                0x00009634                alt_dcache_flush_all
 .text          0x00009650       0x2c ../bai52_bsp/\libhal_bsp.a(alt_dev.o)
 .text          0x0000967c      0x114 ../bai52_bsp/\libhal_bsp.a(alt_dev_llist_insert.o)
                0x0000967c                alt_dev_llist_insert
 .text          0x00009790       0x64 ../bai52_bsp/\libhal_bsp.a(alt_do_ctors.o)
                0x00009790                _do_ctors
 .text          0x000097f4       0x64 ../bai52_bsp/\libhal_bsp.a(alt_do_dtors.o)
                0x000097f4                _do_dtors
 .text          0x00009858        0x0 ../bai52_bsp/\libhal_bsp.a(alt_errno.o)
 .text          0x00009858       0x1c ../bai52_bsp/\libhal_bsp.a(alt_icache_flush_all.o)
                0x00009858                alt_icache_flush_all
 .text          0x00009874      0x1d4 ../bai52_bsp/\libhal_bsp.a(alt_iic.o)
                0x00009874                alt_ic_isr_register
                0x000098c4                alt_ic_irq_enable
                0x00009960                alt_ic_irq_disable
                0x00009a00                alt_ic_irq_enabled
 .text          0x00009a48       0xf8 ../bai52_bsp/\libhal_bsp.a(alt_iic_isr_register.o)
                0x00009a48                alt_iic_isr_register
 .text          0x00009b40      0x150 ../bai52_bsp/\libhal_bsp.a(alt_io_redirect.o)
                0x00009c18                alt_io_redirect
 .text          0x00009c90        0x0 ../bai52_bsp/\libhal_bsp.a(alt_irq_entry.o)
 .text          0x00009c90        0x0 ../bai52_bsp/\libhal_bsp.a(alt_irq_handler.o)
 .text          0x00009c90        0x0 ../bai52_bsp/\libhal_bsp.a(alt_irq_vars.o)
 .text          0x00009c90      0x2e4 ../bai52_bsp/\libhal_bsp.a(alt_open.o)
                0x00009d88                open
 .text          0x00009f74       0x78 ../bai52_bsp/\libhal_bsp.a(alt_release_fd.o)
                0x00009f74                alt_release_fd
 .text          0x00009fec      0x1a4 ../bai52_bsp/\libhal_bsp.a(alt_tick.o)
                0x00009fec                alt_alarm_stop
                0x0000a084                alt_tick
 .text          0x0000a190       0x20 ../bai52_bsp/\libhal_bsp.a(altera_nios2_qsys_irq.o)
                0x0000a190                altera_nios2_qsys_irq_init
 .text          0x0000a1b0        0x0 ../bai52_bsp/\libhal_bsp.a(alt_exception_entry.o)
 .text          0x0000a1b0       0x94 ../bai52_bsp/\libhal_bsp.a(alt_find_dev.o)
                0x0000a1b0                alt_find_dev
 .text          0x0000a244      0x120 ../bai52_bsp/\libhal_bsp.a(alt_find_file.o)
                0x0000a244                alt_find_file
 .text          0x0000a364       0xd0 ../bai52_bsp/\libhal_bsp.a(alt_get_fd.o)
                0x0000a364                alt_get_fd
 .text          0x0000a434       0x14 c:/altera/13.0sp1/nios2eds/bin/gnu/h-i686-mingw32/bin/../lib/gcc/nios2-elf/4.1.2/../../../../nios2-elf/lib/mno-hw-mul\libc.a(lib_a-atexit.o)
                0x0000a434                atexit
 .text          0x0000a448       0x38 c:/altera/13.0sp1/nios2eds/bin/gnu/h-i686-mingw32/bin/../lib/gcc/nios2-elf/4.1.2/../../../../nios2-elf/lib/mno-hw-mul\libc.a(lib_a-exit.o)
                0x0000a448                exit
 .text          0x0000a480        0x0 c:/altera/13.0sp1/nios2eds/bin/gnu/h-i686-mingw32/bin/../lib/gcc/nios2-elf/4.1.2/../../../../nios2-elf/lib/mno-hw-mul\libc.a(lib_a-impure.o)
 .text          0x0000a480        0x0 c:/altera/13.0sp1/nios2eds/bin/gnu/h-i686-mingw32/bin/../lib/gcc/nios2-elf/4.1.2/../../../../nios2-elf/lib/mno-hw-mul\libc.a(lib_a-int_errno.o)
 .text          0x0000a480       0x74 c:/altera/13.0sp1/nios2eds/bin/gnu/h-i686-mingw32/bin/../lib/gcc/nios2-elf/4.1.2/../../../../nios2-elf/lib/mno-hw-mul\libc.a(lib_a-memcmp.o)
                0x0000a480                memcmp
 .text          0x0000a4f4       0xa0 c:/altera/13.0sp1/nios2eds/bin/gnu/h-i686-mingw32/bin/../lib/gcc/nios2-elf/4.1.2/../../../../nios2-elf/lib/mno-hw-mul\libc.a(lib_a-memcpy.o)
                0x0000a4f4                memcpy
 .text          0x0000a594       0x74 c:/altera/13.0sp1/nios2eds/bin/gnu/h-i686-mingw32/bin/../lib/gcc/nios2-elf/4.1.2/../../../../nios2-elf/lib/mno-hw-mul\libc.a(lib_a-strlen.o)
                0x0000a594                strlen
 .text          0x0000a608      0x134 c:/altera/13.0sp1/nios2eds/bin/gnu/h-i686-mingw32/bin/../lib/gcc/nios2-elf/4.1.2/../../../../nios2-elf/lib/mno-hw-mul\libc.a(lib_a-__atexit.o)
                0x0000a608                __register_exitproc
 .text          0x0000a73c      0x1b4 c:/altera/13.0sp1/nios2eds/bin/gnu/h-i686-mingw32/bin/../lib/gcc/nios2-elf/4.1.2/../../../../nios2-elf/lib/mno-hw-mul\libc.a(lib_a-__call_atexit.o)
                0x0000a740                __call_exitprocs
 .text          0x0000a8f0       0x60 ../bai52_bsp/\libhal_bsp.a(alt_exit.o)
                0x0000a930                _exit
 *(.gnu.warning.*)
 *(.fini)
                0x0000a950                PROVIDE (__etext, ABSOLUTE (.))
                0x0000a950                PROVIDE (_etext, ABSOLUTE (.))
                0x0000a950                PROVIDE (etext, ABSOLUTE (.))
 *(.eh_frame_hdr)
                0x0000a950                . = ALIGN (0x4)
                0x0000a950                PROVIDE (__preinit_array_start, ABSOLUTE (.))
 *(.preinit_array)
                0x0000a950                PROVIDE (__preinit_array_end, ABSOLUTE (.))
                0x0000a950                PROVIDE (__init_array_start, ABSOLUTE (.))
 *(.init_array)
                0x0000a950                PROVIDE (__init_array_end, ABSOLUTE (.))
                0x0000a950                PROVIDE (__fini_array_start, ABSOLUTE (.))
 *(.fini_array)
                0x0000a950                PROVIDE (__fini_array_end, ABSOLUTE (.))
 *(.eh_frame)
 *(.gcc_except_table)
 *(.dynamic)
                0x0000a950                PROVIDE (__CTOR_LIST__, ABSOLUTE (.))
 *(.ctors)
 *(SORT(.ctors.*))
 .ctors.65535   0x0000a950        0x4 c:/altera/13.0sp1/nios2eds/bin/gnu/h-i686-mingw32/bin/../lib/gcc/nios2-elf/4.1.2/../../../../nios2-elf/lib/mno-hw-mul\libc.a(lib_a-__call_atexit.o)
                0x0000a954                PROVIDE (__CTOR_END__, ABSOLUTE (.))
                0x0000a954                PROVIDE (__DTOR_LIST__, ABSOLUTE (.))
 *(.dtors)
 *(SORT(.dtors.*))
                0x0000a954                PROVIDE (__DTOR_END__, ABSOLUTE (.))
 *(.jcr)
                0x0000a954                . = ALIGN (0x4)

.rodata         0x0000a954       0x38
                0x0000a954                PROVIDE (__ram_rodata_start, ABSOLUTE (.))
                0x0000a954                . = ALIGN (0x4)
 *(.rodata .rodata.* .gnu.linkonce.r.*)
 .rodata        0x0000a954       0x14 ../bai52_bsp/\libhal_bsp.a(alt_main.o)
 .rodata        0x0000a968       0x14 ../bai52_bsp/\libhal_bsp.a(alt_sys_init.o)
 .rodata        0x0000a97c        0xc ../bai52_bsp/\libhal_bsp.a(alt_dev.o)
 .rodata.str1.4
                0x0000a988        0x4 c:/altera/13.0sp1/nios2eds/bin/gnu/h-i686-mingw32/bin/../lib/gcc/nios2-elf/4.1.2/../../../../nios2-elf/lib/mno-hw-mul\libc.a(lib_a-impure.o)
 *(.rodata1)
                0x0000a98c                . = ALIGN (0x4)
                0x0000a98c                PROVIDE (__ram_rodata_end, ABSOLUTE (.))
                0x0000a954                PROVIDE (__flash_rodata_start, LOADADDR (.rodata))

.rwdata         0x0000a98c     0x1634 load address 0x0000bfc0
                0x0000a98c                PROVIDE (__ram_rwdata_start, ABSOLUTE (.))
                0x0000a98c                . = ALIGN (0x4)
 *(.got.plt)
 *(.got)
 *(.data1)
 *(.data .data.* .gnu.linkonce.d.*)
 .data          0x0000a98c        0x0 ../bai52_bsp//obj/HAL/src/crt0.o
 .data          0x0000a98c        0x0 obj/default/bai52.o
 .data          0x0000a98c        0x0 c:/altera/13.0sp1/nios2eds/bin/gnu/h-i686-mingw32/bin/../lib/gcc/nios2-elf/4.1.2/mno-hw-mul\libgcc.a(lib2-divmod.o)
 .data          0x0000a98c        0x0 c:/altera/13.0sp1/nios2eds/bin/gnu/h-i686-mingw32/bin/../lib/gcc/nios2-elf/4.1.2/mno-hw-mul\libgcc.a(lib2-mul.o)
 .data          0x0000a98c        0x0 ../bai52_bsp/\libhal_bsp.a(alt_load.o)
 .data          0x0000a98c        0x0 ../bai52_bsp/\libhal_bsp.a(alt_main.o)
 .data          0x0000a98c     0x1060 ../bai52_bsp/\libhal_bsp.a(alt_sys_init.o)
 .data          0x0000b9ec        0x0 ../bai52_bsp/\libhal_bsp.a(altera_avalon_jtag_uart_fd.o)
 .data          0x0000b9ec        0x0 ../bai52_bsp/\libhal_bsp.a(altera_avalon_jtag_uart_init.o)
 .data          0x0000b9ec        0x0 ../bai52_bsp/\libhal_bsp.a(altera_avalon_jtag_uart_ioctl.o)
 .data          0x0000b9ec        0x0 ../bai52_bsp/\libhal_bsp.a(altera_avalon_jtag_uart_read.o)
 .data          0x0000b9ec        0x0 ../bai52_bsp/\libhal_bsp.a(altera_avalon_jtag_uart_write.o)
 .data          0x0000b9ec        0x0 ../bai52_bsp/\libhal_bsp.a(alt_alarm_start.o)
 .data          0x0000b9ec        0x0 ../bai52_bsp/\libhal_bsp.a(alt_close.o)
 .data          0x0000b9ec        0x0 ../bai52_bsp/\libhal_bsp.a(alt_dcache_flush_all.o)
 .data          0x0000b9ec      0x1a8 ../bai52_bsp/\libhal_bsp.a(alt_dev.o)
                0x0000b9ec                alt_dev_null
                0x0000ba14                alt_fd_list
 .data          0x0000bb94        0x0 ../bai52_bsp/\libhal_bsp.a(alt_dev_llist_insert.o)
 .data          0x0000bb94        0x0 ../bai52_bsp/\libhal_bsp.a(alt_do_ctors.o)
 .data          0x0000bb94        0x0 ../bai52_bsp/\libhal_bsp.a(alt_do_dtors.o)
 .data          0x0000bb94        0x0 ../bai52_bsp/\libhal_bsp.a(alt_errno.o)
 .data          0x0000bb94        0x0 ../bai52_bsp/\libhal_bsp.a(alt_icache_flush_all.o)
 .data          0x0000bb94        0x0 ../bai52_bsp/\libhal_bsp.a(alt_iic.o)
 .data          0x0000bb94        0x0 ../bai52_bsp/\libhal_bsp.a(alt_iic_isr_register.o)
 .data          0x0000bb94        0x0 ../bai52_bsp/\libhal_bsp.a(alt_io_redirect.o)
 .data          0x0000bb94        0x0 ../bai52_bsp/\libhal_bsp.a(alt_irq_entry.o)
 .data          0x0000bb94        0x0 ../bai52_bsp/\libhal_bsp.a(alt_irq_handler.o)
 .data          0x0000bb94        0x0 ../bai52_bsp/\libhal_bsp.a(alt_irq_vars.o)
 .data          0x0000bb94        0x0 ../bai52_bsp/\libhal_bsp.a(alt_open.o)
 .data          0x0000bb94        0x0 ../bai52_bsp/\libhal_bsp.a(alt_release_fd.o)
 .data          0x0000bb94        0x0 ../bai52_bsp/\libhal_bsp.a(alt_tick.o)
 .data          0x0000bb94        0x0 ../bai52_bsp/\libhal_bsp.a(altera_nios2_qsys_irq.o)
 .data          0x0000bb94        0x0 ../bai52_bsp/\libhal_bsp.a(alt_exception_entry.o)
 .data          0x0000bb94        0x0 ../bai52_bsp/\libhal_bsp.a(alt_find_dev.o)
 .data          0x0000bb94        0x0 ../bai52_bsp/\libhal_bsp.a(alt_find_file.o)
 .data          0x0000bb94        0x0 ../bai52_bsp/\libhal_bsp.a(alt_get_fd.o)
 .data          0x0000bb94        0x0 c:/altera/13.0sp1/nios2eds/bin/gnu/h-i686-mingw32/bin/../lib/gcc/nios2-elf/4.1.2/../../../../nios2-elf/lib/mno-hw-mul\libc.a(lib_a-atexit.o)
 .data          0x0000bb94        0x0 c:/altera/13.0sp1/nios2eds/bin/gnu/h-i686-mingw32/bin/../lib/gcc/nios2-elf/4.1.2/../../../../nios2-elf/lib/mno-hw-mul\libc.a(lib_a-exit.o)
 .data          0x0000bb94      0x400 c:/altera/13.0sp1/nios2eds/bin/gnu/h-i686-mingw32/bin/../lib/gcc/nios2-elf/4.1.2/../../../../nios2-elf/lib/mno-hw-mul\libc.a(lib_a-impure.o)
 .data          0x0000bf94        0x0 c:/altera/13.0sp1/nios2eds/bin/gnu/h-i686-mingw32/bin/../lib/gcc/nios2-elf/4.1.2/../../../../nios2-elf/lib/mno-hw-mul\libc.a(lib_a-int_errno.o)
 .data          0x0000bf94        0x0 c:/altera/13.0sp1/nios2eds/bin/gnu/h-i686-mingw32/bin/../lib/gcc/nios2-elf/4.1.2/../../../../nios2-elf/lib/mno-hw-mul\libc.a(lib_a-memcmp.o)
 .data          0x0000bf94        0x0 c:/altera/13.0sp1/nios2eds/bin/gnu/h-i686-mingw32/bin/../lib/gcc/nios2-elf/4.1.2/../../../../nios2-elf/lib/mno-hw-mul\libc.a(lib_a-memcpy.o)
 .data          0x0000bf94        0x0 c:/altera/13.0sp1/nios2eds/bin/gnu/h-i686-mingw32/bin/../lib/gcc/nios2-elf/4.1.2/../../../../nios2-elf/lib/mno-hw-mul\libc.a(lib_a-strlen.o)
 .data          0x0000bf94        0x0 c:/altera/13.0sp1/nios2eds/bin/gnu/h-i686-mingw32/bin/../lib/gcc/nios2-elf/4.1.2/../../../../nios2-elf/lib/mno-hw-mul\libc.a(lib_a-__atexit.o)
 .data          0x0000bf94        0x0 c:/altera/13.0sp1/nios2eds/bin/gnu/h-i686-mingw32/bin/../lib/gcc/nios2-elf/4.1.2/../../../../nios2-elf/lib/mno-hw-mul\libc.a(lib_a-__call_atexit.o)
 .data          0x0000bf94        0x0 ../bai52_bsp/\libhal_bsp.a(alt_exit.o)
                0x00013f94                _gp = ABSOLUTE ((. + 0x8000))
                0x00013f94                PROVIDE (gp, _gp)
 *(.rwdata .rwdata.*)
 *(.sdata .sdata.* .gnu.linkonce.s.*)
 .sdata         0x0000bf94       0x14 ../bai52_bsp/\libhal_bsp.a(alt_dev.o)
                0x0000bf94                alt_fs_list
                0x0000bf9c                alt_dev_list
                0x0000bfa4                alt_max_fd
 .sdata         0x0000bfa8        0x4 ../bai52_bsp/\libhal_bsp.a(alt_errno.o)
                0x0000bfa8                alt_errno
 .sdata         0x0000bfac        0x4 ../bai52_bsp/\libhal_bsp.a(alt_irq_vars.o)
                0x0000bfac                alt_priority_mask
 .sdata         0x0000bfb0        0x8 ../bai52_bsp/\libhal_bsp.a(alt_tick.o)
                0x0000bfb0                alt_alarm_list
 .sdata         0x0000bfb8        0x8 c:/altera/13.0sp1/nios2eds/bin/gnu/h-i686-mingw32/bin/../lib/gcc/nios2-elf/4.1.2/../../../../nios2-elf/lib/mno-hw-mul\libc.a(lib_a-impure.o)
                0x0000bfb8                _impure_ptr
                0x0000bfbc                _global_impure_ptr
 *(.sdata2 .sdata2.* .gnu.linkonce.s2.*)
                0x0000bfc0                . = ALIGN (0x4)
                0x0000bfc0                _edata = ABSOLUTE (.)
                0x0000bfc0                PROVIDE (edata, ABSOLUTE (.))
                0x0000bfc0                PROVIDE (__ram_rwdata_end, ABSOLUTE (.))
                0x0000bfc0                PROVIDE (__flash_rwdata_start, LOADADDR (.rwdata))

.bss            0x0000d5f4      0x2ac
                0x0000d5f4                __bss_start = ABSOLUTE (.)
                0x0000d5f4                PROVIDE (__sbss_start, ABSOLUTE (.))
                0x0000d5f4                PROVIDE (___sbss_start, ABSOLUTE (.))
 *(.dynsbss)
 *(.sbss .sbss.* .gnu.linkonce.sb.*)
 .sbss          0x0000d5f4        0xc ../bai52_bsp/\libhal_bsp.a(alt_main.o)
                0x0000d5f4                alt_argc
                0x0000d5f8                alt_argv
                0x0000d5fc                alt_envp
 .sbss          0x0000d600        0x4 ../bai52_bsp/\libhal_bsp.a(alt_irq_vars.o)
                0x0000d600                alt_irq_active
 .sbss          0x0000d604        0x8 ../bai52_bsp/\libhal_bsp.a(alt_tick.o)
                0x0000d604                _alt_tick_rate
                0x0000d608                _alt_nticks
 .sbss          0x0000d60c        0x4 c:/altera/13.0sp1/nios2eds/bin/gnu/h-i686-mingw32/bin/../lib/gcc/nios2-elf/4.1.2/../../../../nios2-elf/lib/mno-hw-mul\libc.a(lib_a-int_errno.o)
                0x0000d60c                errno
 *(.sbss2 .sbss2.* .gnu.linkonce.sb2.*)
 *(.scommon)
                0x0000d610                PROVIDE (__sbss_end, ABSOLUTE (.))
                0x0000d610                PROVIDE (___sbss_end, ABSOLUTE (.))
 *(.dynbss)
 *(.bss .bss.* .gnu.linkonce.b.*)
 .bss           0x0000d610        0x0 ../bai52_bsp//obj/HAL/src/crt0.o
 .bss           0x0000d610        0x0 obj/default/bai52.o
 .bss           0x0000d610        0x0 c:/altera/13.0sp1/nios2eds/bin/gnu/h-i686-mingw32/bin/../lib/gcc/nios2-elf/4.1.2/mno-hw-mul\libgcc.a(lib2-divmod.o)
 .bss           0x0000d610        0x0 c:/altera/13.0sp1/nios2eds/bin/gnu/h-i686-mingw32/bin/../lib/gcc/nios2-elf/4.1.2/mno-hw-mul\libgcc.a(lib2-mul.o)
 .bss           0x0000d610        0x0 ../bai52_bsp/\libhal_bsp.a(alt_load.o)
 .bss           0x0000d610        0x0 ../bai52_bsp/\libhal_bsp.a(alt_main.o)
 .bss           0x0000d610        0x0 ../bai52_bsp/\libhal_bsp.a(alt_sys_init.o)
 .bss           0x0000d610        0x0 ../bai52_bsp/\libhal_bsp.a(altera_avalon_jtag_uart_fd.o)
 .bss           0x0000d610        0x0 ../bai52_bsp/\libhal_bsp.a(altera_avalon_jtag_uart_init.o)
 .bss           0x0000d610        0x0 ../bai52_bsp/\libhal_bsp.a(altera_avalon_jtag_uart_ioctl.o)
 .bss           0x0000d610        0x0 ../bai52_bsp/\libhal_bsp.a(altera_avalon_jtag_uart_read.o)
 .bss           0x0000d610        0x0 ../bai52_bsp/\libhal_bsp.a(altera_avalon_jtag_uart_write.o)
 .bss           0x0000d610        0x0 ../bai52_bsp/\libhal_bsp.a(alt_alarm_start.o)
 .bss           0x0000d610        0x0 ../bai52_bsp/\libhal_bsp.a(alt_close.o)
 .bss           0x0000d610        0x0 ../bai52_bsp/\libhal_bsp.a(alt_dcache_flush_all.o)
 .bss           0x0000d610        0x0 ../bai52_bsp/\libhal_bsp.a(alt_dev.o)
 .bss           0x0000d610        0x0 ../bai52_bsp/\libhal_bsp.a(alt_dev_llist_insert.o)
 .bss           0x0000d610        0x0 ../bai52_bsp/\libhal_bsp.a(alt_do_ctors.o)
 .bss           0x0000d610        0x0 ../bai52_bsp/\libhal_bsp.a(alt_do_dtors.o)
 .bss           0x0000d610        0x0 ../bai52_bsp/\libhal_bsp.a(alt_errno.o)
 .bss           0x0000d610        0x0 ../bai52_bsp/\libhal_bsp.a(alt_icache_flush_all.o)
 .bss           0x0000d610        0x0 ../bai52_bsp/\libhal_bsp.a(alt_iic.o)
 .bss           0x0000d610        0x0 ../bai52_bsp/\libhal_bsp.a(alt_iic_isr_register.o)
 .bss           0x0000d610        0x0 ../bai52_bsp/\libhal_bsp.a(alt_io_redirect.o)
 .bss           0x0000d610        0x0 ../bai52_bsp/\libhal_bsp.a(alt_irq_entry.o)
 .bss           0x0000d610        0x0 ../bai52_bsp/\libhal_bsp.a(alt_irq_handler.o)
 .bss           0x0000d610        0x0 ../bai52_bsp/\libhal_bsp.a(alt_irq_vars.o)
 .bss           0x0000d610        0x0 ../bai52_bsp/\libhal_bsp.a(alt_open.o)
 .bss           0x0000d610        0x0 ../bai52_bsp/\libhal_bsp.a(alt_release_fd.o)
 .bss           0x0000d610        0x0 ../bai52_bsp/\libhal_bsp.a(alt_tick.o)
 .bss           0x0000d610        0x0 ../bai52_bsp/\libhal_bsp.a(altera_nios2_qsys_irq.o)
 .bss           0x0000d610        0x0 ../bai52_bsp/\libhal_bsp.a(alt_exception_entry.o)
 .bss           0x0000d610        0x0 ../bai52_bsp/\libhal_bsp.a(alt_find_dev.o)
 .bss           0x0000d610        0x0 ../bai52_bsp/\libhal_bsp.a(alt_find_file.o)
 .bss           0x0000d610        0x0 ../bai52_bsp/\libhal_bsp.a(alt_get_fd.o)
 .bss           0x0000d610        0x0 c:/altera/13.0sp1/nios2eds/bin/gnu/h-i686-mingw32/bin/../lib/gcc/nios2-elf/4.1.2/../../../../nios2-elf/lib/mno-hw-mul\libc.a(lib_a-atexit.o)
 .bss           0x0000d610        0x0 c:/altera/13.0sp1/nios2eds/bin/gnu/h-i686-mingw32/bin/../lib/gcc/nios2-elf/4.1.2/../../../../nios2-elf/lib/mno-hw-mul\libc.a(lib_a-exit.o)
 .bss           0x0000d610        0x0 c:/altera/13.0sp1/nios2eds/bin/gnu/h-i686-mingw32/bin/../lib/gcc/nios2-elf/4.1.2/../../../../nios2-elf/lib/mno-hw-mul\libc.a(lib_a-impure.o)
 .bss           0x0000d610        0x0 c:/altera/13.0sp1/nios2eds/bin/gnu/h-i686-mingw32/bin/../lib/gcc/nios2-elf/4.1.2/../../../../nios2-elf/lib/mno-hw-mul\libc.a(lib_a-int_errno.o)
 .bss           0x0000d610        0x0 c:/altera/13.0sp1/nios2eds/bin/gnu/h-i686-mingw32/bin/../lib/gcc/nios2-elf/4.1.2/../../../../nios2-elf/lib/mno-hw-mul\libc.a(lib_a-memcmp.o)
 .bss           0x0000d610        0x0 c:/altera/13.0sp1/nios2eds/bin/gnu/h-i686-mingw32/bin/../lib/gcc/nios2-elf/4.1.2/../../../../nios2-elf/lib/mno-hw-mul\libc.a(lib_a-memcpy.o)
 .bss           0x0000d610        0x0 c:/altera/13.0sp1/nios2eds/bin/gnu/h-i686-mingw32/bin/../lib/gcc/nios2-elf/4.1.2/../../../../nios2-elf/lib/mno-hw-mul\libc.a(lib_a-strlen.o)
 .bss           0x0000d610        0x0 c:/altera/13.0sp1/nios2eds/bin/gnu/h-i686-mingw32/bin/../lib/gcc/nios2-elf/4.1.2/../../../../nios2-elf/lib/mno-hw-mul\libc.a(lib_a-__atexit.o)
 .bss           0x0000d610        0x0 c:/altera/13.0sp1/nios2eds/bin/gnu/h-i686-mingw32/bin/../lib/gcc/nios2-elf/4.1.2/../../../../nios2-elf/lib/mno-hw-mul\libc.a(lib_a-__call_atexit.o)
 .bss           0x0000d610        0x0 ../bai52_bsp/\libhal_bsp.a(alt_exit.o)
 *(COMMON)
 COMMON         0x0000d610      0x100 ../bai52_bsp/\libhal_bsp.a(alt_irq_handler.o)
                0x0000d610                alt_irq
 COMMON         0x0000d710      0x190 c:/altera/13.0sp1/nios2eds/bin/gnu/h-i686-mingw32/bin/../lib/gcc/nios2-elf/4.1.2/../../../../nios2-elf/lib/mno-hw-mul\libc.a(lib_a-atexit.o)
                0x0000d710                _atexit0
                0x0000d8a0                . = ALIGN (0x4)
                0x0000d8a0                __bss_end = ABSOLUTE (.)

.onchip_memory2_0
                0x0000d8a0        0x0
                0x0000d8a0                PROVIDE (_alt_partition_onchip_memory2_0_start, ABSOLUTE (.))
 *(.onchip_memory2_0. onchip_memory2_0.*)
                0x0000d8a0                . = ALIGN (0x4)
                0x0000d8a0                PROVIDE (_alt_partition_onchip_memory2_0_end, ABSOLUTE (.))
                0x0000d8a0                _end = ABSOLUTE (.)
                0x0000d8a0                end = ABSOLUTE (.)
                0x0000d8a0                __alt_stack_base = ABSOLUTE (.)
                0x0000d8a0                PROVIDE (_alt_partition_onchip_memory2_0_load_addr, LOADADDR (.onchip_memory2_0))

.stab
 *(.stab)

.stabstr
 *(.stabstr)

.stab.excl
 *(.stab.excl)

.stab.exclstr
 *(.stab.exclstr)

.stab.index
 *(.stab.index)

.stab.indexstr
 *(.stab.indexstr)

.comment        0x00000000       0x26
 *(.comment)
 .comment       0x00000000       0x26 obj/default/bai52.o
                                 0x27 (size before relaxing)
 .comment       0x00000000       0x27 c:/altera/13.0sp1/nios2eds/bin/gnu/h-i686-mingw32/bin/../lib/gcc/nios2-elf/4.1.2/mno-hw-mul\libgcc.a(lib2-divmod.o)
 .comment       0x00000000       0x27 c:/altera/13.0sp1/nios2eds/bin/gnu/h-i686-mingw32/bin/../lib/gcc/nios2-elf/4.1.2/mno-hw-mul\libgcc.a(lib2-mul.o)
 .comment       0x00000000       0x27 ../bai52_bsp/\libhal_bsp.a(alt_load.o)
 .comment       0x00000000       0x27 ../bai52_bsp/\libhal_bsp.a(alt_main.o)
 .comment       0x00000000       0x27 ../bai52_bsp/\libhal_bsp.a(alt_sys_init.o)
 .comment       0x00000000       0x27 ../bai52_bsp/\libhal_bsp.a(altera_avalon_jtag_uart_fd.o)
 .comment       0x00000000       0x27 ../bai52_bsp/\libhal_bsp.a(altera_avalon_jtag_uart_init.o)
 .comment       0x00000000       0x27 ../bai52_bsp/\libhal_bsp.a(altera_avalon_jtag_uart_ioctl.o)
 .comment       0x00000000       0x27 ../bai52_bsp/\libhal_bsp.a(altera_avalon_jtag_uart_read.o)
 .comment       0x00000000       0x27 ../bai52_bsp/\libhal_bsp.a(altera_avalon_jtag_uart_write.o)
 .comment       0x00000000       0x27 ../bai52_bsp/\libhal_bsp.a(alt_alarm_start.o)
 .comment       0x00000000       0x27 ../bai52_bsp/\libhal_bsp.a(alt_close.o)
 .comment       0x00000000       0x27 ../bai52_bsp/\libhal_bsp.a(alt_dcache_flush_all.o)
 .comment       0x00000000       0x27 ../bai52_bsp/\libhal_bsp.a(alt_dev.o)
 .comment       0x00000000       0x27 ../bai52_bsp/\libhal_bsp.a(alt_dev_llist_insert.o)
 .comment       0x00000000       0x27 ../bai52_bsp/\libhal_bsp.a(alt_do_ctors.o)
 .comment       0x00000000       0x27 ../bai52_bsp/\libhal_bsp.a(alt_do_dtors.o)
 .comment       0x00000000       0x27 ../bai52_bsp/\libhal_bsp.a(alt_errno.o)
 .comment       0x00000000       0x27 ../bai52_bsp/\libhal_bsp.a(alt_icache_flush_all.o)
 .comment       0x00000000       0x27 ../bai52_bsp/\libhal_bsp.a(alt_iic.o)
 .comment       0x00000000       0x27 ../bai52_bsp/\libhal_bsp.a(alt_iic_isr_register.o)
 .comment       0x00000000       0x27 ../bai52_bsp/\libhal_bsp.a(alt_io_redirect.o)
 .comment       0x00000000       0x27 ../bai52_bsp/\libhal_bsp.a(alt_irq_handler.o)
 .comment       0x00000000       0x27 ../bai52_bsp/\libhal_bsp.a(alt_irq_vars.o)
 .comment       0x00000000       0x27 ../bai52_bsp/\libhal_bsp.a(alt_open.o)
 .comment       0x00000000       0x27 ../bai52_bsp/\libhal_bsp.a(alt_release_fd.o)
 .comment       0x00000000       0x27 ../bai52_bsp/\libhal_bsp.a(alt_tick.o)
 .comment       0x00000000       0x27 ../bai52_bsp/\libhal_bsp.a(altera_nios2_qsys_irq.o)
 .comment       0x00000000       0x27 ../bai52_bsp/\libhal_bsp.a(alt_find_dev.o)
 .comment       0x00000000       0x27 ../bai52_bsp/\libhal_bsp.a(alt_find_file.o)
 .comment       0x00000000       0x27 ../bai52_bsp/\libhal_bsp.a(alt_get_fd.o)
 .comment       0x00000000       0x27 c:/altera/13.0sp1/nios2eds/bin/gnu/h-i686-mingw32/bin/../lib/gcc/nios2-elf/4.1.2/../../../../nios2-elf/lib/mno-hw-mul\libc.a(lib_a-atexit.o)
 .comment       0x00000000       0x27 c:/altera/13.0sp1/nios2eds/bin/gnu/h-i686-mingw32/bin/../lib/gcc/nios2-elf/4.1.2/../../../../nios2-elf/lib/mno-hw-mul\libc.a(lib_a-exit.o)
 .comment       0x00000000       0x27 c:/altera/13.0sp1/nios2eds/bin/gnu/h-i686-mingw32/bin/../lib/gcc/nios2-elf/4.1.2/../../../../nios2-elf/lib/mno-hw-mul\libc.a(lib_a-impure.o)
 .comment       0x00000000       0x27 c:/altera/13.0sp1/nios2eds/bin/gnu/h-i686-mingw32/bin/../lib/gcc/nios2-elf/4.1.2/../../../../nios2-elf/lib/mno-hw-mul\libc.a(lib_a-int_errno.o)
 .comment       0x00000000       0x27 c:/altera/13.0sp1/nios2eds/bin/gnu/h-i686-mingw32/bin/../lib/gcc/nios2-elf/4.1.2/../../../../nios2-elf/lib/mno-hw-mul\libc.a(lib_a-memcmp.o)
 .comment       0x00000000       0x27 c:/altera/13.0sp1/nios2eds/bin/gnu/h-i686-mingw32/bin/../lib/gcc/nios2-elf/4.1.2/../../../../nios2-elf/lib/mno-hw-mul\libc.a(lib_a-memcpy.o)
 .comment       0x00000000       0x27 c:/altera/13.0sp1/nios2eds/bin/gnu/h-i686-mingw32/bin/../lib/gcc/nios2-elf/4.1.2/../../../../nios2-elf/lib/mno-hw-mul\libc.a(lib_a-strlen.o)
 .comment       0x00000000       0x27 c:/altera/13.0sp1/nios2eds/bin/gnu/h-i686-mingw32/bin/../lib/gcc/nios2-elf/4.1.2/../../../../nios2-elf/lib/mno-hw-mul\libc.a(lib_a-__atexit.o)
 .comment       0x00000000       0x27 c:/altera/13.0sp1/nios2eds/bin/gnu/h-i686-mingw32/bin/../lib/gcc/nios2-elf/4.1.2/../../../../nios2-elf/lib/mno-hw-mul\libc.a(lib_a-__call_atexit.o)
 .comment       0x00000000       0x27 ../bai52_bsp/\libhal_bsp.a(alt_exit.o)

.debug
 *(.debug)

.line
 *(.line)

.debug_srcinfo
 *(.debug_srcinfo)

.debug_sfnames
 *(.debug_sfnames)

.debug_aranges  0x00000000      0x558
 *(.debug_aranges)
 .debug_aranges
                0x00000000       0x28 ../bai52_bsp//obj/HAL/src/crt0.o
 .debug_aranges
                0x00000028       0x20 obj/default/bai52.o
 .debug_aranges
                0x00000048       0x20 c:/altera/13.0sp1/nios2eds/bin/gnu/h-i686-mingw32/bin/../lib/gcc/nios2-elf/4.1.2/mno-hw-mul\libgcc.a(lib2-divmod.o)
 .debug_aranges
                0x00000068       0x20 c:/altera/13.0sp1/nios2eds/bin/gnu/h-i686-mingw32/bin/../lib/gcc/nios2-elf/4.1.2/mno-hw-mul\libgcc.a(lib2-mul.o)
 .debug_aranges
                0x00000088       0x20 ../bai52_bsp/\libhal_bsp.a(alt_load.o)
 .debug_aranges
                0x000000a8       0x20 ../bai52_bsp/\libhal_bsp.a(alt_main.o)
 .debug_aranges
                0x000000c8       0x20 ../bai52_bsp/\libhal_bsp.a(alt_sys_init.o)
 .debug_aranges
                0x000000e8       0x20 ../bai52_bsp/\libhal_bsp.a(altera_avalon_jtag_uart_fd.o)
 .debug_aranges
                0x00000108       0x20 ../bai52_bsp/\libhal_bsp.a(altera_avalon_jtag_uart_init.o)
 .debug_aranges
                0x00000128       0x20 ../bai52_bsp/\libhal_bsp.a(altera_avalon_jtag_uart_ioctl.o)
 .debug_aranges
                0x00000148       0x20 ../bai52_bsp/\libhal_bsp.a(altera_avalon_jtag_uart_read.o)
 .debug_aranges
                0x00000168       0x20 ../bai52_bsp/\libhal_bsp.a(altera_avalon_jtag_uart_write.o)
 .debug_aranges
                0x00000188       0x20 ../bai52_bsp/\libhal_bsp.a(alt_alarm_start.o)
 .debug_aranges
                0x000001a8       0x20 ../bai52_bsp/\libhal_bsp.a(alt_close.o)
 .debug_aranges
                0x000001c8       0x20 ../bai52_bsp/\libhal_bsp.a(alt_dcache_flush_all.o)
 .debug_aranges
                0x000001e8       0x20 ../bai52_bsp/\libhal_bsp.a(alt_dev.o)
 .debug_aranges
                0x00000208       0x20 ../bai52_bsp/\libhal_bsp.a(alt_dev_llist_insert.o)
 .debug_aranges
                0x00000228       0x20 ../bai52_bsp/\libhal_bsp.a(alt_do_ctors.o)
 .debug_aranges
                0x00000248       0x20 ../bai52_bsp/\libhal_bsp.a(alt_do_dtors.o)
 .debug_aranges
                0x00000268       0x20 ../bai52_bsp/\libhal_bsp.a(alt_icache_flush_all.o)
 .debug_aranges
                0x00000288       0x20 ../bai52_bsp/\libhal_bsp.a(alt_iic.o)
 .debug_aranges
                0x000002a8       0x20 ../bai52_bsp/\libhal_bsp.a(alt_iic_isr_register.o)
 .debug_aranges
                0x000002c8       0x20 ../bai52_bsp/\libhal_bsp.a(alt_io_redirect.o)
 .debug_aranges
                0x000002e8       0x30 ../bai52_bsp/\libhal_bsp.a(alt_irq_entry.o)
 .debug_aranges
                0x00000318       0x28 ../bai52_bsp/\libhal_bsp.a(alt_irq_handler.o)
 .debug_aranges
                0x00000340       0x20 ../bai52_bsp/\libhal_bsp.a(alt_open.o)
 .debug_aranges
                0x00000360       0x20 ../bai52_bsp/\libhal_bsp.a(alt_release_fd.o)
 .debug_aranges
                0x00000380       0x20 ../bai52_bsp/\libhal_bsp.a(alt_tick.o)
 .debug_aranges
                0x000003a0       0x20 ../bai52_bsp/\libhal_bsp.a(altera_nios2_qsys_irq.o)
 .debug_aranges
                0x000003c0       0x38 ../bai52_bsp/\libhal_bsp.a(alt_exception_entry.o)
 .debug_aranges
                0x000003f8       0x20 ../bai52_bsp/\libhal_bsp.a(alt_find_dev.o)
 .debug_aranges
                0x00000418       0x20 ../bai52_bsp/\libhal_bsp.a(alt_find_file.o)
 .debug_aranges
                0x00000438       0x20 ../bai52_bsp/\libhal_bsp.a(alt_get_fd.o)
 .debug_aranges
                0x00000458       0x20 c:/altera/13.0sp1/nios2eds/bin/gnu/h-i686-mingw32/bin/../lib/gcc/nios2-elf/4.1.2/../../../../nios2-elf/lib/mno-hw-mul\libc.a(lib_a-atexit.o)
 .debug_aranges
                0x00000478       0x20 c:/altera/13.0sp1/nios2eds/bin/gnu/h-i686-mingw32/bin/../lib/gcc/nios2-elf/4.1.2/../../../../nios2-elf/lib/mno-hw-mul\libc.a(lib_a-exit.o)
 .debug_aranges
                0x00000498       0x20 c:/altera/13.0sp1/nios2eds/bin/gnu/h-i686-mingw32/bin/../lib/gcc/nios2-elf/4.1.2/../../../../nios2-elf/lib/mno-hw-mul\libc.a(lib_a-memcmp.o)
 .debug_aranges
                0x000004b8       0x20 c:/altera/13.0sp1/nios2eds/bin/gnu/h-i686-mingw32/bin/../lib/gcc/nios2-elf/4.1.2/../../../../nios2-elf/lib/mno-hw-mul\libc.a(lib_a-memcpy.o)
 .debug_aranges
                0x000004d8       0x20 c:/altera/13.0sp1/nios2eds/bin/gnu/h-i686-mingw32/bin/../lib/gcc/nios2-elf/4.1.2/../../../../nios2-elf/lib/mno-hw-mul\libc.a(lib_a-strlen.o)
 .debug_aranges
                0x000004f8       0x20 c:/altera/13.0sp1/nios2eds/bin/gnu/h-i686-mingw32/bin/../lib/gcc/nios2-elf/4.1.2/../../../../nios2-elf/lib/mno-hw-mul\libc.a(lib_a-__atexit.o)
 .debug_aranges
                0x00000518       0x20 c:/altera/13.0sp1/nios2eds/bin/gnu/h-i686-mingw32/bin/../lib/gcc/nios2-elf/4.1.2/../../../../nios2-elf/lib/mno-hw-mul\libc.a(lib_a-__call_atexit.o)
 .debug_aranges
                0x00000538       0x20 ../bai52_bsp/\libhal_bsp.a(alt_exit.o)

.debug_pubnames
                0x00000000      0x840
 *(.debug_pubnames)
 .debug_pubnames
                0x00000000       0x5a obj/default/bai52.o
 .debug_pubnames
                0x0000005a       0x48 c:/altera/13.0sp1/nios2eds/bin/gnu/h-i686-mingw32/bin/../lib/gcc/nios2-elf/4.1.2/mno-hw-mul\libgcc.a(lib2-divmod.o)
 .debug_pubnames
                0x000000a2       0x1f c:/altera/13.0sp1/nios2eds/bin/gnu/h-i686-mingw32/bin/../lib/gcc/nios2-elf/4.1.2/mno-hw-mul\libgcc.a(lib2-mul.o)
 .debug_pubnames
                0x000000c1       0x1f ../bai52_bsp/\libhal_bsp.a(alt_load.o)
 .debug_pubnames
                0x000000e0       0x46 ../bai52_bsp/\libhal_bsp.a(alt_main.o)
 .debug_pubnames
                0x00000126       0x34 ../bai52_bsp/\libhal_bsp.a(alt_sys_init.o)
 .debug_pubnames
                0x0000015a       0xa5 ../bai52_bsp/\libhal_bsp.a(altera_avalon_jtag_uart_fd.o)
 .debug_pubnames
                0x000001ff       0x55 ../bai52_bsp/\libhal_bsp.a(altera_avalon_jtag_uart_init.o)
 .debug_pubnames
                0x00000254       0x34 ../bai52_bsp/\libhal_bsp.a(altera_avalon_jtag_uart_ioctl.o)
 .debug_pubnames
                0x00000288       0x33 ../bai52_bsp/\libhal_bsp.a(altera_avalon_jtag_uart_read.o)
 .debug_pubnames
                0x000002bb       0x34 ../bai52_bsp/\libhal_bsp.a(altera_avalon_jtag_uart_write.o)
 .debug_pubnames
                0x000002ef       0x26 ../bai52_bsp/\libhal_bsp.a(alt_alarm_start.o)
 .debug_pubnames
                0x00000315       0x1c ../bai52_bsp/\libhal_bsp.a(alt_close.o)
 .debug_pubnames
                0x00000331       0x2b ../bai52_bsp/\libhal_bsp.a(alt_dcache_flush_all.o)
 .debug_pubnames
                0x0000035c       0x63 ../bai52_bsp/\libhal_bsp.a(alt_dev.o)
 .debug_pubnames
                0x000003bf       0x2b ../bai52_bsp/\libhal_bsp.a(alt_dev_llist_insert.o)
 .debug_pubnames
                0x000003ea       0x20 ../bai52_bsp/\libhal_bsp.a(alt_do_ctors.o)
 .debug_pubnames
                0x0000040a       0x20 ../bai52_bsp/\libhal_bsp.a(alt_do_dtors.o)
 .debug_pubnames
                0x0000042a       0x20 ../bai52_bsp/\libhal_bsp.a(alt_errno.o)
 .debug_pubnames
                0x0000044a       0x2b ../bai52_bsp/\libhal_bsp.a(alt_icache_flush_all.o)
 .debug_pubnames
                0x00000475       0x6e ../bai52_bsp/\libhal_bsp.a(alt_iic.o)
 .debug_pubnames
                0x000004e3       0x2b ../bai52_bsp/\libhal_bsp.a(alt_iic_isr_register.o)
 .debug_pubnames
                0x0000050e       0x26 ../bai52_bsp/\libhal_bsp.a(alt_io_redirect.o)
 .debug_pubnames
                0x00000534       0x32 ../bai52_bsp/\libhal_bsp.a(alt_irq_handler.o)
 .debug_pubnames
                0x00000566       0x3b ../bai52_bsp/\libhal_bsp.a(alt_irq_vars.o)
 .debug_pubnames
                0x000005a1       0x1b ../bai52_bsp/\libhal_bsp.a(alt_open.o)
 .debug_pubnames
                0x000005bc       0x25 ../bai52_bsp/\libhal_bsp.a(alt_release_fd.o)
 .debug_pubnames
                0x000005e1       0x68 ../bai52_bsp/\libhal_bsp.a(alt_tick.o)
 .debug_pubnames
                0x00000649       0x31 ../bai52_bsp/\libhal_bsp.a(altera_nios2_qsys_irq.o)
 .debug_pubnames
                0x0000067a       0x23 ../bai52_bsp/\libhal_bsp.a(alt_find_dev.o)
 .debug_pubnames
                0x0000069d       0x24 ../bai52_bsp/\libhal_bsp.a(alt_find_file.o)
 .debug_pubnames
                0x000006c1       0x21 ../bai52_bsp/\libhal_bsp.a(alt_get_fd.o)
 .debug_pubnames
                0x000006e2       0x2a c:/altera/13.0sp1/nios2eds/bin/gnu/h-i686-mingw32/bin/../lib/gcc/nios2-elf/4.1.2/../../../../nios2-elf/lib/mno-hw-mul\libc.a(lib_a-atexit.o)
 .debug_pubnames
                0x0000070c       0x1b c:/altera/13.0sp1/nios2eds/bin/gnu/h-i686-mingw32/bin/../lib/gcc/nios2-elf/4.1.2/../../../../nios2-elf/lib/mno-hw-mul\libc.a(lib_a-exit.o)
 .debug_pubnames
                0x00000727       0x39 c:/altera/13.0sp1/nios2eds/bin/gnu/h-i686-mingw32/bin/../lib/gcc/nios2-elf/4.1.2/../../../../nios2-elf/lib/mno-hw-mul\libc.a(lib_a-impure.o)
 .debug_pubnames
                0x00000760       0x1c c:/altera/13.0sp1/nios2eds/bin/gnu/h-i686-mingw32/bin/../lib/gcc/nios2-elf/4.1.2/../../../../nios2-elf/lib/mno-hw-mul\libc.a(lib_a-int_errno.o)
 .debug_pubnames
                0x0000077c       0x1d c:/altera/13.0sp1/nios2eds/bin/gnu/h-i686-mingw32/bin/../lib/gcc/nios2-elf/4.1.2/../../../../nios2-elf/lib/mno-hw-mul\libc.a(lib_a-memcmp.o)
 .debug_pubnames
                0x00000799       0x1d c:/altera/13.0sp1/nios2eds/bin/gnu/h-i686-mingw32/bin/../lib/gcc/nios2-elf/4.1.2/../../../../nios2-elf/lib/mno-hw-mul\libc.a(lib_a-memcpy.o)
 .debug_pubnames
                0x000007b6       0x1d c:/altera/13.0sp1/nios2eds/bin/gnu/h-i686-mingw32/bin/../lib/gcc/nios2-elf/4.1.2/../../../../nios2-elf/lib/mno-hw-mul\libc.a(lib_a-strlen.o)
 .debug_pubnames
                0x000007d3       0x2a c:/altera/13.0sp1/nios2eds/bin/gnu/h-i686-mingw32/bin/../lib/gcc/nios2-elf/4.1.2/../../../../nios2-elf/lib/mno-hw-mul\libc.a(lib_a-__atexit.o)
 .debug_pubnames
                0x000007fd       0x27 c:/altera/13.0sp1/nios2eds/bin/gnu/h-i686-mingw32/bin/../lib/gcc/nios2-elf/4.1.2/../../../../nios2-elf/lib/mno-hw-mul\libc.a(lib_a-__call_atexit.o)
 .debug_pubnames
                0x00000824       0x1c ../bai52_bsp/\libhal_bsp.a(alt_exit.o)

.debug_info     0x00000000     0x9c1a
 *(.debug_info .gnu.linkonce.wi.*)
 .debug_info    0x00000000       0x56 ../bai52_bsp//obj/HAL/src/crt0.o
 .debug_info    0x00000056      0x253 obj/default/bai52.o
 .debug_info    0x000002a9      0x21c c:/altera/13.0sp1/nios2eds/bin/gnu/h-i686-mingw32/bin/../lib/gcc/nios2-elf/4.1.2/mno-hw-mul\libgcc.a(lib2-divmod.o)
 .debug_info    0x000004c5       0xf3 c:/altera/13.0sp1/nios2eds/bin/gnu/h-i686-mingw32/bin/../lib/gcc/nios2-elf/4.1.2/mno-hw-mul\libgcc.a(lib2-mul.o)
 .debug_info    0x000005b8      0x268 ../bai52_bsp/\libhal_bsp.a(alt_load.o)
 .debug_info    0x00000820      0x200 ../bai52_bsp/\libhal_bsp.a(alt_main.o)
 .debug_info    0x00000a20      0x6b3 ../bai52_bsp/\libhal_bsp.a(alt_sys_init.o)
 .debug_info    0x000010d3      0x7b4 ../bai52_bsp/\libhal_bsp.a(altera_avalon_jtag_uart_fd.o)
 .debug_info    0x00001887      0x5dc ../bai52_bsp/\libhal_bsp.a(altera_avalon_jtag_uart_init.o)
 .debug_info    0x00001e63      0x41e ../bai52_bsp/\libhal_bsp.a(altera_avalon_jtag_uart_ioctl.o)
 .debug_info    0x00002281      0x521 ../bai52_bsp/\libhal_bsp.a(altera_avalon_jtag_uart_read.o)
 .debug_info    0x000027a2      0x519 ../bai52_bsp/\libhal_bsp.a(altera_avalon_jtag_uart_write.o)
 .debug_info    0x00002cbb      0x41d ../bai52_bsp/\libhal_bsp.a(alt_alarm_start.o)
 .debug_info    0x000030d8      0x442 ../bai52_bsp/\libhal_bsp.a(alt_close.o)
 .debug_info    0x0000351a      0x137 ../bai52_bsp/\libhal_bsp.a(alt_dcache_flush_all.o)
 .debug_info    0x00003651      0x65a ../bai52_bsp/\libhal_bsp.a(alt_dev.o)
 .debug_info    0x00003cab      0x292 ../bai52_bsp/\libhal_bsp.a(alt_dev_llist_insert.o)
 .debug_info    0x00003f3d       0xea ../bai52_bsp/\libhal_bsp.a(alt_do_ctors.o)
 .debug_info    0x00004027       0xe9 ../bai52_bsp/\libhal_bsp.a(alt_do_dtors.o)
 .debug_info    0x00004110      0x13f ../bai52_bsp/\libhal_bsp.a(alt_errno.o)
 .debug_info    0x0000424f      0x137 ../bai52_bsp/\libhal_bsp.a(alt_icache_flush_all.o)
 .debug_info    0x00004386      0x46e ../bai52_bsp/\libhal_bsp.a(alt_iic.o)
 .debug_info    0x000047f4      0x2ef ../bai52_bsp/\libhal_bsp.a(alt_iic_isr_register.o)
 .debug_info    0x00004ae3      0x670 ../bai52_bsp/\libhal_bsp.a(alt_io_redirect.o)
 .debug_info    0x00005153       0x5f ../bai52_bsp/\libhal_bsp.a(alt_irq_entry.o)
 .debug_info    0x000051b2      0x250 ../bai52_bsp/\libhal_bsp.a(alt_irq_handler.o)
 .debug_info    0x00005402      0x142 ../bai52_bsp/\libhal_bsp.a(alt_irq_vars.o)
 .debug_info    0x00005544      0x500 ../bai52_bsp/\libhal_bsp.a(alt_open.o)
 .debug_info    0x00005a44      0x3cd ../bai52_bsp/\libhal_bsp.a(alt_release_fd.o)
 .debug_info    0x00005e11      0x3d9 ../bai52_bsp/\libhal_bsp.a(alt_tick.o)
 .debug_info    0x000061ea      0x13e ../bai52_bsp/\libhal_bsp.a(altera_nios2_qsys_irq.o)
 .debug_info    0x00006328       0x65 ../bai52_bsp/\libhal_bsp.a(alt_exception_entry.o)
 .debug_info    0x0000638d      0x3f3 ../bai52_bsp/\libhal_bsp.a(alt_find_dev.o)
 .debug_info    0x00006780      0x3fa ../bai52_bsp/\libhal_bsp.a(alt_find_file.o)
 .debug_info    0x00006b7a      0x43b ../bai52_bsp/\libhal_bsp.a(alt_get_fd.o)
 .debug_info    0x00006fb5      0x181 c:/altera/13.0sp1/nios2eds/bin/gnu/h-i686-mingw32/bin/../lib/gcc/nios2-elf/4.1.2/../../../../nios2-elf/lib/mno-hw-mul\libc.a(lib_a-atexit.o)
 .debug_info    0x00007136      0x93f c:/altera/13.0sp1/nios2eds/bin/gnu/h-i686-mingw32/bin/../lib/gcc/nios2-elf/4.1.2/../../../../nios2-elf/lib/mno-hw-mul\libc.a(lib_a-exit.o)
 .debug_info    0x00007a75      0x93d c:/altera/13.0sp1/nios2eds/bin/gnu/h-i686-mingw32/bin/../lib/gcc/nios2-elf/4.1.2/../../../../nios2-elf/lib/mno-hw-mul\libc.a(lib_a-impure.o)
 .debug_info    0x000083b2       0x8c c:/altera/13.0sp1/nios2eds/bin/gnu/h-i686-mingw32/bin/../lib/gcc/nios2-elf/4.1.2/../../../../nios2-elf/lib/mno-hw-mul\libc.a(lib_a-int_errno.o)
 .debug_info    0x0000843e      0x115 c:/altera/13.0sp1/nios2eds/bin/gnu/h-i686-mingw32/bin/../lib/gcc/nios2-elf/4.1.2/../../../../nios2-elf/lib/mno-hw-mul\libc.a(lib_a-memcmp.o)
 .debug_info    0x00008553      0x106 c:/altera/13.0sp1/nios2eds/bin/gnu/h-i686-mingw32/bin/../lib/gcc/nios2-elf/4.1.2/../../../../nios2-elf/lib/mno-hw-mul\libc.a(lib_a-memcpy.o)
 .debug_info    0x00008659       0xdb c:/altera/13.0sp1/nios2eds/bin/gnu/h-i686-mingw32/bin/../lib/gcc/nios2-elf/4.1.2/../../../../nios2-elf/lib/mno-hw-mul\libc.a(lib_a-strlen.o)
 .debug_info    0x00008734      0x99c c:/altera/13.0sp1/nios2eds/bin/gnu/h-i686-mingw32/bin/../lib/gcc/nios2-elf/4.1.2/../../../../nios2-elf/lib/mno-hw-mul\libc.a(lib_a-__atexit.o)
 .debug_info    0x000090d0      0x9e2 c:/altera/13.0sp1/nios2eds/bin/gnu/h-i686-mingw32/bin/../lib/gcc/nios2-elf/4.1.2/../../../../nios2-elf/lib/mno-hw-mul\libc.a(lib_a-__call_atexit.o)
 .debug_info    0x00009ab2      0x168 ../bai52_bsp/\libhal_bsp.a(alt_exit.o)

.debug_abbrev   0x00000000     0x2571
 *(.debug_abbrev)
 .debug_abbrev  0x00000000       0x12 ../bai52_bsp//obj/HAL/src/crt0.o
 .debug_abbrev  0x00000012       0xbe obj/default/bai52.o
 .debug_abbrev  0x000000d0       0xe0 c:/altera/13.0sp1/nios2eds/bin/gnu/h-i686-mingw32/bin/../lib/gcc/nios2-elf/4.1.2/mno-hw-mul\libgcc.a(lib2-divmod.o)
 .debug_abbrev  0x000001b0       0x7b c:/altera/13.0sp1/nios2eds/bin/gnu/h-i686-mingw32/bin/../lib/gcc/nios2-elf/4.1.2/mno-hw-mul\libgcc.a(lib2-mul.o)
 .debug_abbrev  0x0000022b       0x88 ../bai52_bsp/\libhal_bsp.a(alt_load.o)
 .debug_abbrev  0x000002b3       0xb7 ../bai52_bsp/\libhal_bsp.a(alt_main.o)
 .debug_abbrev  0x0000036a      0x142 ../bai52_bsp/\libhal_bsp.a(alt_sys_init.o)
 .debug_abbrev  0x000004ac       0xf7 ../bai52_bsp/\libhal_bsp.a(altera_avalon_jtag_uart_fd.o)
 .debug_abbrev  0x000005a3      0x17c ../bai52_bsp/\libhal_bsp.a(altera_avalon_jtag_uart_init.o)
 .debug_abbrev  0x0000071f       0xf0 ../bai52_bsp/\libhal_bsp.a(altera_avalon_jtag_uart_ioctl.o)
 .debug_abbrev  0x0000080f      0x191 ../bai52_bsp/\libhal_bsp.a(altera_avalon_jtag_uart_read.o)
 .debug_abbrev  0x000009a0      0x18d ../bai52_bsp/\libhal_bsp.a(altera_avalon_jtag_uart_write.o)
 .debug_abbrev  0x00000b2d      0x172 ../bai52_bsp/\libhal_bsp.a(alt_alarm_start.o)
 .debug_abbrev  0x00000c9f       0xfb ../bai52_bsp/\libhal_bsp.a(alt_close.o)
 .debug_abbrev  0x00000d9a       0x3f ../bai52_bsp/\libhal_bsp.a(alt_dcache_flush_all.o)
 .debug_abbrev  0x00000dd9       0xc7 ../bai52_bsp/\libhal_bsp.a(alt_dev.o)
 .debug_abbrev  0x00000ea0       0xf6 ../bai52_bsp/\libhal_bsp.a(alt_dev_llist_insert.o)
 .debug_abbrev  0x00000f96       0x76 ../bai52_bsp/\libhal_bsp.a(alt_do_ctors.o)
 .debug_abbrev  0x0000100c       0x76 ../bai52_bsp/\libhal_bsp.a(alt_do_dtors.o)
 .debug_abbrev  0x00001082       0x5e ../bai52_bsp/\libhal_bsp.a(alt_errno.o)
 .debug_abbrev  0x000010e0       0x3f ../bai52_bsp/\libhal_bsp.a(alt_icache_flush_all.o)
 .debug_abbrev  0x0000111f      0x134 ../bai52_bsp/\libhal_bsp.a(alt_iic.o)
 .debug_abbrev  0x00001253      0x14e ../bai52_bsp/\libhal_bsp.a(alt_iic_isr_register.o)
 .debug_abbrev  0x000013a1       0xf0 ../bai52_bsp/\libhal_bsp.a(alt_io_redirect.o)
 .debug_abbrev  0x00001491       0x12 ../bai52_bsp/\libhal_bsp.a(alt_irq_entry.o)
 .debug_abbrev  0x000014a3      0x10c ../bai52_bsp/\libhal_bsp.a(alt_irq_handler.o)
 .debug_abbrev  0x000015af       0x44 ../bai52_bsp/\libhal_bsp.a(alt_irq_vars.o)
 .debug_abbrev  0x000015f3      0x112 ../bai52_bsp/\libhal_bsp.a(alt_open.o)
 .debug_abbrev  0x00001705       0xc1 ../bai52_bsp/\libhal_bsp.a(alt_release_fd.o)
 .debug_abbrev  0x000017c6      0x150 ../bai52_bsp/\libhal_bsp.a(alt_tick.o)
 .debug_abbrev  0x00001916       0x3f ../bai52_bsp/\libhal_bsp.a(altera_nios2_qsys_irq.o)
 .debug_abbrev  0x00001955       0x12 ../bai52_bsp/\libhal_bsp.a(alt_exception_entry.o)
 .debug_abbrev  0x00001967       0xcf ../bai52_bsp/\libhal_bsp.a(alt_find_dev.o)
 .debug_abbrev  0x00001a36       0xcf ../bai52_bsp/\libhal_bsp.a(alt_find_file.o)
 .debug_abbrev  0x00001b05       0xfb ../bai52_bsp/\libhal_bsp.a(alt_get_fd.o)
 .debug_abbrev  0x00001c00       0xb7 c:/altera/13.0sp1/nios2eds/bin/gnu/h-i686-mingw32/bin/../lib/gcc/nios2-elf/4.1.2/../../../../nios2-elf/lib/mno-hw-mul\libc.a(lib_a-atexit.o)
 .debug_abbrev  0x00001cb7      0x16e c:/altera/13.0sp1/nios2eds/bin/gnu/h-i686-mingw32/bin/../lib/gcc/nios2-elf/4.1.2/../../../../nios2-elf/lib/mno-hw-mul\libc.a(lib_a-exit.o)
 .debug_abbrev  0x00001e25      0x157 c:/altera/13.0sp1/nios2eds/bin/gnu/h-i686-mingw32/bin/../lib/gcc/nios2-elf/4.1.2/../../../../nios2-elf/lib/mno-hw-mul\libc.a(lib_a-impure.o)
 .debug_abbrev  0x00001f7c       0x3b c:/altera/13.0sp1/nios2eds/bin/gnu/h-i686-mingw32/bin/../lib/gcc/nios2-elf/4.1.2/../../../../nios2-elf/lib/mno-hw-mul\libc.a(lib_a-int_errno.o)
 .debug_abbrev  0x00001fb7       0x7c c:/altera/13.0sp1/nios2eds/bin/gnu/h-i686-mingw32/bin/../lib/gcc/nios2-elf/4.1.2/../../../../nios2-elf/lib/mno-hw-mul\libc.a(lib_a-memcmp.o)
 .debug_abbrev  0x00002033       0xb5 c:/altera/13.0sp1/nios2eds/bin/gnu/h-i686-mingw32/bin/../lib/gcc/nios2-elf/4.1.2/../../../../nios2-elf/lib/mno-hw-mul\libc.a(lib_a-memcpy.o)
 .debug_abbrev  0x000020e8       0x8b c:/altera/13.0sp1/nios2eds/bin/gnu/h-i686-mingw32/bin/../lib/gcc/nios2-elf/4.1.2/../../../../nios2-elf/lib/mno-hw-mul\libc.a(lib_a-strlen.o)
 .debug_abbrev  0x00002173      0x1ae c:/altera/13.0sp1/nios2eds/bin/gnu/h-i686-mingw32/bin/../lib/gcc/nios2-elf/4.1.2/../../../../nios2-elf/lib/mno-hw-mul\libc.a(lib_a-__atexit.o)
 .debug_abbrev  0x00002321      0x1de c:/altera/13.0sp1/nios2eds/bin/gnu/h-i686-mingw32/bin/../lib/gcc/nios2-elf/4.1.2/../../../../nios2-elf/lib/mno-hw-mul\libc.a(lib_a-__call_atexit.o)
 .debug_abbrev  0x000024ff       0x72 ../bai52_bsp/\libhal_bsp.a(alt_exit.o)

.debug_line     0x00000000     0x63e9
 *(.debug_line)
 .debug_line    0x00000000       0x66 ../bai52_bsp//obj/HAL/src/crt0.o
 .debug_line    0x00000066      0x341 obj/default/bai52.o
 .debug_line    0x000003a7      0x24f c:/altera/13.0sp1/nios2eds/bin/gnu/h-i686-mingw32/bin/../lib/gcc/nios2-elf/4.1.2/mno-hw-mul\libgcc.a(lib2-divmod.o)
 .debug_line    0x000005f6      0x11a c:/altera/13.0sp1/nios2eds/bin/gnu/h-i686-mingw32/bin/../lib/gcc/nios2-elf/4.1.2/mno-hw-mul\libgcc.a(lib2-mul.o)
 .debug_line    0x00000710      0x217 ../bai52_bsp/\libhal_bsp.a(alt_load.o)
 .debug_line    0x00000927      0x2ca ../bai52_bsp/\libhal_bsp.a(alt_main.o)
 .debug_line    0x00000bf1      0x2a6 ../bai52_bsp/\libhal_bsp.a(alt_sys_init.o)
 .debug_line    0x00000e97      0x217 ../bai52_bsp/\libhal_bsp.a(altera_avalon_jtag_uart_fd.o)
 .debug_line    0x000010ae      0x4ab ../bai52_bsp/\libhal_bsp.a(altera_avalon_jtag_uart_init.o)
 .debug_line    0x00001559      0x317 ../bai52_bsp/\libhal_bsp.a(altera_avalon_jtag_uart_ioctl.o)
 .debug_line    0x00001870      0x3f7 ../bai52_bsp/\libhal_bsp.a(altera_avalon_jtag_uart_read.o)
 .debug_line    0x00001c67      0x405 ../bai52_bsp/\libhal_bsp.a(altera_avalon_jtag_uart_write.o)
 .debug_line    0x0000206c      0x2dc ../bai52_bsp/\libhal_bsp.a(alt_alarm_start.o)
 .debug_line    0x00002348      0x299 ../bai52_bsp/\libhal_bsp.a(alt_close.o)
 .debug_line    0x000025e1      0x1b5 ../bai52_bsp/\libhal_bsp.a(alt_dcache_flush_all.o)
 .debug_line    0x00002796      0x254 ../bai52_bsp/\libhal_bsp.a(alt_dev.o)
 .debug_line    0x000029ea      0x25a ../bai52_bsp/\libhal_bsp.a(alt_dev_llist_insert.o)
 .debug_line    0x00002c44       0x83 ../bai52_bsp/\libhal_bsp.a(alt_do_ctors.o)
 .debug_line    0x00002cc7       0x83 ../bai52_bsp/\libhal_bsp.a(alt_do_dtors.o)
 .debug_line    0x00002d4a      0x1aa ../bai52_bsp/\libhal_bsp.a(alt_errno.o)
 .debug_line    0x00002ef4      0x1b5 ../bai52_bsp/\libhal_bsp.a(alt_icache_flush_all.o)
 .debug_line    0x000030a9      0x2c8 ../bai52_bsp/\libhal_bsp.a(alt_iic.o)
 .debug_line    0x00003371      0x249 ../bai52_bsp/\libhal_bsp.a(alt_iic_isr_register.o)
 .debug_line    0x000035ba      0x2b4 ../bai52_bsp/\libhal_bsp.a(alt_io_redirect.o)
 .debug_line    0x0000386e       0x6b ../bai52_bsp/\libhal_bsp.a(alt_irq_entry.o)
 .debug_line    0x000038d9      0x248 ../bai52_bsp/\libhal_bsp.a(alt_irq_handler.o)
 .debug_line    0x00003b21       0x72 ../bai52_bsp/\libhal_bsp.a(alt_irq_vars.o)
 .debug_line    0x00003b93      0x2ff ../bai52_bsp/\libhal_bsp.a(alt_open.o)
 .debug_line    0x00003e92       0xed ../bai52_bsp/\libhal_bsp.a(alt_release_fd.o)
 .debug_line    0x00003f7f      0x2dc ../bai52_bsp/\libhal_bsp.a(alt_tick.o)
 .debug_line    0x0000425b      0x1ce ../bai52_bsp/\libhal_bsp.a(altera_nios2_qsys_irq.o)
 .debug_line    0x00004429       0xab ../bai52_bsp/\libhal_bsp.a(alt_exception_entry.o)
 .debug_line    0x000044d4      0x26b ../bai52_bsp/\libhal_bsp.a(alt_find_dev.o)
 .debug_line    0x0000473f      0x27c ../bai52_bsp/\libhal_bsp.a(alt_find_file.o)
 .debug_line    0x000049bb      0x297 ../bai52_bsp/\libhal_bsp.a(alt_get_fd.o)
 .debug_line    0x00004c52      0x203 c:/altera/13.0sp1/nios2eds/bin/gnu/h-i686-mingw32/bin/../lib/gcc/nios2-elf/4.1.2/../../../../nios2-elf/lib/mno-hw-mul\libc.a(lib_a-atexit.o)
 .debug_line    0x00004e55      0x23b c:/altera/13.0sp1/nios2eds/bin/gnu/h-i686-mingw32/bin/../lib/gcc/nios2-elf/4.1.2/../../../../nios2-elf/lib/mno-hw-mul\libc.a(lib_a-exit.o)
 .debug_line    0x00005090      0x230 c:/altera/13.0sp1/nios2eds/bin/gnu/h-i686-mingw32/bin/../lib/gcc/nios2-elf/4.1.2/../../../../nios2-elf/lib/mno-hw-mul\libc.a(lib_a-impure.o)
 .debug_line    0x000052c0      0x1e2 c:/altera/13.0sp1/nios2eds/bin/gnu/h-i686-mingw32/bin/../lib/gcc/nios2-elf/4.1.2/../../../../nios2-elf/lib/mno-hw-mul\libc.a(lib_a-int_errno.o)
 .debug_line    0x000054a2      0x2a2 c:/altera/13.0sp1/nios2eds/bin/gnu/h-i686-mingw32/bin/../lib/gcc/nios2-elf/4.1.2/../../../../nios2-elf/lib/mno-hw-mul\libc.a(lib_a-memcmp.o)
 .debug_line    0x00005744      0x1af c:/altera/13.0sp1/nios2eds/bin/gnu/h-i686-mingw32/bin/../lib/gcc/nios2-elf/4.1.2/../../../../nios2-elf/lib/mno-hw-mul\libc.a(lib_a-memcpy.o)
 .debug_line    0x000058f3      0x270 c:/altera/13.0sp1/nios2eds/bin/gnu/h-i686-mingw32/bin/../lib/gcc/nios2-elf/4.1.2/../../../../nios2-elf/lib/mno-hw-mul\libc.a(lib_a-strlen.o)
 .debug_line    0x00005b63      0x316 c:/altera/13.0sp1/nios2eds/bin/gnu/h-i686-mingw32/bin/../lib/gcc/nios2-elf/4.1.2/../../../../nios2-elf/lib/mno-hw-mul\libc.a(lib_a-__atexit.o)
 .debug_line    0x00005e79      0x36a c:/altera/13.0sp1/nios2eds/bin/gnu/h-i686-mingw32/bin/../lib/gcc/nios2-elf/4.1.2/../../../../nios2-elf/lib/mno-hw-mul\libc.a(lib_a-__call_atexit.o)
 .debug_line    0x000061e3      0x206 ../bai52_bsp/\libhal_bsp.a(alt_exit.o)

.debug_frame    0x00000000      0x964
 *(.debug_frame)
 .debug_frame   0x00000000       0xb8 obj/default/bai52.o
 .debug_frame   0x000000b8       0x70 c:/altera/13.0sp1/nios2eds/bin/gnu/h-i686-mingw32/bin/../lib/gcc/nios2-elf/4.1.2/mno-hw-mul\libgcc.a(lib2-divmod.o)
 .debug_frame   0x00000128       0x20 c:/altera/13.0sp1/nios2eds/bin/gnu/h-i686-mingw32/bin/../lib/gcc/nios2-elf/4.1.2/mno-hw-mul\libgcc.a(lib2-mul.o)
 .debug_frame   0x00000148       0x48 ../bai52_bsp/\libhal_bsp.a(alt_load.o)
 .debug_frame   0x00000190       0x2c ../bai52_bsp/\libhal_bsp.a(alt_main.o)
 .debug_frame   0x000001bc       0x64 ../bai52_bsp/\libhal_bsp.a(alt_sys_init.o)
 .debug_frame   0x00000220       0x80 ../bai52_bsp/\libhal_bsp.a(altera_avalon_jtag_uart_fd.o)
 .debug_frame   0x000002a0       0x80 ../bai52_bsp/\libhal_bsp.a(altera_avalon_jtag_uart_init.o)
 .debug_frame   0x00000320       0x2c ../bai52_bsp/\libhal_bsp.a(altera_avalon_jtag_uart_ioctl.o)
 .debug_frame   0x0000034c       0x2c ../bai52_bsp/\libhal_bsp.a(altera_avalon_jtag_uart_read.o)
 .debug_frame   0x00000378       0x2c ../bai52_bsp/\libhal_bsp.a(altera_avalon_jtag_uart_write.o)
 .debug_frame   0x000003a4       0x2c ../bai52_bsp/\libhal_bsp.a(alt_alarm_start.o)
 .debug_frame   0x000003d0       0x48 ../bai52_bsp/\libhal_bsp.a(alt_close.o)
 .debug_frame   0x00000418       0x2c ../bai52_bsp/\libhal_bsp.a(alt_dcache_flush_all.o)
 .debug_frame   0x00000444       0x2c ../bai52_bsp/\libhal_bsp.a(alt_dev.o)
 .debug_frame   0x00000470       0x48 ../bai52_bsp/\libhal_bsp.a(alt_dev_llist_insert.o)
 .debug_frame   0x000004b8       0x2c ../bai52_bsp/\libhal_bsp.a(alt_do_ctors.o)
 .debug_frame   0x000004e4       0x2c ../bai52_bsp/\libhal_bsp.a(alt_do_dtors.o)
 .debug_frame   0x00000510       0x2c ../bai52_bsp/\libhal_bsp.a(alt_icache_flush_all.o)
 .debug_frame   0x0000053c       0x80 ../bai52_bsp/\libhal_bsp.a(alt_iic.o)
 .debug_frame   0x000005bc       0x2c ../bai52_bsp/\libhal_bsp.a(alt_iic_isr_register.o)
 .debug_frame   0x000005e8       0x4c ../bai52_bsp/\libhal_bsp.a(alt_io_redirect.o)
 .debug_frame   0x00000634       0x2c ../bai52_bsp/\libhal_bsp.a(alt_irq_handler.o)
 .debug_frame   0x00000660       0x68 ../bai52_bsp/\libhal_bsp.a(alt_open.o)
 .debug_frame   0x000006c8       0x30 ../bai52_bsp/\libhal_bsp.a(alt_release_fd.o)
 .debug_frame   0x000006f8       0x48 ../bai52_bsp/\libhal_bsp.a(alt_tick.o)
 .debug_frame   0x00000740       0x2c ../bai52_bsp/\libhal_bsp.a(altera_nios2_qsys_irq.o)
 .debug_frame   0x0000076c       0x2c ../bai52_bsp/\libhal_bsp.a(alt_find_dev.o)
 .debug_frame   0x00000798       0x2c ../bai52_bsp/\libhal_bsp.a(alt_find_file.o)
 .debug_frame   0x000007c4       0x30 ../bai52_bsp/\libhal_bsp.a(alt_get_fd.o)
 .debug_frame   0x000007f4       0x20 c:/altera/13.0sp1/nios2eds/bin/gnu/h-i686-mingw32/bin/../lib/gcc/nios2-elf/4.1.2/../../../../nios2-elf/lib/mno-hw-mul\libc.a(lib_a-atexit.o)
 .debug_frame   0x00000814       0x28 c:/altera/13.0sp1/nios2eds/bin/gnu/h-i686-mingw32/bin/../lib/gcc/nios2-elf/4.1.2/../../../../nios2-elf/lib/mno-hw-mul\libc.a(lib_a-exit.o)
 .debug_frame   0x0000083c       0x20 c:/altera/13.0sp1/nios2eds/bin/gnu/h-i686-mingw32/bin/../lib/gcc/nios2-elf/4.1.2/../../../../nios2-elf/lib/mno-hw-mul\libc.a(lib_a-memcmp.o)
 .debug_frame   0x0000085c       0x20 c:/altera/13.0sp1/nios2eds/bin/gnu/h-i686-mingw32/bin/../lib/gcc/nios2-elf/4.1.2/../../../../nios2-elf/lib/mno-hw-mul\libc.a(lib_a-memcpy.o)
 .debug_frame   0x0000087c       0x20 c:/altera/13.0sp1/nios2eds/bin/gnu/h-i686-mingw32/bin/../lib/gcc/nios2-elf/4.1.2/../../../../nios2-elf/lib/mno-hw-mul\libc.a(lib_a-strlen.o)
 .debug_frame   0x0000089c       0x34 c:/altera/13.0sp1/nios2eds/bin/gnu/h-i686-mingw32/bin/../lib/gcc/nios2-elf/4.1.2/../../../../nios2-elf/lib/mno-hw-mul\libc.a(lib_a-__atexit.o)
 .debug_frame   0x000008d0       0x4c c:/altera/13.0sp1/nios2eds/bin/gnu/h-i686-mingw32/bin/../lib/gcc/nios2-elf/4.1.2/../../../../nios2-elf/lib/mno-hw-mul\libc.a(lib_a-__call_atexit.o)
 .debug_frame   0x0000091c       0x48 ../bai52_bsp/\libhal_bsp.a(alt_exit.o)

.debug_str      0x00000000      0xc11
 *(.debug_str)
 .debug_str     0x00000000       0x12 obj/default/bai52.o
 .debug_str     0x00000012      0x167 c:/altera/13.0sp1/nios2eds/bin/gnu/h-i686-mingw32/bin/../lib/gcc/nios2-elf/4.1.2/mno-hw-mul\libgcc.a(lib2-divmod.o)
                                0x1b4 (size before relaxing)
 .debug_str     0x00000179       0x37 c:/altera/13.0sp1/nios2eds/bin/gnu/h-i686-mingw32/bin/../lib/gcc/nios2-elf/4.1.2/mno-hw-mul\libgcc.a(lib2-mul.o)
                                0x175 (size before relaxing)
 .debug_str     0x000001b0       0x12 ../bai52_bsp/\libhal_bsp.a(alt_load.o)
 .debug_str     0x000001c2       0x12 ../bai52_bsp/\libhal_bsp.a(alt_main.o)
 .debug_str     0x000001d4       0x12 ../bai52_bsp/\libhal_bsp.a(alt_sys_init.o)
 .debug_str     0x000001e6       0x12 ../bai52_bsp/\libhal_bsp.a(altera_avalon_jtag_uart_fd.o)
 .debug_str     0x000001f8       0x1a ../bai52_bsp/\libhal_bsp.a(altera_avalon_jtag_uart_init.o)
 .debug_str     0x00000212       0x12 ../bai52_bsp/\libhal_bsp.a(altera_avalon_jtag_uart_ioctl.o)
 .debug_str     0x00000224       0x1a ../bai52_bsp/\libhal_bsp.a(altera_avalon_jtag_uart_read.o)
 .debug_str     0x0000023e       0x1a ../bai52_bsp/\libhal_bsp.a(altera_avalon_jtag_uart_write.o)
 .debug_str     0x00000258       0x23 ../bai52_bsp/\libhal_bsp.a(alt_alarm_start.o)
 .debug_str     0x0000027b       0x12 ../bai52_bsp/\libhal_bsp.a(alt_close.o)
 .debug_str     0x0000028d       0x12 ../bai52_bsp/\libhal_bsp.a(alt_dcache_flush_all.o)
 .debug_str     0x0000029f       0x12 ../bai52_bsp/\libhal_bsp.a(alt_dev.o)
 .debug_str     0x000002b1       0x12 ../bai52_bsp/\libhal_bsp.a(alt_dev_llist_insert.o)
 .debug_str     0x000002c3       0x12 ../bai52_bsp/\libhal_bsp.a(alt_errno.o)
 .debug_str     0x000002d5       0x12 ../bai52_bsp/\libhal_bsp.a(alt_icache_flush_all.o)
 .debug_str     0x000002e7       0x18 ../bai52_bsp/\libhal_bsp.a(alt_iic.o)
 .debug_str     0x000002ff       0x1a ../bai52_bsp/\libhal_bsp.a(alt_iic_isr_register.o)
 .debug_str     0x00000319       0x12 ../bai52_bsp/\libhal_bsp.a(alt_io_redirect.o)
 .debug_str     0x0000032b       0x12 ../bai52_bsp/\libhal_bsp.a(alt_irq_handler.o)
 .debug_str     0x0000033d       0x12 ../bai52_bsp/\libhal_bsp.a(alt_open.o)
 .debug_str     0x0000034f       0x1a ../bai52_bsp/\libhal_bsp.a(alt_tick.o)
 .debug_str     0x00000369       0x12 ../bai52_bsp/\libhal_bsp.a(altera_nios2_qsys_irq.o)
 .debug_str     0x0000037b       0x12 ../bai52_bsp/\libhal_bsp.a(alt_find_dev.o)
 .debug_str     0x0000038d       0x12 ../bai52_bsp/\libhal_bsp.a(alt_find_file.o)
 .debug_str     0x0000039f       0x12 ../bai52_bsp/\libhal_bsp.a(alt_get_fd.o)
 .debug_str     0x000003b1      0x12b c:/altera/13.0sp1/nios2eds/bin/gnu/h-i686-mingw32/bin/../lib/gcc/nios2-elf/4.1.2/../../../../nios2-elf/lib/mno-hw-mul\libc.a(lib_a-atexit.o)
                                0x1cd (size before relaxing)
 .debug_str     0x000004dc      0x387 c:/altera/13.0sp1/nios2eds/bin/gnu/h-i686-mingw32/bin/../lib/gcc/nios2-elf/4.1.2/../../../../nios2-elf/lib/mno-hw-mul\libc.a(lib_a-exit.o)
                                0x51a (size before relaxing)
 .debug_str     0x00000863       0xdf c:/altera/13.0sp1/nios2eds/bin/gnu/h-i686-mingw32/bin/../lib/gcc/nios2-elf/4.1.2/../../../../nios2-elf/lib/mno-hw-mul\libc.a(lib_a-impure.o)
                                0x528 (size before relaxing)
 .debug_str     0x00000942       0x40 c:/altera/13.0sp1/nios2eds/bin/gnu/h-i686-mingw32/bin/../lib/gcc/nios2-elf/4.1.2/../../../../nios2-elf/lib/mno-hw-mul\libc.a(lib_a-int_errno.o)
                                0x171 (size before relaxing)
 .debug_str     0x00000982       0xe3 c:/altera/13.0sp1/nios2eds/bin/gnu/h-i686-mingw32/bin/../lib/gcc/nios2-elf/4.1.2/../../../../nios2-elf/lib/mno-hw-mul\libc.a(lib_a-memcmp.o)
                                0x178 (size before relaxing)
 .debug_str     0x00000a65       0x6c c:/altera/13.0sp1/nios2eds/bin/gnu/h-i686-mingw32/bin/../lib/gcc/nios2-elf/4.1.2/../../../../nios2-elf/lib/mno-hw-mul\libc.a(lib_a-memcpy.o)
                                0x136 (size before relaxing)
 .debug_str     0x00000ad1       0x52 c:/altera/13.0sp1/nios2eds/bin/gnu/h-i686-mingw32/bin/../lib/gcc/nios2-elf/4.1.2/../../../../nios2-elf/lib/mno-hw-mul\libc.a(lib_a-strlen.o)
                                0x18b (size before relaxing)
 .debug_str     0x00000b23       0x54 c:/altera/13.0sp1/nios2eds/bin/gnu/h-i686-mingw32/bin/../lib/gcc/nios2-elf/4.1.2/../../../../nios2-elf/lib/mno-hw-mul\libc.a(lib_a-__atexit.o)
                                0x532 (size before relaxing)
 .debug_str     0x00000b77       0x7e c:/altera/13.0sp1/nios2eds/bin/gnu/h-i686-mingw32/bin/../lib/gcc/nios2-elf/4.1.2/../../../../nios2-elf/lib/mno-hw-mul\libc.a(lib_a-__call_atexit.o)
                                0x55c (size before relaxing)
 .debug_str     0x00000bf5       0x1c ../bai52_bsp/\libhal_bsp.a(alt_exit.o)

.debug_loc      0x00000000     0x1068
 *(.debug_loc)
 .debug_loc     0x00000000      0x102 obj/default/bai52.o
 .debug_loc     0x00000102      0x1d2 c:/altera/13.0sp1/nios2eds/bin/gnu/h-i686-mingw32/bin/../lib/gcc/nios2-elf/4.1.2/mno-hw-mul\libgcc.a(lib2-divmod.o)
 .debug_loc     0x000002d4       0x4f c:/altera/13.0sp1/nios2eds/bin/gnu/h-i686-mingw32/bin/../lib/gcc/nios2-elf/4.1.2/mno-hw-mul\libgcc.a(lib2-mul.o)
 .debug_loc     0x00000323       0x56 ../bai52_bsp/\libhal_bsp.a(alt_load.o)
 .debug_loc     0x00000379       0x2b ../bai52_bsp/\libhal_bsp.a(alt_main.o)
 .debug_loc     0x000003a4       0x81 ../bai52_bsp/\libhal_bsp.a(alt_sys_init.o)
 .debug_loc     0x00000425       0xac ../bai52_bsp/\libhal_bsp.a(altera_avalon_jtag_uart_fd.o)
 .debug_loc     0x000004d1       0xac ../bai52_bsp/\libhal_bsp.a(altera_avalon_jtag_uart_init.o)
 .debug_loc     0x0000057d       0x2b ../bai52_bsp/\libhal_bsp.a(altera_avalon_jtag_uart_ioctl.o)
 .debug_loc     0x000005a8       0x2b ../bai52_bsp/\libhal_bsp.a(altera_avalon_jtag_uart_read.o)
 .debug_loc     0x000005d3       0x2b ../bai52_bsp/\libhal_bsp.a(altera_avalon_jtag_uart_write.o)
 .debug_loc     0x000005fe       0x2b ../bai52_bsp/\libhal_bsp.a(alt_alarm_start.o)
 .debug_loc     0x00000629       0x56 ../bai52_bsp/\libhal_bsp.a(alt_close.o)
 .debug_loc     0x0000067f       0x2b ../bai52_bsp/\libhal_bsp.a(alt_dcache_flush_all.o)
 .debug_loc     0x000006aa       0x2b ../bai52_bsp/\libhal_bsp.a(alt_dev.o)
 .debug_loc     0x000006d5       0x56 ../bai52_bsp/\libhal_bsp.a(alt_dev_llist_insert.o)
 .debug_loc     0x0000072b       0x2b ../bai52_bsp/\libhal_bsp.a(alt_do_ctors.o)
 .debug_loc     0x00000756       0x2b ../bai52_bsp/\libhal_bsp.a(alt_do_dtors.o)
 .debug_loc     0x00000781       0x2b ../bai52_bsp/\libhal_bsp.a(alt_icache_flush_all.o)
 .debug_loc     0x000007ac       0xac ../bai52_bsp/\libhal_bsp.a(alt_iic.o)
 .debug_loc     0x00000858       0x2b ../bai52_bsp/\libhal_bsp.a(alt_iic_isr_register.o)
 .debug_loc     0x00000883       0x56 ../bai52_bsp/\libhal_bsp.a(alt_io_redirect.o)
 .debug_loc     0x000008d9       0x2b ../bai52_bsp/\libhal_bsp.a(alt_irq_handler.o)
 .debug_loc     0x00000904       0x81 ../bai52_bsp/\libhal_bsp.a(alt_open.o)
 .debug_loc     0x00000985       0x2b ../bai52_bsp/\libhal_bsp.a(alt_release_fd.o)
 .debug_loc     0x000009b0       0x56 ../bai52_bsp/\libhal_bsp.a(alt_tick.o)
 .debug_loc     0x00000a06       0x2b ../bai52_bsp/\libhal_bsp.a(altera_nios2_qsys_irq.o)
 .debug_loc     0x00000a31       0x2b ../bai52_bsp/\libhal_bsp.a(alt_find_dev.o)
 .debug_loc     0x00000a5c       0x2b ../bai52_bsp/\libhal_bsp.a(alt_find_file.o)
 .debug_loc     0x00000a87       0x2b ../bai52_bsp/\libhal_bsp.a(alt_get_fd.o)
 .debug_loc     0x00000ab2       0x1e c:/altera/13.0sp1/nios2eds/bin/gnu/h-i686-mingw32/bin/../lib/gcc/nios2-elf/4.1.2/../../../../nios2-elf/lib/mno-hw-mul\libc.a(lib_a-atexit.o)
 .debug_loc     0x00000ad0       0x3d c:/altera/13.0sp1/nios2eds/bin/gnu/h-i686-mingw32/bin/../lib/gcc/nios2-elf/4.1.2/../../../../nios2-elf/lib/mno-hw-mul\libc.a(lib_a-exit.o)
 .debug_loc     0x00000b0d      0x114 c:/altera/13.0sp1/nios2eds/bin/gnu/h-i686-mingw32/bin/../lib/gcc/nios2-elf/4.1.2/../../../../nios2-elf/lib/mno-hw-mul\libc.a(lib_a-memcmp.o)
 .debug_loc     0x00000c21       0xca c:/altera/13.0sp1/nios2eds/bin/gnu/h-i686-mingw32/bin/../lib/gcc/nios2-elf/4.1.2/../../../../nios2-elf/lib/mno-hw-mul\libc.a(lib_a-memcpy.o)
 .debug_loc     0x00000ceb       0x3c c:/altera/13.0sp1/nios2eds/bin/gnu/h-i686-mingw32/bin/../lib/gcc/nios2-elf/4.1.2/../../../../nios2-elf/lib/mno-hw-mul\libc.a(lib_a-strlen.o)
 .debug_loc     0x00000d27      0x120 c:/altera/13.0sp1/nios2eds/bin/gnu/h-i686-mingw32/bin/../lib/gcc/nios2-elf/4.1.2/../../../../nios2-elf/lib/mno-hw-mul\libc.a(lib_a-__atexit.o)
 .debug_loc     0x00000e47      0x1cb c:/altera/13.0sp1/nios2eds/bin/gnu/h-i686-mingw32/bin/../lib/gcc/nios2-elf/4.1.2/../../../../nios2-elf/lib/mno-hw-mul\libc.a(lib_a-__call_atexit.o)
 .debug_loc     0x00001012       0x56 ../bai52_bsp/\libhal_bsp.a(alt_exit.o)

.debug_macinfo
 *(.debug_macinfo)

.debug_weaknames
 *(.debug_weaknames)

.debug_funcnames
 *(.debug_funcnames)

.debug_typenames
 *(.debug_typenames)

.debug_varnames
 *(.debug_varnames)

.debug_alt_sim_info
                0x00000000       0x10
 *(.debug_alt_sim_info)
 .debug_alt_sim_info
                0x00000000       0x10 ../bai52_bsp//obj/HAL/src/crt0.o
                0x00010000                __alt_data_end = 0x10000
                0x00010000                PROVIDE (__alt_stack_pointer, __alt_data_end)
                0x0000d8a0                PROVIDE (__alt_stack_limit, __alt_stack_base)
                0x0000d8a0                PROVIDE (__alt_heap_start, end)
                0x00010000                PROVIDE (__alt_heap_limit, 0x10000)
OUTPUT(bai52.elf elf32-littlenios2)

.debug_ranges   0x00000000       0x90
 .debug_ranges  0x00000000       0x20 ../bai52_bsp//obj/HAL/src/crt0.o
 .debug_ranges  0x00000020       0x28 ../bai52_bsp/\libhal_bsp.a(alt_irq_entry.o)
 .debug_ranges  0x00000048       0x30 ../bai52_bsp/\libhal_bsp.a(alt_exception_entry.o)
 .debug_ranges  0x00000078       0x18 c:/altera/13.0sp1/nios2eds/bin/gnu/h-i686-mingw32/bin/../lib/gcc/nios2-elf/4.1.2/../../../../nios2-elf/lib/mno-hw-mul\libc.a(lib_a-__call_atexit.o)
