Archive member included because of file (symbol)

d:/quartus/nios2eds/bin/gnu/h-i686-mingw32/bin/../lib/gcc/nios2-elf/4.1.2/../../../../nios2-elf/lib/mno-hw-mul\libsmallc.a(lib_a-printf.o)
                              obj/default/hello_world.o (printf)
d:/quartus/nios2eds/bin/gnu/h-i686-mingw32/bin/../lib/gcc/nios2-elf/4.1.2/../../../../nios2-elf/lib/mno-hw-mul\libsmallc.a(lib_a-vfprintf.o)
                              d:/quartus/nios2eds/bin/gnu/h-i686-mingw32/bin/../lib/gcc/nios2-elf/4.1.2/../../../../nios2-elf/lib/mno-hw-mul\libsmallc.a(lib_a-printf.o) (___vfprintf_internal_r)
d:/quartus/nios2eds/bin/gnu/h-i686-mingw32/bin/../lib/gcc/nios2-elf/4.1.2/../../../../nios2-elf/lib/mno-hw-mul\libsmallc.a(lib_a-fvwrite_small_dev.o)
                              d:/quartus/nios2eds/bin/gnu/h-i686-mingw32/bin/../lib/gcc/nios2-elf/4.1.2/../../../../nios2-elf/lib/mno-hw-mul\libsmallc.a(lib_a-printf.o) (__sfvwrite_small_dev)
d:/quartus/nios2eds/bin/gnu/h-i686-mingw32/bin/../lib/gcc/nios2-elf/4.1.2/../../../../nios2-elf/lib/mno-hw-mul\libsmallc.a(lib_a-impure.o)
                              d:/quartus/nios2eds/bin/gnu/h-i686-mingw32/bin/../lib/gcc/nios2-elf/4.1.2/../../../../nios2-elf/lib/mno-hw-mul\libsmallc.a(lib_a-printf.o) (_impure_ptr)
d:/quartus/nios2eds/bin/gnu/h-i686-mingw32/bin/../lib/gcc/nios2-elf/4.1.2/../../../../nios2-elf/lib/mno-hw-mul\libsmallc.a(lib_a-strlen.o)
                              d:/quartus/nios2eds/bin/gnu/h-i686-mingw32/bin/../lib/gcc/nios2-elf/4.1.2/../../../../nios2-elf/lib/mno-hw-mul\libsmallc.a(lib_a-vfprintf.o) (strlen)
d:/quartus/nios2eds/bin/gnu/h-i686-mingw32/bin/../lib/gcc/nios2-elf/4.1.2/../../../../nios2-elf/lib/mno-hw-mul\libsmallc.a(lib_a-writer.o)
                              d:/quartus/nios2eds/bin/gnu/h-i686-mingw32/bin/../lib/gcc/nios2-elf/4.1.2/../../../../nios2-elf/lib/mno-hw-mul\libsmallc.a(lib_a-fvwrite_small_dev.o) (_write_r)
d:/quartus/nios2eds/bin/gnu/h-i686-mingw32/bin/../lib/gcc/nios2-elf/4.1.2/../../../../nios2-elf/lib/mno-hw-mul\libsmallc.a(lib_a-int_errno.o)
                              d:/quartus/nios2eds/bin/gnu/h-i686-mingw32/bin/../lib/gcc/nios2-elf/4.1.2/../../../../nios2-elf/lib/mno-hw-mul\libsmallc.a(lib_a-writer.o) (errno)
d:/quartus/nios2eds/bin/gnu/h-i686-mingw32/bin/../lib/gcc/nios2-elf/4.1.2/mno-hw-mul\libgcc.a(lib2-divmod.o)
                              d:/quartus/nios2eds/bin/gnu/h-i686-mingw32/bin/../lib/gcc/nios2-elf/4.1.2/../../../../nios2-elf/lib/mno-hw-mul\libsmallc.a(lib_a-vfprintf.o) (__udivsi3)
d:/quartus/nios2eds/bin/gnu/h-i686-mingw32/bin/../lib/gcc/nios2-elf/4.1.2/mno-hw-mul\libgcc.a(lib2-mul.o)
                              d:/quartus/nios2eds/bin/gnu/h-i686-mingw32/bin/../lib/gcc/nios2-elf/4.1.2/../../../../nios2-elf/lib/mno-hw-mul\libsmallc.a(lib_a-vfprintf.o) (__mulsi3)
../bai1_bsp/\libhal_bsp.a(alt_load.o)
                              ../bai1_bsp//obj/HAL/src/crt0.o (alt_load)
../bai1_bsp/\libhal_bsp.a(alt_main.o)
                              ../bai1_bsp//obj/HAL/src/crt0.o (alt_main)
../bai1_bsp/\libhal_bsp.a(alt_write.o)
                              d:/quartus/nios2eds/bin/gnu/h-i686-mingw32/bin/../lib/gcc/nios2-elf/4.1.2/../../../../nios2-elf/lib/mno-hw-mul\libsmallc.a(lib_a-writer.o) (write)
../bai1_bsp/\libhal_bsp.a(alt_sys_init.o)
                              ../bai1_bsp/\libhal_bsp.a(alt_main.o) (alt_irq_init)
../bai1_bsp/\libhal_bsp.a(altera_avalon_jtag_uart_fd.o)
                              ../bai1_bsp/\libhal_bsp.a(alt_sys_init.o) (altera_avalon_jtag_uart_read_fd)
../bai1_bsp/\libhal_bsp.a(altera_avalon_jtag_uart_read.o)
                              ../bai1_bsp/\libhal_bsp.a(altera_avalon_jtag_uart_fd.o) (altera_avalon_jtag_uart_read)
../bai1_bsp/\libhal_bsp.a(altera_avalon_jtag_uart_write.o)
                              ../bai1_bsp/\libhal_bsp.a(altera_avalon_jtag_uart_fd.o) (altera_avalon_jtag_uart_write)
../bai1_bsp/\libhal_bsp.a(alt_close.o)
                              ../bai1_bsp/\libhal_bsp.a(alt_main.o) (close)
../bai1_bsp/\libhal_bsp.a(alt_dcache_flush_all.o)
                              ../bai1_bsp/\libhal_bsp.a(alt_load.o) (alt_dcache_flush_all)
../bai1_bsp/\libhal_bsp.a(alt_dev.o)
                              ../bai1_bsp/\libhal_bsp.a(alt_sys_init.o) (alt_dev_list)
../bai1_bsp/\libhal_bsp.a(alt_dev_llist_insert.o)
                              ../bai1_bsp/\libhal_bsp.a(alt_sys_init.o) (alt_dev_llist_insert)
../bai1_bsp/\libhal_bsp.a(alt_do_ctors.o)
                              ../bai1_bsp/\libhal_bsp.a(alt_main.o) (_do_ctors)
../bai1_bsp/\libhal_bsp.a(alt_do_dtors.o)
                              ../bai1_bsp/\libhal_bsp.a(alt_main.o) (_do_dtors)
../bai1_bsp/\libhal_bsp.a(alt_errno.o)
                              ../bai1_bsp/\libhal_bsp.a(alt_write.o) (alt_errno)
../bai1_bsp/\libhal_bsp.a(alt_icache_flush_all.o)
                              ../bai1_bsp/\libhal_bsp.a(alt_load.o) (alt_icache_flush_all)
../bai1_bsp/\libhal_bsp.a(alt_io_redirect.o)
                              ../bai1_bsp/\libhal_bsp.a(alt_main.o) (alt_io_redirect)
../bai1_bsp/\libhal_bsp.a(alt_open.o)
                              ../bai1_bsp/\libhal_bsp.a(alt_io_redirect.o) (open)
../bai1_bsp/\libhal_bsp.a(alt_release_fd.o)
                              ../bai1_bsp/\libhal_bsp.a(alt_close.o) (alt_release_fd)
../bai1_bsp/\libhal_bsp.a(altera_nios2_qsys_irq.o)
                              ../bai1_bsp/\libhal_bsp.a(alt_sys_init.o) (altera_nios2_qsys_irq_init)
../bai1_bsp/\libhal_bsp.a(alt_find_dev.o)
                              ../bai1_bsp/\libhal_bsp.a(alt_open.o) (alt_find_dev)
../bai1_bsp/\libhal_bsp.a(alt_find_file.o)
                              ../bai1_bsp/\libhal_bsp.a(alt_open.o) (alt_find_file)
../bai1_bsp/\libhal_bsp.a(alt_get_fd.o)
                              ../bai1_bsp/\libhal_bsp.a(alt_open.o) (alt_get_fd)
d:/quartus/nios2eds/bin/gnu/h-i686-mingw32/bin/../lib/gcc/nios2-elf/4.1.2/../../../../nios2-elf/lib/mno-hw-mul\libsmallc.a(lib_a-atexit.o)
                              ../bai1_bsp/\libhal_bsp.a(alt_main.o) (atexit)
d:/quartus/nios2eds/bin/gnu/h-i686-mingw32/bin/../lib/gcc/nios2-elf/4.1.2/../../../../nios2-elf/lib/mno-hw-mul\libsmallc.a(lib_a-exit.o)
                              ../bai1_bsp/\libhal_bsp.a(alt_main.o) (exit)
d:/quartus/nios2eds/bin/gnu/h-i686-mingw32/bin/../lib/gcc/nios2-elf/4.1.2/../../../../nios2-elf/lib/mno-hw-mul\libsmallc.a(lib_a-memcmp.o)
                              ../bai1_bsp/\libhal_bsp.a(alt_find_dev.o) (memcmp)
d:/quartus/nios2eds/bin/gnu/h-i686-mingw32/bin/../lib/gcc/nios2-elf/4.1.2/../../../../nios2-elf/lib/mno-hw-mul\libsmallc.a(lib_a-__atexit.o)
                              d:/quartus/nios2eds/bin/gnu/h-i686-mingw32/bin/../lib/gcc/nios2-elf/4.1.2/../../../../nios2-elf/lib/mno-hw-mul\libsmallc.a(lib_a-atexit.o) (__register_exitproc)
d:/quartus/nios2eds/bin/gnu/h-i686-mingw32/bin/../lib/gcc/nios2-elf/4.1.2/../../../../nios2-elf/lib/mno-hw-mul\libsmallc.a(lib_a-__call_atexit.o)
                              d:/quartus/nios2eds/bin/gnu/h-i686-mingw32/bin/../lib/gcc/nios2-elf/4.1.2/../../../../nios2-elf/lib/mno-hw-mul\libsmallc.a(lib_a-exit.o) (__call_exitprocs)
../bai1_bsp/\libhal_bsp.a(alt_exit.o)
                              d:/quartus/nios2eds/bin/gnu/h-i686-mingw32/bin/../lib/gcc/nios2-elf/4.1.2/../../../../nios2-elf/lib/mno-hw-mul\libsmallc.a(lib_a-exit.o) (_exit)

Allocating common symbols
Common symbol       size              file

errno               0x4               d:/quartus/nios2eds/bin/gnu/h-i686-mingw32/bin/../lib/gcc/nios2-elf/4.1.2/../../../../nios2-elf/lib/mno-hw-mul\libsmallc.a(lib_a-int_errno.o)
_atexit0            0x8c              d:/quartus/nios2eds/bin/gnu/h-i686-mingw32/bin/../lib/gcc/nios2-elf/4.1.2/../../../../nios2-elf/lib/mno-hw-mul\libsmallc.a(lib_a-atexit.o)

Memory Configuration

Name             Origin             Length             Attributes
reset            0x00008000         0x00000020
onchip_memory2_0 0x00008020         0x00007fe0
*default*        0x00000000         0xffffffff

Linker script and memory map

LOAD ../bai1_bsp//obj/HAL/src/crt0.o
LOAD obj/default/hello_world.o
LOAD d:/quartus/nios2eds/bin/gnu/h-i686-mingw32/bin/../lib/gcc/nios2-elf/4.1.2/../../../../nios2-elf/lib/mno-hw-mul\libstdc++.a
LOAD d:/quartus/nios2eds/bin/gnu/h-i686-mingw32/bin/../lib/gcc/nios2-elf/4.1.2/../../../../nios2-elf/lib/mno-hw-mul\libm.a
LOAD d:/quartus/nios2eds/bin/gnu/h-i686-mingw32/bin/../lib/gcc/nios2-elf/4.1.2/mno-hw-mul\libgcc.a
START GROUP
LOAD d:/quartus/nios2eds/bin/gnu/h-i686-mingw32/bin/../lib/gcc/nios2-elf/4.1.2/../../../../nios2-elf/lib/mno-hw-mul\libsmallc.a
LOAD d:/quartus/nios2eds/bin/gnu/h-i686-mingw32/bin/../lib/gcc/nios2-elf/4.1.2/mno-hw-mul\libgcc.a
LOAD ../bai1_bsp/\libhal_bsp.a
END GROUP
LOAD d:/quartus/nios2eds/bin/gnu/h-i686-mingw32/bin/../lib/gcc/nios2-elf/4.1.2/mno-hw-mul\libgcc.a
                0x00008000                __alt_mem_onchip_memory2_0 = 0x8000

.entry          0x00008000       0x20
 *(.entry)
 .entry         0x00008000       0x20 ../bai1_bsp//obj/HAL/src/crt0.o
                0x00008000                __reset

.exceptions     0x00008020        0x0
                0x00008020                PROVIDE (__ram_exceptions_start, ABSOLUTE (.))
                0x00008020                . = ALIGN (0x20)
 *(.irq)
 *(.exceptions.entry.label)
 *(.exceptions.entry.user)
 *(.exceptions.entry)
 *(.exceptions.irqtest.user)
 *(.exceptions.irqtest)
 *(.exceptions.irqhandler.user)
 *(.exceptions.irqhandler)
 *(.exceptions.irqreturn.user)
 *(.exceptions.irqreturn)
 *(.exceptions.notirq.label)
 *(.exceptions.notirq.user)
 *(.exceptions.notirq)
 *(.exceptions.soft.user)
 *(.exceptions.soft)
 *(.exceptions.unknown.user)
 *(.exceptions.unknown)
 *(.exceptions.exit.label)
 *(.exceptions.exit.user)
 *(.exceptions.exit)
 *(.exceptions)
                0x00008020                PROVIDE (__ram_exceptions_end, ABSOLUTE (.))
                0x00008020                PROVIDE (__flash_exceptions_start, LOADADDR (.exceptions))

.text           0x00008020     0x206c
                0x00008020                PROVIDE (stext, ABSOLUTE (.))
 *(.interp)
 *(.hash)
 *(.dynsym)
 *(.dynstr)
 *(.gnu.version)
 *(.gnu.version_d)
 *(.gnu.version_r)
 *(.rel.init)
 *(.rela.init)
 *(.rel.text .rel.text.* .rel.gnu.linkonce.t.*)
 *(.rela.text .rela.text.* .rela.gnu.linkonce.t.*)
 *(.rel.fini)
 *(.rela.fini)
 *(.rel.rodata .rel.rodata.* .rel.gnu.linkonce.r.*)
 *(.rela.rodata .rela.rodata.* .rela.gnu.linkonce.r.*)
 *(.rel.data .rel.data.* .rel.gnu.linkonce.d.*)
 *(.rela.data .rela.data.* .rela.gnu.linkonce.d.*)
 *(.rel.tdata .rel.tdata.* .rel.gnu.linkonce.td.*)
 *(.rela.tdata .rela.tdata.* .rela.gnu.linkonce.td.*)
 *(.rel.tbss .rel.tbss.* .rel.gnu.linkonce.tb.*)
 *(.rela.tbss .rela.tbss.* .rela.gnu.linkonce.tb.*)
 *(.rel.ctors)
 *(.rela.ctors)
 *(.rel.dtors)
 *(.rela.dtors)
 *(.rel.got)
 *(.rela.got)
 *(.rel.sdata .rel.sdata.* .rel.gnu.linkonce.s.*)
 *(.rela.sdata .rela.sdata.* .rela.gnu.linkonce.s.*)
 *(.rel.sbss .rel.sbss.* .rel.gnu.linkonce.sb.*)
 *(.rela.sbss .rela.sbss.* .rela.gnu.linkonce.sb.*)
 *(.rel.sdata2 .rel.sdata2.* .rel.gnu.linkonce.s2.*)
 *(.rela.sdata2 .rela.sdata2.* .rela.gnu.linkonce.s2.*)
 *(.rel.sbss2 .rel.sbss2.* .rel.gnu.linkonce.sb2.*)
 *(.rela.sbss2 .rela.sbss2.* .rela.gnu.linkonce.sb2.*)
 *(.rel.bss .rel.bss.* .rel.gnu.linkonce.b.*)
 *(.rela.bss .rela.bss.* .rela.gnu.linkonce.b.*)
 *(.rel.plt)
 *(.rela.plt)
 *(.rel.dyn)
 *(.init)
 *(.plt)
 *(.text .stub .text.* .gnu.linkonce.t.*)
 .text          0x00008020       0x3c ../bai1_bsp//obj/HAL/src/crt0.o
                0x00008020                _start
 .text          0x0000805c       0xc0 obj/default/hello_world.o
                0x0000805c                main
 .text          0x0000811c       0x98 d:/quartus/nios2eds/bin/gnu/h-i686-mingw32/bin/../lib/gcc/nios2-elf/4.1.2/../../../../nios2-elf/lib/mno-hw-mul\libsmallc.a(lib_a-printf.o)
                0x0000811c                printf
                0x00008170                _printf_r
 .text          0x000081b4      0x740 d:/quartus/nios2eds/bin/gnu/h-i686-mingw32/bin/../lib/gcc/nios2-elf/4.1.2/../../../../nios2-elf/lib/mno-hw-mul\libsmallc.a(lib_a-vfprintf.o)
                0x00008234                ___vfprintf_internal_r
                0x000088d0                __vfprintf_internal
 .text          0x000088f4       0xbc d:/quartus/nios2eds/bin/gnu/h-i686-mingw32/bin/../lib/gcc/nios2-elf/4.1.2/../../../../nios2-elf/lib/mno-hw-mul\libsmallc.a(lib_a-fvwrite_small_dev.o)
                0x000088f4                __sfvwrite_small_dev
 .text          0x000089b0        0x0 d:/quartus/nios2eds/bin/gnu/h-i686-mingw32/bin/../lib/gcc/nios2-elf/4.1.2/../../../../nios2-elf/lib/mno-hw-mul\libsmallc.a(lib_a-impure.o)
 .text          0x000089b0       0x20 d:/quartus/nios2eds/bin/gnu/h-i686-mingw32/bin/../lib/gcc/nios2-elf/4.1.2/../../../../nios2-elf/lib/mno-hw-mul\libsmallc.a(lib_a-strlen.o)
                0x000089b0                strlen
 .text          0x000089d0       0x78 d:/quartus/nios2eds/bin/gnu/h-i686-mingw32/bin/../lib/gcc/nios2-elf/4.1.2/../../../../nios2-elf/lib/mno-hw-mul\libsmallc.a(lib_a-writer.o)
                0x000089d0                _write_r
 .text          0x00008a48        0x0 d:/quartus/nios2eds/bin/gnu/h-i686-mingw32/bin/../lib/gcc/nios2-elf/4.1.2/../../../../nios2-elf/lib/mno-hw-mul\libsmallc.a(lib_a-int_errno.o)
 .text          0x00008a48      0x14c d:/quartus/nios2eds/bin/gnu/h-i686-mingw32/bin/../lib/gcc/nios2-elf/4.1.2/mno-hw-mul\libgcc.a(lib2-divmod.o)
                0x00008ac4                __divsi3
                0x00008b24                __modsi3
                0x00008b84                __udivsi3
                0x00008b8c                __umodsi3
 .text          0x00008b94       0x38 d:/quartus/nios2eds/bin/gnu/h-i686-mingw32/bin/../lib/gcc/nios2-elf/4.1.2/mno-hw-mul\libgcc.a(lib2-mul.o)
                0x00008b94                __mulsi3
 .text          0x00008bcc       0xec ../bai1_bsp/\libhal_bsp.a(alt_load.o)
                0x00008bcc                alt_load
 .text          0x00008cb8       0x6c ../bai1_bsp/\libhal_bsp.a(alt_main.o)
                0x00008cb8                alt_main
 .text          0x00008d24      0x184 ../bai1_bsp/\libhal_bsp.a(alt_write.o)
                0x00008d24                write
 .text          0x00008ea8       0x9c ../bai1_bsp/\libhal_bsp.a(alt_sys_init.o)
                0x00008ea8                alt_irq_init
                0x00008edc                alt_sys_init
 .text          0x00008f44       0xb0 ../bai1_bsp/\libhal_bsp.a(altera_avalon_jtag_uart_fd.o)
                0x00008f44                altera_avalon_jtag_uart_read_fd
                0x00008f9c                altera_avalon_jtag_uart_write_fd
 .text          0x00008ff4      0x104 ../bai1_bsp/\libhal_bsp.a(altera_avalon_jtag_uart_read.o)
                0x00008ff4                altera_avalon_jtag_uart_read
 .text          0x000090f8       0xa4 ../bai1_bsp/\libhal_bsp.a(altera_avalon_jtag_uart_write.o)
                0x000090f8                altera_avalon_jtag_uart_write
 .text          0x0000919c      0x160 ../bai1_bsp/\libhal_bsp.a(alt_close.o)
                0x0000919c                close
 .text          0x000092fc       0x1c ../bai1_bsp/\libhal_bsp.a(alt_dcache_flush_all.o)
                0x000092fc                alt_dcache_flush_all
 .text          0x00009318       0x2c ../bai1_bsp/\libhal_bsp.a(alt_dev.o)
 .text          0x00009344      0x114 ../bai1_bsp/\libhal_bsp.a(alt_dev_llist_insert.o)
                0x00009344                alt_dev_llist_insert
 .text          0x00009458       0x64 ../bai1_bsp/\libhal_bsp.a(alt_do_ctors.o)
                0x00009458                _do_ctors
 .text          0x000094bc       0x64 ../bai1_bsp/\libhal_bsp.a(alt_do_dtors.o)
                0x000094bc                _do_dtors
 .text          0x00009520        0x0 ../bai1_bsp/\libhal_bsp.a(alt_errno.o)
 .text          0x00009520       0x1c ../bai1_bsp/\libhal_bsp.a(alt_icache_flush_all.o)
                0x00009520                alt_icache_flush_all
 .text          0x0000953c      0x150 ../bai1_bsp/\libhal_bsp.a(alt_io_redirect.o)
                0x00009614                alt_io_redirect
 .text          0x0000968c      0x2e4 ../bai1_bsp/\libhal_bsp.a(alt_open.o)
                0x00009784                open
 .text          0x00009970       0x78 ../bai1_bsp/\libhal_bsp.a(alt_release_fd.o)
                0x00009970                alt_release_fd
 .text          0x000099e8       0x20 ../bai1_bsp/\libhal_bsp.a(altera_nios2_qsys_irq.o)
                0x000099e8                altera_nios2_qsys_irq_init
 .text          0x00009a08       0x94 ../bai1_bsp/\libhal_bsp.a(alt_find_dev.o)
                0x00009a08                alt_find_dev
 .text          0x00009a9c      0x120 ../bai1_bsp/\libhal_bsp.a(alt_find_file.o)
                0x00009a9c                alt_find_file
 .text          0x00009bbc       0xd0 ../bai1_bsp/\libhal_bsp.a(alt_get_fd.o)
                0x00009bbc                alt_get_fd
 .text          0x00009c8c       0x14 d:/quartus/nios2eds/bin/gnu/h-i686-mingw32/bin/../lib/gcc/nios2-elf/4.1.2/../../../../nios2-elf/lib/mno-hw-mul\libsmallc.a(lib_a-atexit.o)
                0x00009c8c                atexit
 .text          0x00009ca0       0x20 d:/quartus/nios2eds/bin/gnu/h-i686-mingw32/bin/../lib/gcc/nios2-elf/4.1.2/../../../../nios2-elf/lib/mno-hw-mul\libsmallc.a(lib_a-exit.o)
                0x00009ca0                exit
 .text          0x00009cc0       0x3c d:/quartus/nios2eds/bin/gnu/h-i686-mingw32/bin/../lib/gcc/nios2-elf/4.1.2/../../../../nios2-elf/lib/mno-hw-mul\libsmallc.a(lib_a-memcmp.o)
                0x00009cc0                memcmp
 .text          0x00009cfc      0x16c d:/quartus/nios2eds/bin/gnu/h-i686-mingw32/bin/../lib/gcc/nios2-elf/4.1.2/../../../../nios2-elf/lib/mno-hw-mul\libsmallc.a(lib_a-__atexit.o)
                0x00009cfc                __register_exitproc
 .text          0x00009e68      0x1c0 d:/quartus/nios2eds/bin/gnu/h-i686-mingw32/bin/../lib/gcc/nios2-elf/4.1.2/../../../../nios2-elf/lib/mno-hw-mul\libsmallc.a(lib_a-__call_atexit.o)
                0x00009e6c                __call_exitprocs
 .text          0x0000a028       0x60 ../bai1_bsp/\libhal_bsp.a(alt_exit.o)
                0x0000a068                _exit
 *(.gnu.warning.*)
 *(.fini)
                0x0000a088                PROVIDE (__etext, ABSOLUTE (.))
                0x0000a088                PROVIDE (_etext, ABSOLUTE (.))
                0x0000a088                PROVIDE (etext, ABSOLUTE (.))
 *(.eh_frame_hdr)
                0x0000a088                . = ALIGN (0x4)
                0x0000a088                PROVIDE (__preinit_array_start, ABSOLUTE (.))
 *(.preinit_array)
                0x0000a088                PROVIDE (__preinit_array_end, ABSOLUTE (.))
                0x0000a088                PROVIDE (__init_array_start, ABSOLUTE (.))
 *(.init_array)
                0x0000a088                PROVIDE (__init_array_end, ABSOLUTE (.))
                0x0000a088                PROVIDE (__fini_array_start, ABSOLUTE (.))
 *(.fini_array)
                0x0000a088                PROVIDE (__fini_array_end, ABSOLUTE (.))
 *(.eh_frame)
 *(.gcc_except_table)
 *(.dynamic)
                0x0000a088                PROVIDE (__CTOR_LIST__, ABSOLUTE (.))
 *(.ctors)
 *(SORT(.ctors.*))
 .ctors.65535   0x0000a088        0x4 d:/quartus/nios2eds/bin/gnu/h-i686-mingw32/bin/../lib/gcc/nios2-elf/4.1.2/../../../../nios2-elf/lib/mno-hw-mul\libsmallc.a(lib_a-__call_atexit.o)
                0x0000a08c                PROVIDE (__CTOR_END__, ABSOLUTE (.))
                0x0000a08c                PROVIDE (__DTOR_LIST__, ABSOLUTE (.))
 *(.dtors)
 *(SORT(.dtors.*))
                0x0000a08c                PROVIDE (__DTOR_END__, ABSOLUTE (.))
 *(.jcr)
                0x0000a08c                . = ALIGN (0x4)

.rodata         0x0000a08c       0x44
                0x0000a08c                PROVIDE (__ram_rodata_start, ABSOLUTE (.))
                0x0000a08c                . = ALIGN (0x4)
 *(.rodata .rodata.* .gnu.linkonce.r.*)
 .rodata        0x0000a08c       0x10 obj/default/hello_world.o
 .rodata        0x0000a09c       0x14 ../bai1_bsp/\libhal_bsp.a(alt_main.o)
 .rodata        0x0000a0b0       0x14 ../bai1_bsp/\libhal_bsp.a(alt_sys_init.o)
 .rodata        0x0000a0c4        0xc ../bai1_bsp/\libhal_bsp.a(alt_dev.o)
 *(.rodata1)
                0x0000a0d0                . = ALIGN (0x4)
                0x0000a0d0                PROVIDE (__ram_rodata_end, ABSOLUTE (.))
                0x0000a08c                PROVIDE (__flash_rodata_start, LOADADDR (.rodata))

.rwdata         0x0000a0d0      0x2d4 load address 0x0000a3a4
                0x0000a0d0                PROVIDE (__ram_rwdata_start, ABSOLUTE (.))
                0x0000a0d0                . = ALIGN (0x4)
 *(.got.plt)
 *(.got)
 *(.data1)
 *(.data .data.* .gnu.linkonce.d.*)
 .data          0x0000a0d0        0x0 ../bai1_bsp//obj/HAL/src/crt0.o
 .data          0x0000a0d0        0x0 obj/default/hello_world.o
 .data          0x0000a0d0        0x0 d:/quartus/nios2eds/bin/gnu/h-i686-mingw32/bin/../lib/gcc/nios2-elf/4.1.2/../../../../nios2-elf/lib/mno-hw-mul\libsmallc.a(lib_a-printf.o)
 .data          0x0000a0d0        0x0 d:/quartus/nios2eds/bin/gnu/h-i686-mingw32/bin/../lib/gcc/nios2-elf/4.1.2/../../../../nios2-elf/lib/mno-hw-mul\libsmallc.a(lib_a-vfprintf.o)
 .data          0x0000a0d0        0x0 d:/quartus/nios2eds/bin/gnu/h-i686-mingw32/bin/../lib/gcc/nios2-elf/4.1.2/../../../../nios2-elf/lib/mno-hw-mul\libsmallc.a(lib_a-fvwrite_small_dev.o)
 .data          0x0000a0d0       0xe0 d:/quartus/nios2eds/bin/gnu/h-i686-mingw32/bin/../lib/gcc/nios2-elf/4.1.2/../../../../nios2-elf/lib/mno-hw-mul\libsmallc.a(lib_a-impure.o)
 .data          0x0000a1b0        0x0 d:/quartus/nios2eds/bin/gnu/h-i686-mingw32/bin/../lib/gcc/nios2-elf/4.1.2/../../../../nios2-elf/lib/mno-hw-mul\libsmallc.a(lib_a-strlen.o)
 .data          0x0000a1b0        0x0 d:/quartus/nios2eds/bin/gnu/h-i686-mingw32/bin/../lib/gcc/nios2-elf/4.1.2/../../../../nios2-elf/lib/mno-hw-mul\libsmallc.a(lib_a-writer.o)
 .data          0x0000a1b0        0x0 d:/quartus/nios2eds/bin/gnu/h-i686-mingw32/bin/../lib/gcc/nios2-elf/4.1.2/../../../../nios2-elf/lib/mno-hw-mul\libsmallc.a(lib_a-int_errno.o)
 .data          0x0000a1b0        0x0 d:/quartus/nios2eds/bin/gnu/h-i686-mingw32/bin/../lib/gcc/nios2-elf/4.1.2/mno-hw-mul\libgcc.a(lib2-divmod.o)
 .data          0x0000a1b0        0x0 d:/quartus/nios2eds/bin/gnu/h-i686-mingw32/bin/../lib/gcc/nios2-elf/4.1.2/mno-hw-mul\libgcc.a(lib2-mul.o)
 .data          0x0000a1b0        0x0 ../bai1_bsp/\libhal_bsp.a(alt_load.o)
 .data          0x0000a1b0        0x0 ../bai1_bsp/\libhal_bsp.a(alt_main.o)
 .data          0x0000a1b0        0x0 ../bai1_bsp/\libhal_bsp.a(alt_write.o)
 .data          0x0000a1b0       0x2c ../bai1_bsp/\libhal_bsp.a(alt_sys_init.o)
 .data          0x0000a1dc        0x0 ../bai1_bsp/\libhal_bsp.a(altera_avalon_jtag_uart_fd.o)
 .data          0x0000a1dc        0x0 ../bai1_bsp/\libhal_bsp.a(altera_avalon_jtag_uart_read.o)
 .data          0x0000a1dc        0x0 ../bai1_bsp/\libhal_bsp.a(altera_avalon_jtag_uart_write.o)
 .data          0x0000a1dc        0x0 ../bai1_bsp/\libhal_bsp.a(alt_close.o)
 .data          0x0000a1dc        0x0 ../bai1_bsp/\libhal_bsp.a(alt_dcache_flush_all.o)
 .data          0x0000a1dc      0x1a8 ../bai1_bsp/\libhal_bsp.a(alt_dev.o)
                0x0000a1dc                alt_dev_null
                0x0000a204                alt_fd_list
 .data          0x0000a384        0x0 ../bai1_bsp/\libhal_bsp.a(alt_dev_llist_insert.o)
 .data          0x0000a384        0x0 ../bai1_bsp/\libhal_bsp.a(alt_do_ctors.o)
 .data          0x0000a384        0x0 ../bai1_bsp/\libhal_bsp.a(alt_do_dtors.o)
 .data          0x0000a384        0x0 ../bai1_bsp/\libhal_bsp.a(alt_errno.o)
 .data          0x0000a384        0x0 ../bai1_bsp/\libhal_bsp.a(alt_icache_flush_all.o)
 .data          0x0000a384        0x0 ../bai1_bsp/\libhal_bsp.a(alt_io_redirect.o)
 .data          0x0000a384        0x0 ../bai1_bsp/\libhal_bsp.a(alt_open.o)
 .data          0x0000a384        0x0 ../bai1_bsp/\libhal_bsp.a(alt_release_fd.o)
 .data          0x0000a384        0x0 ../bai1_bsp/\libhal_bsp.a(altera_nios2_qsys_irq.o)
 .data          0x0000a384        0x0 ../bai1_bsp/\libhal_bsp.a(alt_find_dev.o)
 .data          0x0000a384        0x0 ../bai1_bsp/\libhal_bsp.a(alt_find_file.o)
 .data          0x0000a384        0x0 ../bai1_bsp/\libhal_bsp.a(alt_get_fd.o)
 .data          0x0000a384        0x0 d:/quartus/nios2eds/bin/gnu/h-i686-mingw32/bin/../lib/gcc/nios2-elf/4.1.2/../../../../nios2-elf/lib/mno-hw-mul\libsmallc.a(lib_a-atexit.o)
 .data          0x0000a384        0x0 d:/quartus/nios2eds/bin/gnu/h-i686-mingw32/bin/../lib/gcc/nios2-elf/4.1.2/../../../../nios2-elf/lib/mno-hw-mul\libsmallc.a(lib_a-exit.o)
 .data          0x0000a384        0x0 d:/quartus/nios2eds/bin/gnu/h-i686-mingw32/bin/../lib/gcc/nios2-elf/4.1.2/../../../../nios2-elf/lib/mno-hw-mul\libsmallc.a(lib_a-memcmp.o)
 .data          0x0000a384        0x0 d:/quartus/nios2eds/bin/gnu/h-i686-mingw32/bin/../lib/gcc/nios2-elf/4.1.2/../../../../nios2-elf/lib/mno-hw-mul\libsmallc.a(lib_a-__atexit.o)
 .data          0x0000a384        0x0 d:/quartus/nios2eds/bin/gnu/h-i686-mingw32/bin/../lib/gcc/nios2-elf/4.1.2/../../../../nios2-elf/lib/mno-hw-mul\libsmallc.a(lib_a-__call_atexit.o)
 .data          0x0000a384        0x0 ../bai1_bsp/\libhal_bsp.a(alt_exit.o)
                0x00012384                _gp = ABSOLUTE ((. + 0x8000))
                0x00012384                PROVIDE (gp, _gp)
 *(.rwdata .rwdata.*)
 *(.sdata .sdata.* .gnu.linkonce.s.*)
 .sdata         0x0000a384        0x8 d:/quartus/nios2eds/bin/gnu/h-i686-mingw32/bin/../lib/gcc/nios2-elf/4.1.2/../../../../nios2-elf/lib/mno-hw-mul\libsmallc.a(lib_a-impure.o)
                0x0000a384                _impure_ptr
                0x0000a388                _global_impure_ptr
 .sdata         0x0000a38c       0x14 ../bai1_bsp/\libhal_bsp.a(alt_dev.o)
                0x0000a38c                alt_fs_list
                0x0000a394                alt_dev_list
                0x0000a39c                alt_max_fd
 .sdata         0x0000a3a0        0x4 ../bai1_bsp/\libhal_bsp.a(alt_errno.o)
                0x0000a3a0                alt_errno
 *(.sdata2 .sdata2.* .gnu.linkonce.s2.*)
                0x0000a3a4                . = ALIGN (0x4)
                0x0000a3a4                _edata = ABSOLUTE (.)
                0x0000a3a4                PROVIDE (edata, ABSOLUTE (.))
                0x0000a3a4                PROVIDE (__ram_rwdata_end, ABSOLUTE (.))
                0x0000a3a4                PROVIDE (__flash_rwdata_start, LOADADDR (.rwdata))

.bss            0x0000a678       0x9c
                0x0000a678                __bss_start = ABSOLUTE (.)
                0x0000a678                PROVIDE (__sbss_start, ABSOLUTE (.))
                0x0000a678                PROVIDE (___sbss_start, ABSOLUTE (.))
 *(.dynsbss)
 *(.sbss .sbss.* .gnu.linkonce.sb.*)
 .sbss          0x0000a678        0x4 d:/quartus/nios2eds/bin/gnu/h-i686-mingw32/bin/../lib/gcc/nios2-elf/4.1.2/../../../../nios2-elf/lib/mno-hw-mul\libsmallc.a(lib_a-int_errno.o)
                0x0000a678                errno
 .sbss          0x0000a67c        0xc ../bai1_bsp/\libhal_bsp.a(alt_main.o)
                0x0000a67c                alt_argc
                0x0000a680                alt_argv
                0x0000a684                alt_envp
 *(.sbss2 .sbss2.* .gnu.linkonce.sb2.*)
 *(.scommon)
                0x0000a688                PROVIDE (__sbss_end, ABSOLUTE (.))
                0x0000a688                PROVIDE (___sbss_end, ABSOLUTE (.))
 *(.dynbss)
 *(.bss .bss.* .gnu.linkonce.b.*)
 .bss           0x0000a688        0x0 ../bai1_bsp//obj/HAL/src/crt0.o
 .bss           0x0000a688        0x0 obj/default/hello_world.o
 .bss           0x0000a688        0x0 d:/quartus/nios2eds/bin/gnu/h-i686-mingw32/bin/../lib/gcc/nios2-elf/4.1.2/../../../../nios2-elf/lib/mno-hw-mul\libsmallc.a(lib_a-printf.o)
 .bss           0x0000a688        0x0 d:/quartus/nios2eds/bin/gnu/h-i686-mingw32/bin/../lib/gcc/nios2-elf/4.1.2/../../../../nios2-elf/lib/mno-hw-mul\libsmallc.a(lib_a-vfprintf.o)
 .bss           0x0000a688        0x0 d:/quartus/nios2eds/bin/gnu/h-i686-mingw32/bin/../lib/gcc/nios2-elf/4.1.2/../../../../nios2-elf/lib/mno-hw-mul\libsmallc.a(lib_a-fvwrite_small_dev.o)
 .bss           0x0000a688        0x0 d:/quartus/nios2eds/bin/gnu/h-i686-mingw32/bin/../lib/gcc/nios2-elf/4.1.2/../../../../nios2-elf/lib/mno-hw-mul\libsmallc.a(lib_a-impure.o)
 .bss           0x0000a688        0x0 d:/quartus/nios2eds/bin/gnu/h-i686-mingw32/bin/../lib/gcc/nios2-elf/4.1.2/../../../../nios2-elf/lib/mno-hw-mul\libsmallc.a(lib_a-strlen.o)
 .bss           0x0000a688        0x0 d:/quartus/nios2eds/bin/gnu/h-i686-mingw32/bin/../lib/gcc/nios2-elf/4.1.2/../../../../nios2-elf/lib/mno-hw-mul\libsmallc.a(lib_a-writer.o)
 .bss           0x0000a688        0x0 d:/quartus/nios2eds/bin/gnu/h-i686-mingw32/bin/../lib/gcc/nios2-elf/4.1.2/../../../../nios2-elf/lib/mno-hw-mul\libsmallc.a(lib_a-int_errno.o)
 .bss           0x0000a688        0x0 d:/quartus/nios2eds/bin/gnu/h-i686-mingw32/bin/../lib/gcc/nios2-elf/4.1.2/mno-hw-mul\libgcc.a(lib2-divmod.o)
 .bss           0x0000a688        0x0 d:/quartus/nios2eds/bin/gnu/h-i686-mingw32/bin/../lib/gcc/nios2-elf/4.1.2/mno-hw-mul\libgcc.a(lib2-mul.o)
 .bss           0x0000a688        0x0 ../bai1_bsp/\libhal_bsp.a(alt_load.o)
 .bss           0x0000a688        0x0 ../bai1_bsp/\libhal_bsp.a(alt_main.o)
 .bss           0x0000a688        0x0 ../bai1_bsp/\libhal_bsp.a(alt_write.o)
 .bss           0x0000a688        0x0 ../bai1_bsp/\libhal_bsp.a(alt_sys_init.o)
 .bss           0x0000a688        0x0 ../bai1_bsp/\libhal_bsp.a(altera_avalon_jtag_uart_fd.o)
 .bss           0x0000a688        0x0 ../bai1_bsp/\libhal_bsp.a(altera_avalon_jtag_uart_read.o)
 .bss           0x0000a688        0x0 ../bai1_bsp/\libhal_bsp.a(altera_avalon_jtag_uart_write.o)
 .bss           0x0000a688        0x0 ../bai1_bsp/\libhal_bsp.a(alt_close.o)
 .bss           0x0000a688        0x0 ../bai1_bsp/\libhal_bsp.a(alt_dcache_flush_all.o)
 .bss           0x0000a688        0x0 ../bai1_bsp/\libhal_bsp.a(alt_dev.o)
 .bss           0x0000a688        0x0 ../bai1_bsp/\libhal_bsp.a(alt_dev_llist_insert.o)
 .bss           0x0000a688        0x0 ../bai1_bsp/\libhal_bsp.a(alt_do_ctors.o)
 .bss           0x0000a688        0x0 ../bai1_bsp/\libhal_bsp.a(alt_do_dtors.o)
 .bss           0x0000a688        0x0 ../bai1_bsp/\libhal_bsp.a(alt_errno.o)
 .bss           0x0000a688        0x0 ../bai1_bsp/\libhal_bsp.a(alt_icache_flush_all.o)
 .bss           0x0000a688        0x0 ../bai1_bsp/\libhal_bsp.a(alt_io_redirect.o)
 .bss           0x0000a688        0x0 ../bai1_bsp/\libhal_bsp.a(alt_open.o)
 .bss           0x0000a688        0x0 ../bai1_bsp/\libhal_bsp.a(alt_release_fd.o)
 .bss           0x0000a688        0x0 ../bai1_bsp/\libhal_bsp.a(altera_nios2_qsys_irq.o)
 .bss           0x0000a688        0x0 ../bai1_bsp/\libhal_bsp.a(alt_find_dev.o)
 .bss           0x0000a688        0x0 ../bai1_bsp/\libhal_bsp.a(alt_find_file.o)
 .bss           0x0000a688        0x0 ../bai1_bsp/\libhal_bsp.a(alt_get_fd.o)
 .bss           0x0000a688        0x0 d:/quartus/nios2eds/bin/gnu/h-i686-mingw32/bin/../lib/gcc/nios2-elf/4.1.2/../../../../nios2-elf/lib/mno-hw-mul\libsmallc.a(lib_a-atexit.o)
 .bss           0x0000a688        0x0 d:/quartus/nios2eds/bin/gnu/h-i686-mingw32/bin/../lib/gcc/nios2-elf/4.1.2/../../../../nios2-elf/lib/mno-hw-mul\libsmallc.a(lib_a-exit.o)
 .bss           0x0000a688        0x0 d:/quartus/nios2eds/bin/gnu/h-i686-mingw32/bin/../lib/gcc/nios2-elf/4.1.2/../../../../nios2-elf/lib/mno-hw-mul\libsmallc.a(lib_a-memcmp.o)
 .bss           0x0000a688        0x0 d:/quartus/nios2eds/bin/gnu/h-i686-mingw32/bin/../lib/gcc/nios2-elf/4.1.2/../../../../nios2-elf/lib/mno-hw-mul\libsmallc.a(lib_a-__atexit.o)
 .bss           0x0000a688        0x0 d:/quartus/nios2eds/bin/gnu/h-i686-mingw32/bin/../lib/gcc/nios2-elf/4.1.2/../../../../nios2-elf/lib/mno-hw-mul\libsmallc.a(lib_a-__call_atexit.o)
 .bss           0x0000a688        0x0 ../bai1_bsp/\libhal_bsp.a(alt_exit.o)
 *(COMMON)
 COMMON         0x0000a688       0x8c d:/quartus/nios2eds/bin/gnu/h-i686-mingw32/bin/../lib/gcc/nios2-elf/4.1.2/../../../../nios2-elf/lib/mno-hw-mul\libsmallc.a(lib_a-atexit.o)
                0x0000a688                _atexit0
                0x0000a714                . = ALIGN (0x4)
                0x0000a714                __bss_end = ABSOLUTE (.)

.onchip_memory2_0
                0x0000a714        0x0
                0x0000a714                PROVIDE (_alt_partition_onchip_memory2_0_start, ABSOLUTE (.))
 *(.onchip_memory2_0. onchip_memory2_0.*)
                0x0000a714                . = ALIGN (0x4)
                0x0000a714                PROVIDE (_alt_partition_onchip_memory2_0_end, ABSOLUTE (.))
                0x0000a714                _end = ABSOLUTE (.)
                0x0000a714                end = ABSOLUTE (.)
                0x0000a714                __alt_stack_base = ABSOLUTE (.)
                0x0000a714                PROVIDE (_alt_partition_onchip_memory2_0_load_addr, LOADADDR (.onchip_memory2_0))

.stab
 *(.stab)

.stabstr
 *(.stabstr)

.stab.excl
 *(.stab.excl)

.stab.exclstr
 *(.stab.exclstr)

.stab.index
 *(.stab.index)

.stab.indexstr
 *(.stab.indexstr)

.comment        0x00000000       0x26
 *(.comment)
 .comment       0x00000000       0x26 obj/default/hello_world.o
                                 0x27 (size before relaxing)
 .comment       0x00000000       0x27 d:/quartus/nios2eds/bin/gnu/h-i686-mingw32/bin/../lib/gcc/nios2-elf/4.1.2/../../../../nios2-elf/lib/mno-hw-mul\libsmallc.a(lib_a-printf.o)
 .comment       0x00000000       0x27 d:/quartus/nios2eds/bin/gnu/h-i686-mingw32/bin/../lib/gcc/nios2-elf/4.1.2/../../../../nios2-elf/lib/mno-hw-mul\libsmallc.a(lib_a-vfprintf.o)
 .comment       0x00000000       0x27 d:/quartus/nios2eds/bin/gnu/h-i686-mingw32/bin/../lib/gcc/nios2-elf/4.1.2/../../../../nios2-elf/lib/mno-hw-mul\libsmallc.a(lib_a-fvwrite_small_dev.o)
 .comment       0x00000000       0x27 d:/quartus/nios2eds/bin/gnu/h-i686-mingw32/bin/../lib/gcc/nios2-elf/4.1.2/../../../../nios2-elf/lib/mno-hw-mul\libsmallc.a(lib_a-impure.o)
 .comment       0x00000000       0x27 d:/quartus/nios2eds/bin/gnu/h-i686-mingw32/bin/../lib/gcc/nios2-elf/4.1.2/../../../../nios2-elf/lib/mno-hw-mul\libsmallc.a(lib_a-strlen.o)
 .comment       0x00000000       0x27 d:/quartus/nios2eds/bin/gnu/h-i686-mingw32/bin/../lib/gcc/nios2-elf/4.1.2/../../../../nios2-elf/lib/mno-hw-mul\libsmallc.a(lib_a-writer.o)
 .comment       0x00000000       0x27 d:/quartus/nios2eds/bin/gnu/h-i686-mingw32/bin/../lib/gcc/nios2-elf/4.1.2/../../../../nios2-elf/lib/mno-hw-mul\libsmallc.a(lib_a-int_errno.o)
 .comment       0x00000000       0x27 d:/quartus/nios2eds/bin/gnu/h-i686-mingw32/bin/../lib/gcc/nios2-elf/4.1.2/mno-hw-mul\libgcc.a(lib2-divmod.o)
 .comment       0x00000000       0x27 d:/quartus/nios2eds/bin/gnu/h-i686-mingw32/bin/../lib/gcc/nios2-elf/4.1.2/mno-hw-mul\libgcc.a(lib2-mul.o)
 .comment       0x00000000       0x27 ../bai1_bsp/\libhal_bsp.a(alt_load.o)
 .comment       0x00000000       0x27 ../bai1_bsp/\libhal_bsp.a(alt_main.o)
 .comment       0x00000000       0x27 ../bai1_bsp/\libhal_bsp.a(alt_write.o)
 .comment       0x00000000       0x27 ../bai1_bsp/\libhal_bsp.a(alt_sys_init.o)
 .comment       0x00000000       0x27 ../bai1_bsp/\libhal_bsp.a(altera_avalon_jtag_uart_fd.o)
 .comment       0x00000000       0x27 ../bai1_bsp/\libhal_bsp.a(altera_avalon_jtag_uart_read.o)
 .comment       0x00000000       0x27 ../bai1_bsp/\libhal_bsp.a(altera_avalon_jtag_uart_write.o)
 .comment       0x00000000       0x27 ../bai1_bsp/\libhal_bsp.a(alt_close.o)
 .comment       0x00000000       0x27 ../bai1_bsp/\libhal_bsp.a(alt_dcache_flush_all.o)
 .comment       0x00000000       0x27 ../bai1_bsp/\libhal_bsp.a(alt_dev.o)
 .comment       0x00000000       0x27 ../bai1_bsp/\libhal_bsp.a(alt_dev_llist_insert.o)
 .comment       0x00000000       0x27 ../bai1_bsp/\libhal_bsp.a(alt_do_ctors.o)
 .comment       0x00000000       0x27 ../bai1_bsp/\libhal_bsp.a(alt_do_dtors.o)
 .comment       0x00000000       0x27 ../bai1_bsp/\libhal_bsp.a(alt_errno.o)
 .comment       0x00000000       0x27 ../bai1_bsp/\libhal_bsp.a(alt_icache_flush_all.o)
 .comment       0x00000000       0x27 ../bai1_bsp/\libhal_bsp.a(alt_io_redirect.o)
 .comment       0x00000000       0x27 ../bai1_bsp/\libhal_bsp.a(alt_open.o)
 .comment       0x00000000       0x27 ../bai1_bsp/\libhal_bsp.a(alt_release_fd.o)
 .comment       0x00000000       0x27 ../bai1_bsp/\libhal_bsp.a(altera_nios2_qsys_irq.o)
 .comment       0x00000000       0x27 ../bai1_bsp/\libhal_bsp.a(alt_find_dev.o)
 .comment       0x00000000       0x27 ../bai1_bsp/\libhal_bsp.a(alt_find_file.o)
 .comment       0x00000000       0x27 ../bai1_bsp/\libhal_bsp.a(alt_get_fd.o)
 .comment       0x00000000       0x27 d:/quartus/nios2eds/bin/gnu/h-i686-mingw32/bin/../lib/gcc/nios2-elf/4.1.2/../../../../nios2-elf/lib/mno-hw-mul\libsmallc.a(lib_a-atexit.o)
 .comment       0x00000000       0x27 d:/quartus/nios2eds/bin/gnu/h-i686-mingw32/bin/../lib/gcc/nios2-elf/4.1.2/../../../../nios2-elf/lib/mno-hw-mul\libsmallc.a(lib_a-exit.o)
 .comment       0x00000000       0x27 d:/quartus/nios2eds/bin/gnu/h-i686-mingw32/bin/../lib/gcc/nios2-elf/4.1.2/../../../../nios2-elf/lib/mno-hw-mul\libsmallc.a(lib_a-memcmp.o)
 .comment       0x00000000       0x27 d:/quartus/nios2eds/bin/gnu/h-i686-mingw32/bin/../lib/gcc/nios2-elf/4.1.2/../../../../nios2-elf/lib/mno-hw-mul\libsmallc.a(lib_a-__atexit.o)
 .comment       0x00000000       0x27 d:/quartus/nios2eds/bin/gnu/h-i686-mingw32/bin/../lib/gcc/nios2-elf/4.1.2/../../../../nios2-elf/lib/mno-hw-mul\libsmallc.a(lib_a-__call_atexit.o)
 .comment       0x00000000       0x27 ../bai1_bsp/\libhal_bsp.a(alt_exit.o)

.debug
 *(.debug)

.line
 *(.line)

.debug_srcinfo
 *(.debug_srcinfo)

.debug_sfnames
 *(.debug_sfnames)

.debug_aranges  0x00000000      0x488
 *(.debug_aranges)
 .debug_aranges
                0x00000000       0x28 ../bai1_bsp//obj/HAL/src/crt0.o
 .debug_aranges
                0x00000028       0x20 obj/default/hello_world.o
 .debug_aranges
                0x00000048       0x20 d:/quartus/nios2eds/bin/gnu/h-i686-mingw32/bin/../lib/gcc/nios2-elf/4.1.2/../../../../nios2-elf/lib/mno-hw-mul\libsmallc.a(lib_a-printf.o)
 .debug_aranges
                0x00000068       0x20 d:/quartus/nios2eds/bin/gnu/h-i686-mingw32/bin/../lib/gcc/nios2-elf/4.1.2/../../../../nios2-elf/lib/mno-hw-mul\libsmallc.a(lib_a-vfprintf.o)
 .debug_aranges
                0x00000088       0x20 d:/quartus/nios2eds/bin/gnu/h-i686-mingw32/bin/../lib/gcc/nios2-elf/4.1.2/../../../../nios2-elf/lib/mno-hw-mul\libsmallc.a(lib_a-fvwrite_small_dev.o)
 .debug_aranges
                0x000000a8       0x20 d:/quartus/nios2eds/bin/gnu/h-i686-mingw32/bin/../lib/gcc/nios2-elf/4.1.2/../../../../nios2-elf/lib/mno-hw-mul\libsmallc.a(lib_a-strlen.o)
 .debug_aranges
                0x000000c8       0x20 d:/quartus/nios2eds/bin/gnu/h-i686-mingw32/bin/../lib/gcc/nios2-elf/4.1.2/../../../../nios2-elf/lib/mno-hw-mul\libsmallc.a(lib_a-writer.o)
 .debug_aranges
                0x000000e8       0x20 d:/quartus/nios2eds/bin/gnu/h-i686-mingw32/bin/../lib/gcc/nios2-elf/4.1.2/mno-hw-mul\libgcc.a(lib2-divmod.o)
 .debug_aranges
                0x00000108       0x20 d:/quartus/nios2eds/bin/gnu/h-i686-mingw32/bin/../lib/gcc/nios2-elf/4.1.2/mno-hw-mul\libgcc.a(lib2-mul.o)
 .debug_aranges
                0x00000128       0x20 ../bai1_bsp/\libhal_bsp.a(alt_load.o)
 .debug_aranges
                0x00000148       0x20 ../bai1_bsp/\libhal_bsp.a(alt_main.o)
 .debug_aranges
                0x00000168       0x20 ../bai1_bsp/\libhal_bsp.a(alt_write.o)
 .debug_aranges
                0x00000188       0x20 ../bai1_bsp/\libhal_bsp.a(alt_sys_init.o)
 .debug_aranges
                0x000001a8       0x20 ../bai1_bsp/\libhal_bsp.a(altera_avalon_jtag_uart_fd.o)
 .debug_aranges
                0x000001c8       0x20 ../bai1_bsp/\libhal_bsp.a(altera_avalon_jtag_uart_read.o)
 .debug_aranges
                0x000001e8       0x20 ../bai1_bsp/\libhal_bsp.a(altera_avalon_jtag_uart_write.o)
 .debug_aranges
                0x00000208       0x20 ../bai1_bsp/\libhal_bsp.a(alt_close.o)
 .debug_aranges
                0x00000228       0x20 ../bai1_bsp/\libhal_bsp.a(alt_dcache_flush_all.o)
 .debug_aranges
                0x00000248       0x20 ../bai1_bsp/\libhal_bsp.a(alt_dev.o)
 .debug_aranges
                0x00000268       0x20 ../bai1_bsp/\libhal_bsp.a(alt_dev_llist_insert.o)
 .debug_aranges
                0x00000288       0x20 ../bai1_bsp/\libhal_bsp.a(alt_do_ctors.o)
 .debug_aranges
                0x000002a8       0x20 ../bai1_bsp/\libhal_bsp.a(alt_do_dtors.o)
 .debug_aranges
                0x000002c8       0x20 ../bai1_bsp/\libhal_bsp.a(alt_icache_flush_all.o)
 .debug_aranges
                0x000002e8       0x20 ../bai1_bsp/\libhal_bsp.a(alt_io_redirect.o)
 .debug_aranges
                0x00000308       0x20 ../bai1_bsp/\libhal_bsp.a(alt_open.o)
 .debug_aranges
                0x00000328       0x20 ../bai1_bsp/\libhal_bsp.a(alt_release_fd.o)
 .debug_aranges
                0x00000348       0x20 ../bai1_bsp/\libhal_bsp.a(altera_nios2_qsys_irq.o)
 .debug_aranges
                0x00000368       0x20 ../bai1_bsp/\libhal_bsp.a(alt_find_dev.o)
 .debug_aranges
                0x00000388       0x20 ../bai1_bsp/\libhal_bsp.a(alt_find_file.o)
 .debug_aranges
                0x000003a8       0x20 ../bai1_bsp/\libhal_bsp.a(alt_get_fd.o)
 .debug_aranges
                0x000003c8       0x20 d:/quartus/nios2eds/bin/gnu/h-i686-mingw32/bin/../lib/gcc/nios2-elf/4.1.2/../../../../nios2-elf/lib/mno-hw-mul\libsmallc.a(lib_a-atexit.o)
 .debug_aranges
                0x000003e8       0x20 d:/quartus/nios2eds/bin/gnu/h-i686-mingw32/bin/../lib/gcc/nios2-elf/4.1.2/../../../../nios2-elf/lib/mno-hw-mul\libsmallc.a(lib_a-exit.o)
 .debug_aranges
                0x00000408       0x20 d:/quartus/nios2eds/bin/gnu/h-i686-mingw32/bin/../lib/gcc/nios2-elf/4.1.2/../../../../nios2-elf/lib/mno-hw-mul\libsmallc.a(lib_a-memcmp.o)
 .debug_aranges
                0x00000428       0x20 d:/quartus/nios2eds/bin/gnu/h-i686-mingw32/bin/../lib/gcc/nios2-elf/4.1.2/../../../../nios2-elf/lib/mno-hw-mul\libsmallc.a(lib_a-__atexit.o)
 .debug_aranges
                0x00000448       0x20 d:/quartus/nios2eds/bin/gnu/h-i686-mingw32/bin/../lib/gcc/nios2-elf/4.1.2/../../../../nios2-elf/lib/mno-hw-mul\libsmallc.a(lib_a-__call_atexit.o)
 .debug_aranges
                0x00000468       0x20 ../bai1_bsp/\libhal_bsp.a(alt_exit.o)

.debug_pubnames
                0x00000000      0x653
 *(.debug_pubnames)
 .debug_pubnames
                0x00000000       0x1b obj/default/hello_world.o
 .debug_pubnames
                0x0000001b       0x2b d:/quartus/nios2eds/bin/gnu/h-i686-mingw32/bin/../lib/gcc/nios2-elf/4.1.2/../../../../nios2-elf/lib/mno-hw-mul\libsmallc.a(lib_a-printf.o)
 .debug_pubnames
                0x00000046       0x45 d:/quartus/nios2eds/bin/gnu/h-i686-mingw32/bin/../lib/gcc/nios2-elf/4.1.2/../../../../nios2-elf/lib/mno-hw-mul\libsmallc.a(lib_a-vfprintf.o)
 .debug_pubnames
                0x0000008b       0x2b d:/quartus/nios2eds/bin/gnu/h-i686-mingw32/bin/../lib/gcc/nios2-elf/4.1.2/../../../../nios2-elf/lib/mno-hw-mul\libsmallc.a(lib_a-fvwrite_small_dev.o)
 .debug_pubnames
                0x000000b6       0x39 d:/quartus/nios2eds/bin/gnu/h-i686-mingw32/bin/../lib/gcc/nios2-elf/4.1.2/../../../../nios2-elf/lib/mno-hw-mul\libsmallc.a(lib_a-impure.o)
 .debug_pubnames
                0x000000ef       0x1d d:/quartus/nios2eds/bin/gnu/h-i686-mingw32/bin/../lib/gcc/nios2-elf/4.1.2/../../../../nios2-elf/lib/mno-hw-mul\libsmallc.a(lib_a-strlen.o)
 .debug_pubnames
                0x0000010c       0x1f d:/quartus/nios2eds/bin/gnu/h-i686-mingw32/bin/../lib/gcc/nios2-elf/4.1.2/../../../../nios2-elf/lib/mno-hw-mul\libsmallc.a(lib_a-writer.o)
 .debug_pubnames
                0x0000012b       0x1c d:/quartus/nios2eds/bin/gnu/h-i686-mingw32/bin/../lib/gcc/nios2-elf/4.1.2/../../../../nios2-elf/lib/mno-hw-mul\libsmallc.a(lib_a-int_errno.o)
 .debug_pubnames
                0x00000147       0x48 d:/quartus/nios2eds/bin/gnu/h-i686-mingw32/bin/../lib/gcc/nios2-elf/4.1.2/mno-hw-mul\libgcc.a(lib2-divmod.o)
 .debug_pubnames
                0x0000018f       0x1f d:/quartus/nios2eds/bin/gnu/h-i686-mingw32/bin/../lib/gcc/nios2-elf/4.1.2/mno-hw-mul\libgcc.a(lib2-mul.o)
 .debug_pubnames
                0x000001ae       0x1f ../bai1_bsp/\libhal_bsp.a(alt_load.o)
 .debug_pubnames
                0x000001cd       0x46 ../bai1_bsp/\libhal_bsp.a(alt_main.o)
 .debug_pubnames
                0x00000213       0x1c ../bai1_bsp/\libhal_bsp.a(alt_write.o)
 .debug_pubnames
                0x0000022f       0x34 ../bai1_bsp/\libhal_bsp.a(alt_sys_init.o)
 .debug_pubnames
                0x00000263       0x5b ../bai1_bsp/\libhal_bsp.a(altera_avalon_jtag_uart_fd.o)
 .debug_pubnames
                0x000002be       0x33 ../bai1_bsp/\libhal_bsp.a(altera_avalon_jtag_uart_read.o)
 .debug_pubnames
                0x000002f1       0x34 ../bai1_bsp/\libhal_bsp.a(altera_avalon_jtag_uart_write.o)
 .debug_pubnames
                0x00000325       0x1c ../bai1_bsp/\libhal_bsp.a(alt_close.o)
 .debug_pubnames
                0x00000341       0x2b ../bai1_bsp/\libhal_bsp.a(alt_dcache_flush_all.o)
 .debug_pubnames
                0x0000036c       0x63 ../bai1_bsp/\libhal_bsp.a(alt_dev.o)
 .debug_pubnames
                0x000003cf       0x2b ../bai1_bsp/\libhal_bsp.a(alt_dev_llist_insert.o)
 .debug_pubnames
                0x000003fa       0x20 ../bai1_bsp/\libhal_bsp.a(alt_do_ctors.o)
 .debug_pubnames
                0x0000041a       0x20 ../bai1_bsp/\libhal_bsp.a(alt_do_dtors.o)
 .debug_pubnames
                0x0000043a       0x20 ../bai1_bsp/\libhal_bsp.a(alt_errno.o)
 .debug_pubnames
                0x0000045a       0x2b ../bai1_bsp/\libhal_bsp.a(alt_icache_flush_all.o)
 .debug_pubnames
                0x00000485       0x26 ../bai1_bsp/\libhal_bsp.a(alt_io_redirect.o)
 .debug_pubnames
                0x000004ab       0x1b ../bai1_bsp/\libhal_bsp.a(alt_open.o)
 .debug_pubnames
                0x000004c6       0x25 ../bai1_bsp/\libhal_bsp.a(alt_release_fd.o)
 .debug_pubnames
                0x000004eb       0x31 ../bai1_bsp/\libhal_bsp.a(altera_nios2_qsys_irq.o)
 .debug_pubnames
                0x0000051c       0x23 ../bai1_bsp/\libhal_bsp.a(alt_find_dev.o)
 .debug_pubnames
                0x0000053f       0x24 ../bai1_bsp/\libhal_bsp.a(alt_find_file.o)
 .debug_pubnames
                0x00000563       0x21 ../bai1_bsp/\libhal_bsp.a(alt_get_fd.o)
 .debug_pubnames
                0x00000584       0x2a d:/quartus/nios2eds/bin/gnu/h-i686-mingw32/bin/../lib/gcc/nios2-elf/4.1.2/../../../../nios2-elf/lib/mno-hw-mul\libsmallc.a(lib_a-atexit.o)
 .debug_pubnames
                0x000005ae       0x1b d:/quartus/nios2eds/bin/gnu/h-i686-mingw32/bin/../lib/gcc/nios2-elf/4.1.2/../../../../nios2-elf/lib/mno-hw-mul\libsmallc.a(lib_a-exit.o)
 .debug_pubnames
                0x000005c9       0x1d d:/quartus/nios2eds/bin/gnu/h-i686-mingw32/bin/../lib/gcc/nios2-elf/4.1.2/../../../../nios2-elf/lib/mno-hw-mul\libsmallc.a(lib_a-memcmp.o)
 .debug_pubnames
                0x000005e6       0x2a d:/quartus/nios2eds/bin/gnu/h-i686-mingw32/bin/../lib/gcc/nios2-elf/4.1.2/../../../../nios2-elf/lib/mno-hw-mul\libsmallc.a(lib_a-__atexit.o)
 .debug_pubnames
                0x00000610       0x27 d:/quartus/nios2eds/bin/gnu/h-i686-mingw32/bin/../lib/gcc/nios2-elf/4.1.2/../../../../nios2-elf/lib/mno-hw-mul\libsmallc.a(lib_a-__call_atexit.o)
 .debug_pubnames
                0x00000637       0x1c ../bai1_bsp/\libhal_bsp.a(alt_exit.o)

.debug_info     0x00000000     0x86bf
 *(.debug_info .gnu.linkonce.wi.*)
 .debug_info    0x00000000       0x5b ../bai1_bsp//obj/HAL/src/crt0.o
 .debug_info    0x0000005b      0x132 obj/default/hello_world.o
 .debug_info    0x0000018d      0x6c8 d:/quartus/nios2eds/bin/gnu/h-i686-mingw32/bin/../lib/gcc/nios2-elf/4.1.2/../../../../nios2-elf/lib/mno-hw-mul\libsmallc.a(lib_a-printf.o)
 .debug_info    0x00000855      0x9b6 d:/quartus/nios2eds/bin/gnu/h-i686-mingw32/bin/../lib/gcc/nios2-elf/4.1.2/../../../../nios2-elf/lib/mno-hw-mul\libsmallc.a(lib_a-vfprintf.o)
 .debug_info    0x0000120b      0x68e d:/quartus/nios2eds/bin/gnu/h-i686-mingw32/bin/../lib/gcc/nios2-elf/4.1.2/../../../../nios2-elf/lib/mno-hw-mul\libsmallc.a(lib_a-fvwrite_small_dev.o)
 .debug_info    0x00001899      0x636 d:/quartus/nios2eds/bin/gnu/h-i686-mingw32/bin/../lib/gcc/nios2-elf/4.1.2/../../../../nios2-elf/lib/mno-hw-mul\libsmallc.a(lib_a-impure.o)
 .debug_info    0x00001ecf       0xc2 d:/quartus/nios2eds/bin/gnu/h-i686-mingw32/bin/../lib/gcc/nios2-elf/4.1.2/../../../../nios2-elf/lib/mno-hw-mul\libsmallc.a(lib_a-strlen.o)
 .debug_info    0x00001f91      0x68c d:/quartus/nios2eds/bin/gnu/h-i686-mingw32/bin/../lib/gcc/nios2-elf/4.1.2/../../../../nios2-elf/lib/mno-hw-mul\libsmallc.a(lib_a-writer.o)
 .debug_info    0x0000261d       0x8c d:/quartus/nios2eds/bin/gnu/h-i686-mingw32/bin/../lib/gcc/nios2-elf/4.1.2/../../../../nios2-elf/lib/mno-hw-mul\libsmallc.a(lib_a-int_errno.o)
 .debug_info    0x000026a9      0x21c d:/quartus/nios2eds/bin/gnu/h-i686-mingw32/bin/../lib/gcc/nios2-elf/4.1.2/mno-hw-mul\libgcc.a(lib2-divmod.o)
 .debug_info    0x000028c5       0xf3 d:/quartus/nios2eds/bin/gnu/h-i686-mingw32/bin/../lib/gcc/nios2-elf/4.1.2/mno-hw-mul\libgcc.a(lib2-mul.o)
 .debug_info    0x000029b8      0x26d ../bai1_bsp/\libhal_bsp.a(alt_load.o)
 .debug_info    0x00002c25      0x205 ../bai1_bsp/\libhal_bsp.a(alt_main.o)
 .debug_info    0x00002e2a      0x673 ../bai1_bsp/\libhal_bsp.a(alt_write.o)
 .debug_info    0x0000349d      0x559 ../bai1_bsp/\libhal_bsp.a(alt_sys_init.o)
 .debug_info    0x000039f6      0x599 ../bai1_bsp/\libhal_bsp.a(altera_avalon_jtag_uart_fd.o)
 .debug_info    0x00003f8f      0x2e9 ../bai1_bsp/\libhal_bsp.a(altera_avalon_jtag_uart_read.o)
 .debug_info    0x00004278      0x2c6 ../bai1_bsp/\libhal_bsp.a(altera_avalon_jtag_uart_write.o)
 .debug_info    0x0000453e      0x447 ../bai1_bsp/\libhal_bsp.a(alt_close.o)
 .debug_info    0x00004985      0x13c ../bai1_bsp/\libhal_bsp.a(alt_dcache_flush_all.o)
 .debug_info    0x00004ac1      0x65f ../bai1_bsp/\libhal_bsp.a(alt_dev.o)
 .debug_info    0x00005120      0x297 ../bai1_bsp/\libhal_bsp.a(alt_dev_llist_insert.o)
 .debug_info    0x000053b7       0xef ../bai1_bsp/\libhal_bsp.a(alt_do_ctors.o)
 .debug_info    0x000054a6       0xee ../bai1_bsp/\libhal_bsp.a(alt_do_dtors.o)
 .debug_info    0x00005594      0x144 ../bai1_bsp/\libhal_bsp.a(alt_errno.o)
 .debug_info    0x000056d8      0x13c ../bai1_bsp/\libhal_bsp.a(alt_icache_flush_all.o)
 .debug_info    0x00005814      0x675 ../bai1_bsp/\libhal_bsp.a(alt_io_redirect.o)
 .debug_info    0x00005e89      0x505 ../bai1_bsp/\libhal_bsp.a(alt_open.o)
 .debug_info    0x0000638e      0x3d2 ../bai1_bsp/\libhal_bsp.a(alt_release_fd.o)
 .debug_info    0x00006760      0x143 ../bai1_bsp/\libhal_bsp.a(altera_nios2_qsys_irq.o)
 .debug_info    0x000068a3      0x3f8 ../bai1_bsp/\libhal_bsp.a(alt_find_dev.o)
 .debug_info    0x00006c9b      0x3ff ../bai1_bsp/\libhal_bsp.a(alt_find_file.o)
 .debug_info    0x0000709a      0x440 ../bai1_bsp/\libhal_bsp.a(alt_get_fd.o)
 .debug_info    0x000074da      0x186 d:/quartus/nios2eds/bin/gnu/h-i686-mingw32/bin/../lib/gcc/nios2-elf/4.1.2/../../../../nios2-elf/lib/mno-hw-mul\libsmallc.a(lib_a-atexit.o)
 .debug_info    0x00007660       0x9f d:/quartus/nios2eds/bin/gnu/h-i686-mingw32/bin/../lib/gcc/nios2-elf/4.1.2/../../../../nios2-elf/lib/mno-hw-mul\libsmallc.a(lib_a-exit.o)
 .debug_info    0x000076ff       0xef d:/quartus/nios2eds/bin/gnu/h-i686-mingw32/bin/../lib/gcc/nios2-elf/4.1.2/../../../../nios2-elf/lib/mno-hw-mul\libsmallc.a(lib_a-memcmp.o)
 .debug_info    0x000077ee      0x68f d:/quartus/nios2eds/bin/gnu/h-i686-mingw32/bin/../lib/gcc/nios2-elf/4.1.2/../../../../nios2-elf/lib/mno-hw-mul\libsmallc.a(lib_a-__atexit.o)
 .debug_info    0x00007e7d      0x6d5 d:/quartus/nios2eds/bin/gnu/h-i686-mingw32/bin/../lib/gcc/nios2-elf/4.1.2/../../../../nios2-elf/lib/mno-hw-mul\libsmallc.a(lib_a-__call_atexit.o)
 .debug_info    0x00008552      0x16d ../bai1_bsp/\libhal_bsp.a(alt_exit.o)

.debug_abbrev   0x00000000     0x1f7c
 *(.debug_abbrev)
 .debug_abbrev  0x00000000       0x12 ../bai1_bsp//obj/HAL/src/crt0.o
 .debug_abbrev  0x00000012       0x4c obj/default/hello_world.o
 .debug_abbrev  0x0000005e      0x179 d:/quartus/nios2eds/bin/gnu/h-i686-mingw32/bin/../lib/gcc/nios2-elf/4.1.2/../../../../nios2-elf/lib/mno-hw-mul\libsmallc.a(lib_a-printf.o)
 .debug_abbrev  0x000001d7      0x263 d:/quartus/nios2eds/bin/gnu/h-i686-mingw32/bin/../lib/gcc/nios2-elf/4.1.2/../../../../nios2-elf/lib/mno-hw-mul\libsmallc.a(lib_a-vfprintf.o)
 .debug_abbrev  0x0000043a      0x179 d:/quartus/nios2eds/bin/gnu/h-i686-mingw32/bin/../lib/gcc/nios2-elf/4.1.2/../../../../nios2-elf/lib/mno-hw-mul\libsmallc.a(lib_a-fvwrite_small_dev.o)
 .debug_abbrev  0x000005b3      0x13f d:/quartus/nios2eds/bin/gnu/h-i686-mingw32/bin/../lib/gcc/nios2-elf/4.1.2/../../../../nios2-elf/lib/mno-hw-mul\libsmallc.a(lib_a-impure.o)
 .debug_abbrev  0x000006f2       0x7a d:/quartus/nios2eds/bin/gnu/h-i686-mingw32/bin/../lib/gcc/nios2-elf/4.1.2/../../../../nios2-elf/lib/mno-hw-mul\libsmallc.a(lib_a-strlen.o)
 .debug_abbrev  0x0000076c      0x16c d:/quartus/nios2eds/bin/gnu/h-i686-mingw32/bin/../lib/gcc/nios2-elf/4.1.2/../../../../nios2-elf/lib/mno-hw-mul\libsmallc.a(lib_a-writer.o)
 .debug_abbrev  0x000008d8       0x3b d:/quartus/nios2eds/bin/gnu/h-i686-mingw32/bin/../lib/gcc/nios2-elf/4.1.2/../../../../nios2-elf/lib/mno-hw-mul\libsmallc.a(lib_a-int_errno.o)
 .debug_abbrev  0x00000913       0xe0 d:/quartus/nios2eds/bin/gnu/h-i686-mingw32/bin/../lib/gcc/nios2-elf/4.1.2/mno-hw-mul\libgcc.a(lib2-divmod.o)
 .debug_abbrev  0x000009f3       0x7b d:/quartus/nios2eds/bin/gnu/h-i686-mingw32/bin/../lib/gcc/nios2-elf/4.1.2/mno-hw-mul\libgcc.a(lib2-mul.o)
 .debug_abbrev  0x00000a6e       0x88 ../bai1_bsp/\libhal_bsp.a(alt_load.o)
 .debug_abbrev  0x00000af6       0xb7 ../bai1_bsp/\libhal_bsp.a(alt_main.o)
 .debug_abbrev  0x00000bad      0x100 ../bai1_bsp/\libhal_bsp.a(alt_write.o)
 .debug_abbrev  0x00000cad      0x121 ../bai1_bsp/\libhal_bsp.a(alt_sys_init.o)
 .debug_abbrev  0x00000dce       0xcb ../bai1_bsp/\libhal_bsp.a(altera_avalon_jtag_uart_fd.o)
 .debug_abbrev  0x00000e99       0xb6 ../bai1_bsp/\libhal_bsp.a(altera_avalon_jtag_uart_read.o)
 .debug_abbrev  0x00000f4f       0xb4 ../bai1_bsp/\libhal_bsp.a(altera_avalon_jtag_uart_write.o)
 .debug_abbrev  0x00001003       0xfb ../bai1_bsp/\libhal_bsp.a(alt_close.o)
 .debug_abbrev  0x000010fe       0x3f ../bai1_bsp/\libhal_bsp.a(alt_dcache_flush_all.o)
 .debug_abbrev  0x0000113d       0xc7 ../bai1_bsp/\libhal_bsp.a(alt_dev.o)
 .debug_abbrev  0x00001204       0xf6 ../bai1_bsp/\libhal_bsp.a(alt_dev_llist_insert.o)
 .debug_abbrev  0x000012fa       0x76 ../bai1_bsp/\libhal_bsp.a(alt_do_ctors.o)
 .debug_abbrev  0x00001370       0x76 ../bai1_bsp/\libhal_bsp.a(alt_do_dtors.o)
 .debug_abbrev  0x000013e6       0x5e ../bai1_bsp/\libhal_bsp.a(alt_errno.o)
 .debug_abbrev  0x00001444       0x3f ../bai1_bsp/\libhal_bsp.a(alt_icache_flush_all.o)
 .debug_abbrev  0x00001483       0xf0 ../bai1_bsp/\libhal_bsp.a(alt_io_redirect.o)
 .debug_abbrev  0x00001573      0x112 ../bai1_bsp/\libhal_bsp.a(alt_open.o)
 .debug_abbrev  0x00001685       0xc1 ../bai1_bsp/\libhal_bsp.a(alt_release_fd.o)
 .debug_abbrev  0x00001746       0x3f ../bai1_bsp/\libhal_bsp.a(altera_nios2_qsys_irq.o)
 .debug_abbrev  0x00001785       0xcf ../bai1_bsp/\libhal_bsp.a(alt_find_dev.o)
 .debug_abbrev  0x00001854       0xcf ../bai1_bsp/\libhal_bsp.a(alt_find_file.o)
 .debug_abbrev  0x00001923       0xfb ../bai1_bsp/\libhal_bsp.a(alt_get_fd.o)
 .debug_abbrev  0x00001a1e       0xc6 d:/quartus/nios2eds/bin/gnu/h-i686-mingw32/bin/../lib/gcc/nios2-elf/4.1.2/../../../../nios2-elf/lib/mno-hw-mul\libsmallc.a(lib_a-atexit.o)
 .debug_abbrev  0x00001ae4       0x4e d:/quartus/nios2eds/bin/gnu/h-i686-mingw32/bin/../lib/gcc/nios2-elf/4.1.2/../../../../nios2-elf/lib/mno-hw-mul\libsmallc.a(lib_a-exit.o)
 .debug_abbrev  0x00001b32       0x7c d:/quartus/nios2eds/bin/gnu/h-i686-mingw32/bin/../lib/gcc/nios2-elf/4.1.2/../../../../nios2-elf/lib/mno-hw-mul\libsmallc.a(lib_a-memcmp.o)
 .debug_abbrev  0x00001bae      0x196 d:/quartus/nios2eds/bin/gnu/h-i686-mingw32/bin/../lib/gcc/nios2-elf/4.1.2/../../../../nios2-elf/lib/mno-hw-mul\libsmallc.a(lib_a-__atexit.o)
 .debug_abbrev  0x00001d44      0x1c6 d:/quartus/nios2eds/bin/gnu/h-i686-mingw32/bin/../lib/gcc/nios2-elf/4.1.2/../../../../nios2-elf/lib/mno-hw-mul\libsmallc.a(lib_a-__call_atexit.o)
 .debug_abbrev  0x00001f0a       0x72 ../bai1_bsp/\libhal_bsp.a(alt_exit.o)

.debug_line     0x00000000     0x5899
 *(.debug_line)
 .debug_line    0x00000000       0x66 ../bai1_bsp//obj/HAL/src/crt0.o
 .debug_line    0x00000066      0x208 obj/default/hello_world.o
 .debug_line    0x0000026e      0x2be d:/quartus/nios2eds/bin/gnu/h-i686-mingw32/bin/../lib/gcc/nios2-elf/4.1.2/../../../../nios2-elf/lib/mno-hw-mul\libsmallc.a(lib_a-printf.o)
 .debug_line    0x0000052c      0x666 d:/quartus/nios2eds/bin/gnu/h-i686-mingw32/bin/../lib/gcc/nios2-elf/4.1.2/../../../../nios2-elf/lib/mno-hw-mul\libsmallc.a(lib_a-vfprintf.o)
 .debug_line    0x00000b92      0x2a9 d:/quartus/nios2eds/bin/gnu/h-i686-mingw32/bin/../lib/gcc/nios2-elf/4.1.2/../../../../nios2-elf/lib/mno-hw-mul\libsmallc.a(lib_a-fvwrite_small_dev.o)
 .debug_line    0x00000e3b      0x230 d:/quartus/nios2eds/bin/gnu/h-i686-mingw32/bin/../lib/gcc/nios2-elf/4.1.2/../../../../nios2-elf/lib/mno-hw-mul\libsmallc.a(lib_a-impure.o)
 .debug_line    0x0000106b      0x250 d:/quartus/nios2eds/bin/gnu/h-i686-mingw32/bin/../lib/gcc/nios2-elf/4.1.2/../../../../nios2-elf/lib/mno-hw-mul\libsmallc.a(lib_a-strlen.o)
 .debug_line    0x000012bb      0x29d d:/quartus/nios2eds/bin/gnu/h-i686-mingw32/bin/../lib/gcc/nios2-elf/4.1.2/../../../../nios2-elf/lib/mno-hw-mul\libsmallc.a(lib_a-writer.o)
 .debug_line    0x00001558      0x1e2 d:/quartus/nios2eds/bin/gnu/h-i686-mingw32/bin/../lib/gcc/nios2-elf/4.1.2/../../../../nios2-elf/lib/mno-hw-mul\libsmallc.a(lib_a-int_errno.o)
 .debug_line    0x0000173a      0x24f d:/quartus/nios2eds/bin/gnu/h-i686-mingw32/bin/../lib/gcc/nios2-elf/4.1.2/mno-hw-mul\libgcc.a(lib2-divmod.o)
 .debug_line    0x00001989      0x11a d:/quartus/nios2eds/bin/gnu/h-i686-mingw32/bin/../lib/gcc/nios2-elf/4.1.2/mno-hw-mul\libgcc.a(lib2-mul.o)
 .debug_line    0x00001aa3      0x209 ../bai1_bsp/\libhal_bsp.a(alt_load.o)
 .debug_line    0x00001cac      0x2bc ../bai1_bsp/\libhal_bsp.a(alt_main.o)
 .debug_line    0x00001f68      0x2bb ../bai1_bsp/\libhal_bsp.a(alt_write.o)
 .debug_line    0x00002223      0x298 ../bai1_bsp/\libhal_bsp.a(alt_sys_init.o)
 .debug_line    0x000024bb      0x1d0 ../bai1_bsp/\libhal_bsp.a(altera_avalon_jtag_uart_fd.o)
 .debug_line    0x0000268b      0x335 ../bai1_bsp/\libhal_bsp.a(altera_avalon_jtag_uart_read.o)
 .debug_line    0x000029c0      0x2f6 ../bai1_bsp/\libhal_bsp.a(altera_avalon_jtag_uart_write.o)
 .debug_line    0x00002cb6      0x28b ../bai1_bsp/\libhal_bsp.a(alt_close.o)
 .debug_line    0x00002f41      0x1a7 ../bai1_bsp/\libhal_bsp.a(alt_dcache_flush_all.o)
 .debug_line    0x000030e8      0x246 ../bai1_bsp/\libhal_bsp.a(alt_dev.o)
 .debug_line    0x0000332e      0x24c ../bai1_bsp/\libhal_bsp.a(alt_dev_llist_insert.o)
 .debug_line    0x0000357a       0x83 ../bai1_bsp/\libhal_bsp.a(alt_do_ctors.o)
 .debug_line    0x000035fd       0x83 ../bai1_bsp/\libhal_bsp.a(alt_do_dtors.o)
 .debug_line    0x00003680      0x19c ../bai1_bsp/\libhal_bsp.a(alt_errno.o)
 .debug_line    0x0000381c      0x1a7 ../bai1_bsp/\libhal_bsp.a(alt_icache_flush_all.o)
 .debug_line    0x000039c3      0x2a6 ../bai1_bsp/\libhal_bsp.a(alt_io_redirect.o)
 .debug_line    0x00003c69      0x2f1 ../bai1_bsp/\libhal_bsp.a(alt_open.o)
 .debug_line    0x00003f5a       0xed ../bai1_bsp/\libhal_bsp.a(alt_release_fd.o)
 .debug_line    0x00004047      0x1c0 ../bai1_bsp/\libhal_bsp.a(altera_nios2_qsys_irq.o)
 .debug_line    0x00004207      0x25d ../bai1_bsp/\libhal_bsp.a(alt_find_dev.o)
 .debug_line    0x00004464      0x26e ../bai1_bsp/\libhal_bsp.a(alt_find_file.o)
 .debug_line    0x000046d2      0x289 ../bai1_bsp/\libhal_bsp.a(alt_get_fd.o)
 .debug_line    0x0000495b      0x203 d:/quartus/nios2eds/bin/gnu/h-i686-mingw32/bin/../lib/gcc/nios2-elf/4.1.2/../../../../nios2-elf/lib/mno-hw-mul\libsmallc.a(lib_a-atexit.o)
 .debug_line    0x00004b5e      0x223 d:/quartus/nios2eds/bin/gnu/h-i686-mingw32/bin/../lib/gcc/nios2-elf/4.1.2/../../../../nios2-elf/lib/mno-hw-mul\libsmallc.a(lib_a-exit.o)
 .debug_line    0x00004d81      0x270 d:/quartus/nios2eds/bin/gnu/h-i686-mingw32/bin/../lib/gcc/nios2-elf/4.1.2/../../../../nios2-elf/lib/mno-hw-mul\libsmallc.a(lib_a-memcmp.o)
 .debug_line    0x00004ff1      0x350 d:/quartus/nios2eds/bin/gnu/h-i686-mingw32/bin/../lib/gcc/nios2-elf/4.1.2/../../../../nios2-elf/lib/mno-hw-mul\libsmallc.a(lib_a-__atexit.o)
 .debug_line    0x00005341      0x360 d:/quartus/nios2eds/bin/gnu/h-i686-mingw32/bin/../lib/gcc/nios2-elf/4.1.2/../../../../nios2-elf/lib/mno-hw-mul\libsmallc.a(lib_a-__call_atexit.o)
 .debug_line    0x000056a1      0x1f8 ../bai1_bsp/\libhal_bsp.a(alt_exit.o)

.debug_frame    0x00000000      0x7d4
 *(.debug_frame)
 .debug_frame   0x00000000       0x2c obj/default/hello_world.o
 .debug_frame   0x0000002c       0x40 d:/quartus/nios2eds/bin/gnu/h-i686-mingw32/bin/../lib/gcc/nios2-elf/4.1.2/../../../../nios2-elf/lib/mno-hw-mul\libsmallc.a(lib_a-printf.o)
 .debug_frame   0x0000006c       0x64 d:/quartus/nios2eds/bin/gnu/h-i686-mingw32/bin/../lib/gcc/nios2-elf/4.1.2/../../../../nios2-elf/lib/mno-hw-mul\libsmallc.a(lib_a-vfprintf.o)
 .debug_frame   0x000000d0       0x30 d:/quartus/nios2eds/bin/gnu/h-i686-mingw32/bin/../lib/gcc/nios2-elf/4.1.2/../../../../nios2-elf/lib/mno-hw-mul\libsmallc.a(lib_a-fvwrite_small_dev.o)
 .debug_frame   0x00000100       0x20 d:/quartus/nios2eds/bin/gnu/h-i686-mingw32/bin/../lib/gcc/nios2-elf/4.1.2/../../../../nios2-elf/lib/mno-hw-mul\libsmallc.a(lib_a-strlen.o)
 .debug_frame   0x00000120       0x2c d:/quartus/nios2eds/bin/gnu/h-i686-mingw32/bin/../lib/gcc/nios2-elf/4.1.2/../../../../nios2-elf/lib/mno-hw-mul\libsmallc.a(lib_a-writer.o)
 .debug_frame   0x0000014c       0x70 d:/quartus/nios2eds/bin/gnu/h-i686-mingw32/bin/../lib/gcc/nios2-elf/4.1.2/mno-hw-mul\libgcc.a(lib2-divmod.o)
 .debug_frame   0x000001bc       0x20 d:/quartus/nios2eds/bin/gnu/h-i686-mingw32/bin/../lib/gcc/nios2-elf/4.1.2/mno-hw-mul\libgcc.a(lib2-mul.o)
 .debug_frame   0x000001dc       0x48 ../bai1_bsp/\libhal_bsp.a(alt_load.o)
 .debug_frame   0x00000224       0x2c ../bai1_bsp/\libhal_bsp.a(alt_main.o)
 .debug_frame   0x00000250       0x48 ../bai1_bsp/\libhal_bsp.a(alt_write.o)
 .debug_frame   0x00000298       0x64 ../bai1_bsp/\libhal_bsp.a(alt_sys_init.o)
 .debug_frame   0x000002fc       0x48 ../bai1_bsp/\libhal_bsp.a(altera_avalon_jtag_uart_fd.o)
 .debug_frame   0x00000344       0x2c ../bai1_bsp/\libhal_bsp.a(altera_avalon_jtag_uart_read.o)
 .debug_frame   0x00000370       0x2c ../bai1_bsp/\libhal_bsp.a(altera_avalon_jtag_uart_write.o)
 .debug_frame   0x0000039c       0x48 ../bai1_bsp/\libhal_bsp.a(alt_close.o)
 .debug_frame   0x000003e4       0x2c ../bai1_bsp/\libhal_bsp.a(alt_dcache_flush_all.o)
 .debug_frame   0x00000410       0x2c ../bai1_bsp/\libhal_bsp.a(alt_dev.o)
 .debug_frame   0x0000043c       0x48 ../bai1_bsp/\libhal_bsp.a(alt_dev_llist_insert.o)
 .debug_frame   0x00000484       0x2c ../bai1_bsp/\libhal_bsp.a(alt_do_ctors.o)
 .debug_frame   0x000004b0       0x2c ../bai1_bsp/\libhal_bsp.a(alt_do_dtors.o)
 .debug_frame   0x000004dc       0x2c ../bai1_bsp/\libhal_bsp.a(alt_icache_flush_all.o)
 .debug_frame   0x00000508       0x4c ../bai1_bsp/\libhal_bsp.a(alt_io_redirect.o)
 .debug_frame   0x00000554       0x68 ../bai1_bsp/\libhal_bsp.a(alt_open.o)
 .debug_frame   0x000005bc       0x30 ../bai1_bsp/\libhal_bsp.a(alt_release_fd.o)
 .debug_frame   0x000005ec       0x2c ../bai1_bsp/\libhal_bsp.a(altera_nios2_qsys_irq.o)
 .debug_frame   0x00000618       0x2c ../bai1_bsp/\libhal_bsp.a(alt_find_dev.o)
 .debug_frame   0x00000644       0x2c ../bai1_bsp/\libhal_bsp.a(alt_find_file.o)
 .debug_frame   0x00000670       0x30 ../bai1_bsp/\libhal_bsp.a(alt_get_fd.o)
 .debug_frame   0x000006a0       0x20 d:/quartus/nios2eds/bin/gnu/h-i686-mingw32/bin/../lib/gcc/nios2-elf/4.1.2/../../../../nios2-elf/lib/mno-hw-mul\libsmallc.a(lib_a-atexit.o)
 .debug_frame   0x000006c0       0x2c d:/quartus/nios2eds/bin/gnu/h-i686-mingw32/bin/../lib/gcc/nios2-elf/4.1.2/../../../../nios2-elf/lib/mno-hw-mul\libsmallc.a(lib_a-exit.o)
 .debug_frame   0x000006ec       0x20 d:/quartus/nios2eds/bin/gnu/h-i686-mingw32/bin/../lib/gcc/nios2-elf/4.1.2/../../../../nios2-elf/lib/mno-hw-mul\libsmallc.a(lib_a-memcmp.o)
 .debug_frame   0x0000070c       0x34 d:/quartus/nios2eds/bin/gnu/h-i686-mingw32/bin/../lib/gcc/nios2-elf/4.1.2/../../../../nios2-elf/lib/mno-hw-mul\libsmallc.a(lib_a-__atexit.o)
 .debug_frame   0x00000740       0x4c d:/quartus/nios2eds/bin/gnu/h-i686-mingw32/bin/../lib/gcc/nios2-elf/4.1.2/../../../../nios2-elf/lib/mno-hw-mul\libsmallc.a(lib_a-__call_atexit.o)
 .debug_frame   0x0000078c       0x48 ../bai1_bsp/\libhal_bsp.a(alt_exit.o)

.debug_str      0x00000000      0xd2e
 *(.debug_str)
 .debug_str     0x00000000       0x12 obj/default/hello_world.o
 .debug_str     0x00000012      0x406 d:/quartus/nios2eds/bin/gnu/h-i686-mingw32/bin/../lib/gcc/nios2-elf/4.1.2/../../../../nios2-elf/lib/mno-hw-mul\libsmallc.a(lib_a-printf.o)
                                0x466 (size before relaxing)
 .debug_str     0x00000418      0x168 d:/quartus/nios2eds/bin/gnu/h-i686-mingw32/bin/../lib/gcc/nios2-elf/4.1.2/../../../../nios2-elf/lib/mno-hw-mul\libsmallc.a(lib_a-vfprintf.o)
                                0x5af (size before relaxing)
 .debug_str     0x00000580       0x70 d:/quartus/nios2eds/bin/gnu/h-i686-mingw32/bin/../lib/gcc/nios2-elf/4.1.2/../../../../nios2-elf/lib/mno-hw-mul\libsmallc.a(lib_a-fvwrite_small_dev.o)
                                0x46a (size before relaxing)
 .debug_str     0x000005f0       0xf8 d:/quartus/nios2eds/bin/gnu/h-i686-mingw32/bin/../lib/gcc/nios2-elf/4.1.2/../../../../nios2-elf/lib/mno-hw-mul\libsmallc.a(lib_a-impure.o)
                                0x45d (size before relaxing)
 .debug_str     0x000006e8       0xe2 d:/quartus/nios2eds/bin/gnu/h-i686-mingw32/bin/../lib/gcc/nios2-elf/4.1.2/../../../../nios2-elf/lib/mno-hw-mul\libsmallc.a(lib_a-strlen.o)
                                0x184 (size before relaxing)
 .debug_str     0x000007ca       0x4f d:/quartus/nios2eds/bin/gnu/h-i686-mingw32/bin/../lib/gcc/nios2-elf/4.1.2/../../../../nios2-elf/lib/mno-hw-mul\libsmallc.a(lib_a-writer.o)
                                0x451 (size before relaxing)
 .debug_str     0x00000819       0x40 d:/quartus/nios2eds/bin/gnu/h-i686-mingw32/bin/../lib/gcc/nios2-elf/4.1.2/../../../../nios2-elf/lib/mno-hw-mul\libsmallc.a(lib_a-int_errno.o)
                                0x177 (size before relaxing)
 .debug_str     0x00000859      0x10b d:/quartus/nios2eds/bin/gnu/h-i686-mingw32/bin/../lib/gcc/nios2-elf/4.1.2/mno-hw-mul\libgcc.a(lib2-divmod.o)
                                0x1b4 (size before relaxing)
 .debug_str     0x00000964       0x37 d:/quartus/nios2eds/bin/gnu/h-i686-mingw32/bin/../lib/gcc/nios2-elf/4.1.2/mno-hw-mul\libgcc.a(lib2-mul.o)
                                0x175 (size before relaxing)
 .debug_str     0x0000099b       0x12 ../bai1_bsp/\libhal_bsp.a(alt_load.o)
 .debug_str     0x000009ad       0x12 ../bai1_bsp/\libhal_bsp.a(alt_main.o)
 .debug_str     0x000009bf       0x12 ../bai1_bsp/\libhal_bsp.a(alt_write.o)
 .debug_str     0x000009d1       0x12 ../bai1_bsp/\libhal_bsp.a(alt_sys_init.o)
 .debug_str     0x000009e3       0x12 ../bai1_bsp/\libhal_bsp.a(altera_avalon_jtag_uart_read.o)
 .debug_str     0x000009f5       0x12 ../bai1_bsp/\libhal_bsp.a(altera_avalon_jtag_uart_write.o)
 .debug_str     0x00000a07       0x12 ../bai1_bsp/\libhal_bsp.a(alt_close.o)
 .debug_str     0x00000a19       0x12 ../bai1_bsp/\libhal_bsp.a(alt_dcache_flush_all.o)
 .debug_str     0x00000a2b       0x12 ../bai1_bsp/\libhal_bsp.a(alt_dev.o)
 .debug_str     0x00000a3d       0x12 ../bai1_bsp/\libhal_bsp.a(alt_dev_llist_insert.o)
 .debug_str     0x00000a4f       0x12 ../bai1_bsp/\libhal_bsp.a(alt_errno.o)
 .debug_str     0x00000a61       0x12 ../bai1_bsp/\libhal_bsp.a(alt_icache_flush_all.o)
 .debug_str     0x00000a73       0x12 ../bai1_bsp/\libhal_bsp.a(alt_io_redirect.o)
 .debug_str     0x00000a85       0x12 ../bai1_bsp/\libhal_bsp.a(alt_open.o)
 .debug_str     0x00000a97       0x12 ../bai1_bsp/\libhal_bsp.a(altera_nios2_qsys_irq.o)
 .debug_str     0x00000aa9       0x12 ../bai1_bsp/\libhal_bsp.a(alt_find_dev.o)
 .debug_str     0x00000abb       0x12 ../bai1_bsp/\libhal_bsp.a(alt_find_file.o)
 .debug_str     0x00000acd       0x12 ../bai1_bsp/\libhal_bsp.a(alt_get_fd.o)
 .debug_str     0x00000adf       0xdb d:/quartus/nios2eds/bin/gnu/h-i686-mingw32/bin/../lib/gcc/nios2-elf/4.1.2/../../../../nios2-elf/lib/mno-hw-mul\libsmallc.a(lib_a-atexit.o)
                                0x1e5 (size before relaxing)
 .debug_str     0x00000bba       0x41 d:/quartus/nios2eds/bin/gnu/h-i686-mingw32/bin/../lib/gcc/nios2-elf/4.1.2/../../../../nios2-elf/lib/mno-hw-mul\libsmallc.a(lib_a-exit.o)
                                0x178 (size before relaxing)
 .debug_str     0x00000bfb       0x45 d:/quartus/nios2eds/bin/gnu/h-i686-mingw32/bin/../lib/gcc/nios2-elf/4.1.2/../../../../nios2-elf/lib/mno-hw-mul\libsmallc.a(lib_a-memcmp.o)
                                0x17e (size before relaxing)
 .debug_str     0x00000c40       0x54 d:/quartus/nios2eds/bin/gnu/h-i686-mingw32/bin/../lib/gcc/nios2-elf/4.1.2/../../../../nios2-elf/lib/mno-hw-mul\libsmallc.a(lib_a-__atexit.o)
                                0x467 (size before relaxing)
 .debug_str     0x00000c94       0x7e d:/quartus/nios2eds/bin/gnu/h-i686-mingw32/bin/../lib/gcc/nios2-elf/4.1.2/../../../../nios2-elf/lib/mno-hw-mul\libsmallc.a(lib_a-__call_atexit.o)
                                0x491 (size before relaxing)
 .debug_str     0x00000d12       0x1c ../bai1_bsp/\libhal_bsp.a(alt_exit.o)

.debug_loc      0x00000000     0x16c0
 *(.debug_loc)
 .debug_loc     0x00000000       0x2b obj/default/hello_world.o
 .debug_loc     0x0000002b       0x8d d:/quartus/nios2eds/bin/gnu/h-i686-mingw32/bin/../lib/gcc/nios2-elf/4.1.2/../../../../nios2-elf/lib/mno-hw-mul\libsmallc.a(lib_a-printf.o)
 .debug_loc     0x000000b8      0x878 d:/quartus/nios2eds/bin/gnu/h-i686-mingw32/bin/../lib/gcc/nios2-elf/4.1.2/../../../../nios2-elf/lib/mno-hw-mul\libsmallc.a(lib_a-vfprintf.o)
 .debug_loc     0x00000930      0x162 d:/quartus/nios2eds/bin/gnu/h-i686-mingw32/bin/../lib/gcc/nios2-elf/4.1.2/../../../../nios2-elf/lib/mno-hw-mul\libsmallc.a(lib_a-fvwrite_small_dev.o)
 .debug_loc     0x00000a92       0x1e d:/quartus/nios2eds/bin/gnu/h-i686-mingw32/bin/../lib/gcc/nios2-elf/4.1.2/../../../../nios2-elf/lib/mno-hw-mul\libsmallc.a(lib_a-strlen.o)
 .debug_loc     0x00000ab0       0x97 d:/quartus/nios2eds/bin/gnu/h-i686-mingw32/bin/../lib/gcc/nios2-elf/4.1.2/../../../../nios2-elf/lib/mno-hw-mul\libsmallc.a(lib_a-writer.o)
 .debug_loc     0x00000b47      0x1d2 d:/quartus/nios2eds/bin/gnu/h-i686-mingw32/bin/../lib/gcc/nios2-elf/4.1.2/mno-hw-mul\libgcc.a(lib2-divmod.o)
 .debug_loc     0x00000d19       0x4f d:/quartus/nios2eds/bin/gnu/h-i686-mingw32/bin/../lib/gcc/nios2-elf/4.1.2/mno-hw-mul\libgcc.a(lib2-mul.o)
 .debug_loc     0x00000d68       0x56 ../bai1_bsp/\libhal_bsp.a(alt_load.o)
 .debug_loc     0x00000dbe       0x2b ../bai1_bsp/\libhal_bsp.a(alt_main.o)
 .debug_loc     0x00000de9       0x56 ../bai1_bsp/\libhal_bsp.a(alt_write.o)
 .debug_loc     0x00000e3f       0x81 ../bai1_bsp/\libhal_bsp.a(alt_sys_init.o)
 .debug_loc     0x00000ec0       0x56 ../bai1_bsp/\libhal_bsp.a(altera_avalon_jtag_uart_fd.o)
 .debug_loc     0x00000f16       0x2b ../bai1_bsp/\libhal_bsp.a(altera_avalon_jtag_uart_read.o)
 .debug_loc     0x00000f41       0x2b ../bai1_bsp/\libhal_bsp.a(altera_avalon_jtag_uart_write.o)
 .debug_loc     0x00000f6c       0x56 ../bai1_bsp/\libhal_bsp.a(alt_close.o)
 .debug_loc     0x00000fc2       0x2b ../bai1_bsp/\libhal_bsp.a(alt_dcache_flush_all.o)
 .debug_loc     0x00000fed       0x2b ../bai1_bsp/\libhal_bsp.a(alt_dev.o)
 .debug_loc     0x00001018       0x56 ../bai1_bsp/\libhal_bsp.a(alt_dev_llist_insert.o)
 .debug_loc     0x0000106e       0x2b ../bai1_bsp/\libhal_bsp.a(alt_do_ctors.o)
 .debug_loc     0x00001099       0x2b ../bai1_bsp/\libhal_bsp.a(alt_do_dtors.o)
 .debug_loc     0x000010c4       0x2b ../bai1_bsp/\libhal_bsp.a(alt_icache_flush_all.o)
 .debug_loc     0x000010ef       0x56 ../bai1_bsp/\libhal_bsp.a(alt_io_redirect.o)
 .debug_loc     0x00001145       0x81 ../bai1_bsp/\libhal_bsp.a(alt_open.o)
 .debug_loc     0x000011c6       0x2b ../bai1_bsp/\libhal_bsp.a(alt_release_fd.o)
 .debug_loc     0x000011f1       0x2b ../bai1_bsp/\libhal_bsp.a(altera_nios2_qsys_irq.o)
 .debug_loc     0x0000121c       0x2b ../bai1_bsp/\libhal_bsp.a(alt_find_dev.o)
 .debug_loc     0x00001247       0x2b ../bai1_bsp/\libhal_bsp.a(alt_find_file.o)
 .debug_loc     0x00001272       0x2b ../bai1_bsp/\libhal_bsp.a(alt_get_fd.o)
 .debug_loc     0x0000129d       0x1e d:/quartus/nios2eds/bin/gnu/h-i686-mingw32/bin/../lib/gcc/nios2-elf/4.1.2/../../../../nios2-elf/lib/mno-hw-mul\libsmallc.a(lib_a-atexit.o)
 .debug_loc     0x000012bb       0x3d d:/quartus/nios2eds/bin/gnu/h-i686-mingw32/bin/../lib/gcc/nios2-elf/4.1.2/../../../../nios2-elf/lib/mno-hw-mul\libsmallc.a(lib_a-exit.o)
 .debug_loc     0x000012f8       0x70 d:/quartus/nios2eds/bin/gnu/h-i686-mingw32/bin/../lib/gcc/nios2-elf/4.1.2/../../../../nios2-elf/lib/mno-hw-mul\libsmallc.a(lib_a-memcmp.o)
 .debug_loc     0x00001368      0x141 d:/quartus/nios2eds/bin/gnu/h-i686-mingw32/bin/../lib/gcc/nios2-elf/4.1.2/../../../../nios2-elf/lib/mno-hw-mul\libsmallc.a(lib_a-__atexit.o)
 .debug_loc     0x000014a9      0x1c1 d:/quartus/nios2eds/bin/gnu/h-i686-mingw32/bin/../lib/gcc/nios2-elf/4.1.2/../../../../nios2-elf/lib/mno-hw-mul\libsmallc.a(lib_a-__call_atexit.o)
 .debug_loc     0x0000166a       0x56 ../bai1_bsp/\libhal_bsp.a(alt_exit.o)

.debug_macinfo
 *(.debug_macinfo)

.debug_weaknames
 *(.debug_weaknames)

.debug_funcnames
 *(.debug_funcnames)

.debug_typenames
 *(.debug_typenames)

.debug_varnames
 *(.debug_varnames)

.debug_alt_sim_info
                0x00000000       0x10
 *(.debug_alt_sim_info)
 .debug_alt_sim_info
                0x00000000       0x10 ../bai1_bsp//obj/HAL/src/crt0.o
                0x00010000                __alt_data_end = 0x10000
                0x00010000                PROVIDE (__alt_stack_pointer, __alt_data_end)
                0x0000a714                PROVIDE (__alt_stack_limit, __alt_stack_base)
                0x0000a714                PROVIDE (__alt_heap_start, end)
                0x00010000                PROVIDE (__alt_heap_limit, 0x10000)
OUTPUT(bai1.elf elf32-littlenios2)

.debug_ranges   0x00000000      0x178
 .debug_ranges  0x00000000       0x20 ../bai1_bsp//obj/HAL/src/crt0.o
 .debug_ranges  0x00000020      0x140 d:/quartus/nios2eds/bin/gnu/h-i686-mingw32/bin/../lib/gcc/nios2-elf/4.1.2/../../../../nios2-elf/lib/mno-hw-mul\libsmallc.a(lib_a-vfprintf.o)
 .debug_ranges  0x00000160       0x18 d:/quartus/nios2eds/bin/gnu/h-i686-mingw32/bin/../lib/gcc/nios2-elf/4.1.2/../../../../nios2-elf/lib/mno-hw-mul\libsmallc.a(lib_a-__call_atexit.o)
